04-26 11:24:24.368 I/chatty  ( 1386): uid=1000(system) Binder:1386_A expire 4 lines
04-26 11:24:24.684 I/chatty  ( 1386): uid=1000(system) ActivityManager expire 2 lines
04-26 11:24:24.684 I/chatty  ( 1386): uid=1000(system) MultiTaskManage expire 2 lines
04-26 11:24:24.704 D/ActivityThread(22508): Attach thread to application
04-26 11:24:24.775 I/chatty  ( 1386): uid=1000(system) Thread-41 expire 11 lines
04-26 11:24:24.886 E/ActivityThread(22508): Failed to find provider info for com.tencent.mm.coolassist.debugprovider
04-26 11:24:29.023 I/chatty  ( 1386): uid=1000(system) keyAppHanderThr expire 7 lines
04-26 11:24:29.066 I/chatty  ( 1386): uid=1000(system) Binder:1386_7 expire 14 lines
04-26 11:24:29.071 I/chatty  ( 1386): uid=1000(system) ConnectivitySer expire 1 line
04-26 11:24:29.077 I/chatty  ( 1386): uid=1000(system) Binder:1386_11 expire 4 lines
04-26 11:24:29.092 I/BoosterSwitchP( 1841): notifyUidState do nothing
04-26 11:24:29.092 I/DeepNoDisturbP( 1841): notifyUidState
04-26 11:24:29.092 I/HidataAppQoeP( 1841): notifyUidState
04-26 11:24:29.092 I/BrowserChrP( 1841): notifyUidState
04-26 11:24:29.103 I/chatty  ( 1386): uid=1000(system) Binder:1386_1B expire 1 line
04-26 11:24:29.111 I/BoosterSwitchP( 1841): notifyUidState do nothing
04-26 11:24:29.111 I/DeepNoDisturbP( 1841): notifyUidState
04-26 11:24:29.111 I/HidataAppQoeP( 1841): notifyUidState
04-26 11:24:29.111 I/BrowserChrP( 1841): notifyUidState
04-26 11:24:29.119 I/BoosterSwitchP( 1841): notifyUidState do nothing
04-26 11:24:29.119 I/DeepNoDisturbP( 1841): notifyUidState
04-26 11:24:29.119 I/HidataAppQoeP( 1841): notifyUidState
04-26 11:24:29.119 I/BrowserChrP( 1841): notifyUidState
04-26 11:24:29.165 I/chatty  ( 1386): uid=1000(system) Binder:1386_8 expire 9 lines
04-26 11:24:32.115 I/storaged(  692): storaged_t::event: storage_info refreshed.
04-26 11:24:32.420 I/chatty  ( 1386): uid=1000(system) UEventObserver expire 10 lines
04-26 11:24:34.759 I/chatty  ( 1386): uid=1000(system) watchdog expire 7 lines
04-26 11:24:35.226 I/chatty  ( 1386): uid=1000(system) Binder:1386_10 expire 3 lines
04-26 11:24:35.240 I/BoosterSwitchP( 1841): notifyUidState do nothing
04-26 11:24:35.240 I/DeepNoDisturbP( 1841): notifyUidState
04-26 11:24:35.240 I/HidataAppQoeP( 1841): notifyUidState
04-26 11:24:35.240 I/BrowserChrP( 1841): notifyUidState
04-26 11:24:35.243 I/chatty  ( 1386): uid=1000(system) Binder:1386_19 expire 18 lines
04-26 11:24:35.260 I/chatty  ( 1386): uid=1000(system) Binder:1386_E expire 3 lines
04-26 11:24:35.267 I/BoosterSwitchP( 1841): notifyUidState do nothing
04-26 11:24:35.267 I/DeepNoDisturbP( 1841): notifyUidState
04-26 11:24:35.267 I/HidataAppQoeP( 1841): notifyUidState
04-26 11:24:35.267 I/BrowserChrP( 1841): notifyUidState
04-26 11:24:35.278 I/chatty  ( 1386): uid=1000(system) Binder:1386_18 expire 10 lines
04-26 11:24:35.283 I/BoosterSwitchP( 1841): notifyUidState do nothing
04-26 11:24:35.283 I/DeepNoDisturbP( 1841): notifyUidState
04-26 11:24:35.283 I/HidataAppQoeP( 1841): notifyUidState
04-26 11:24:35.283 I/BrowserChrP( 1841): notifyUidState
04-26 11:24:35.287 I/BoosterSwitchP( 1841): notifyUidState do nothing
04-26 11:24:35.287 I/DeepNoDisturbP( 1841): notifyUidState
04-26 11:24:35.287 I/HidataAppQoeP( 1841): notifyUidState
04-26 11:24:35.287 I/BrowserChrP( 1841): notifyUidState
04-26 11:24:35.293 I/BoosterSwitchP( 1841): notifyUidState do nothing
04-26 11:24:35.293 I/DeepNoDisturbP( 1841): notifyUidState
04-26 11:24:35.293 I/HidataAppQoeP( 1841): notifyUidState
04-26 11:24:35.293 I/BrowserChrP( 1841): notifyUidState
04-26 11:24:51.477 W/SocketListener(  560): sending broadcast to Pid = 1386, Uid = 1000 
04-26 11:24:51.479 I/chatty  ( 1386): uid=1000(system) NetdConnector expire 8 lines
04-26 11:24:51.482 I/chatty  ( 1386): uid=1000(system) android.fg expire 8 lines
04-26 11:25:00.006 I/chatty  ( 1386): uid=1000 system_server expire 13 lines
04-26 11:25:00.039 I/chatty  ( 1386): uid=1000(system) Binder:1386_1 expire 8 lines
04-26 11:25:00.049 I/BoosterSwitchP( 1841): notifyUidState do nothing
04-26 11:25:00.049 I/DeepNoDisturbP( 1841): notifyUidState
04-26 11:25:00.049 I/HidataAppQoeP( 1841): notifyUidState
04-26 11:25:00.049 I/BrowserChrP( 1841): notifyUidState
04-26 11:25:00.119 D/ActivityThread(22694): Attach thread to application
04-26 11:25:00.165 I/        (22694): RegisterNatives OK!
04-26 11:25:00.378 I/BoosterSwitchP( 1841): notifyUidState do nothing
04-26 11:25:00.379 I/DeepNoDisturbP( 1841): notifyUidState
04-26 11:25:00.379 I/HidataAppQoeP( 1841): notifyUidState
04-26 11:25:00.379 I/BrowserChrP( 1841): notifyUidState
04-26 11:25:01.903 I/chatty  ( 1386): uid=1000(system) android.bg expire 4 lines
04-26 11:25:03.697 I/BoosterSwitchP( 1841): notifyUidState do nothing
04-26 11:25:03.697 I/DeepNoDisturbP( 1841): notifyUidState
04-26 11:25:03.697 I/HidataAppQoeP( 1841): notifyUidState
04-26 11:25:03.697 I/BrowserChrP( 1841): notifyUidState
04-26 11:25:04.191 I/chatty  ( 1386): uid=1000(system) Thread-41 expire 1 line
04-26 11:25:32.116 I/storaged(  692): storaged_t::event: storage_info refreshed.
04-26 11:25:33.864 I/chatty  ( 1386): uid=1000(system) UEventObserver expire 10 lines
04-26 11:26:03.505 I/chatty  ( 1386): uid=1000(system) Binder:1386_7 expire 14 lines
04-26 11:26:04.604 I/chatty  ( 1386): uid=1000(system) HwBinder:1386_2 expire 1 line
04-26 11:26:18.005 W/SocketListener(  560): sending broadcast to Pid = 1386, Uid = 1000 
04-26 11:26:32.116 I/storaged(  692): storaged_t::event: storage_info refreshed.
04-26 11:26:35.299 I/chatty  ( 1386): uid=1000(system) UEventObserver expire 10 lines
04-26 11:26:46.278 I/chatty  ( 1386): uid=1000(system) WifiStateMachin expire 1 line
04-26 11:26:49.741 I/chatty  ( 1386): uid=1000(system) Binder:1386_18 expire 1 line
04-26 11:26:55.882 I/chatty  ( 1386): uid=1000 system_server expire 1 line
04-26 11:27:00.004 I/chatty  ( 1386): uid=1000 system_server expire 2 lines
04-26 11:27:00.098 I/chatty  ( 1386): uid=1000(system) Binder:1386_19 expire 4 lines
04-26 11:27:01.269 W/SocketListener(  560): sending broadcast to Pid = 1386, Uid = 1000 
04-26 11:27:32.117 I/storaged(  692): storaged_t::event: storage_info refreshed.
04-26 11:27:36.746 I/chatty  ( 1386): uid=1000(system) UEventObserver expire 10 lines
04-26 11:27:58.406 I/chatty  ( 1386): uid=1000(system) Binder:1386_7 expire 16 lines
04-26 11:27:58.422 I/chatty  ( 1386): uid=1000(system) Binder:1386_18 expire 14 lines
04-26 11:28:00.005 I/chatty  ( 1386): uid=1000 system_server expire 21 lines
04-26 11:28:00.325 I/chatty  ( 1386): uid=1000(system) Binder:1386_1 expire 14 lines
04-26 11:28:03.761 I/chatty  ( 1386): uid=1000(system) HwWMStateMachin expire 1 line
04-26 11:28:04.778 I/chatty  ( 1386): uid=1000(system) watchdog expire 9 lines
04-26 11:28:08.390 I/chatty  ( 1386): uid=1000(system) Binder:1386_19 expire 23 lines
04-26 11:28:18.581 W/SocketListener(  560): sending broadcast to Pid = 1386, Uid = 1000 
04-26 11:28:18.585 I/chatty  ( 1386): uid=1000(system) NetdConnector expire 4 lines
04-26 11:28:18.592 I/chatty  ( 1386): uid=1000(system) android.fg expire 5 lines
04-26 11:28:29.743 I/chatty  ( 1386): uid=1000(system) Binder:1386_18 expire 13 lines
04-26 11:28:32.118 I/storaged(  692): storaged_t::event: storage_info refreshed.
04-26 11:28:38.181 I/chatty  ( 1386): uid=1000(system) UEventObserver expire 10 lines
04-26 11:29:01.911 I/chatty  ( 1386): uid=1000(system) batterystats-wo expire 2 lines
04-26 11:29:02.792 I/chatty  ( 1386): uid=1000(system) PowerManagerSer expire 1 line
04-26 11:29:32.119 I/storaged(  692): storaged_t::event: storage_info refreshed.
04-26 11:29:36.071 I/chatty  ( 1386): uid=1000(system) Binder:1386_1 expire 17 lines
04-26 11:29:36.911 I/chatty  ( 1386): uid=1000(system) Binder:1386_18 expire 10 lines
04-26 11:29:39.630 I/chatty  ( 1386): uid=1000(system) UEventObserver expire 10 lines
04-26 11:29:59.741 I/chatty  ( 1386): uid=1000(system) Binder:1386_7 expire 17 lines
04-26 11:30:06.182 I/chatty  ( 1386): uid=1000(system) WifiStateMachin expire 1 line
04-26 11:30:19.804 I/chatty  ( 1386): uid=1000(system) android.bg expire 2 lines
04-26 11:30:21.205 W/SocketListener(  560): sending broadcast to Pid = 1386, Uid = 1000 
04-26 11:30:32.120 I/storaged(  692): storaged_t::event: storage_info refreshed.
04-26 11:30:32.121 I/storaged(  692): storaged_t::event: Pidm reported.
04-26 11:30:32.121 E/storaged(  692): pid_info get_pids failed
04-26 11:30:41.060 I/chatty  ( 1386): uid=1000(system) UEventObserver expire 10 lines
04-26 11:30:49.741 I/chatty  ( 1386): uid=1000(system) Binder:1386_19 expire 3 lines
04-26 11:31:00.005 I/chatty  ( 1386): uid=1000 system_server expire 5 lines
04-26 11:31:19.740 I/chatty  ( 1386): uid=1000(system) Binder:1386_7 expire 13 lines
04-26 11:31:32.122 I/storaged(  692): storaged_t::event: storage_info refreshed.
04-26 11:31:38.501 I/chatty  ( 1386): uid=1000(system) Binder:1386_7 expire 5 lines
04-26 11:31:42.507 I/chatty  ( 1386): uid=1000(system) UEventObserver expire 9 lines
04-26 11:31:59.740 I/chatty  ( 1386): uid=1000(system) Binder:1386_1 expire 10 lines
04-26 11:32:13.225 I/chatty  ( 1386): uid=1000(system) UEventObserver expire 11 lines
04-26 11:32:19.740 I/chatty  ( 1386): uid=1000(system) Binder:1386_19 expire 11 lines
04-26 11:32:30.188 I/chatty  ( 1386): uid=1000(system) WifiStateMachin expire 1 line
04-26 11:32:32.094 I/chatty  ( 1386): uid=1000(system) Binder:1386_18 expire 12 lines
04-26 11:32:32.123 I/storaged(  692): storaged_t::event: storage_info refreshed.
04-26 11:32:34.806 I/chatty  ( 1386): uid=1000(system) watchdog expire 4 lines
04-26 11:32:39.741 I/chatty  ( 1386): uid=1000(system) Binder:1386_1 expire 10 lines
04-26 11:32:45.333 W/SocketListener(  560): sending broadcast to Pid = 1386, Uid = 1000 
04-26 11:32:45.338 I/chatty  ( 1386): uid=1000(system) NetdConnector expire 8 lines
04-26 11:32:45.345 I/chatty  ( 1386): uid=1000(system) android.fg expire 3 lines
04-26 11:33:00.008 I/chatty  ( 1386): uid=1000 system_server expire 10 lines
04-26 11:33:32.124 I/storaged(  692): storaged_t::event: storage_info refreshed.
04-26 11:33:39.740 I/chatty  ( 1386): uid=1000(system) Binder:1386_7 expire 12 lines
04-26 11:33:45.389 I/chatty  ( 1386): uid=1000(system) UEventObserver expire 5 lines
04-26 11:33:49.057 I/chatty  ( 1386): uid=1000(system) PowerManagerSer expire 1 line
04-26 11:33:49.741 I/chatty  ( 1386): uid=1000(system) Binder:1386_1 expire 1 line
04-26 11:34:01.987 I/chatty  ( 1386): uid=1000(system) android.bg expire 3 lines
04-26 11:34:02.119 I/chatty  ( 1386): uid=1000(system) ActivityManager expire 3 lines
04-26 11:34:02.121 I/chatty  ( 1386): uid=1000(system) MultiTaskManage expire 4 lines
04-26 11:34:02.163 D/ActivityThread(23067): Attach thread to application
04-26 11:34:02.481 I/chatty  ( 1386): uid=1000(system) Binder:1386_18 expire 37 lines
04-26 11:34:03.551 D/ActivityThread(23118): Attach thread to application
04-26 11:34:04.267 I/chatty  ( 1386): uid=1000(system) ActivityManager expire 2 lines
04-26 11:34:04.409 I/BoosterSwitchP( 1841): notifyUidState do nothing
04-26 11:34:04.409 I/DeepNoDisturbP( 1841): notifyUidState
04-26 11:34:04.409 I/HidataAppQoeP( 1841): notifyUidState
04-26 11:34:04.409 I/BrowserChrP( 1841): notifyUidState
04-26 11:34:04.908 I/chatty  ( 1386): uid=1000(system) Thread-41 expire 2 lines
04-26 11:34:07.332 I/chatty  ( 1386): uid=1000(system) InputDispatcher expire 8 lines
04-26 11:34:07.366 I/CommandQueue( 1715): updateBarBgColor
04-26 11:34:07.366 D/CommandQueue( 1715): CommandQueue, setBarBackgroundColor
04-26 11:34:07.371 I/chatty  ( 1386): uid=1000(system) android.ui expire 31 lines
04-26 11:34:07.380 I/chatty  ( 1386): uid=1000(system) Binder:1386_19 expire 10 lines
04-26 11:34:07.427 I/chatty  ( 1386): uid=1000(system) android.anim expire 14 lines
04-26 11:34:09.010 I/chatty  ( 1386): uid=1000(system) Binder:1386_7 expire 4 lines
04-26 11:34:09.065 I/CommandQueue( 1715): updateBarBgColor
04-26 11:34:09.065 D/CommandQueue( 1715): CommandQueue, setBarBackgroundColor
04-26 11:34:10.308 I/chatty  ( 1386): uid=1000(system) HwActivityManag expire 3 lines
04-26 11:34:10.336 D/ActivityThread(23322): Attach thread to application
04-26 11:34:10.362 I/chatty  ( 1386): uid=1000 system_server expire 4 lines
04-26 11:34:10.366 I/BoosterSwitchP( 1841): notifyUidState do nothing
04-26 11:34:10.366 I/DeepNoDisturbP( 1841): notifyUidState
04-26 11:34:10.366 I/HidataAppQoeP( 1841): notifyUidState
04-26 11:34:10.366 I/BrowserChrP( 1841): notifyUidState
04-26 11:34:10.372 I/chatty  ( 1386): uid=1000(system) Binder:1386_10 expire 8 lines
04-26 11:34:10.382 I/BoosterSwitchP( 1841): notifyUidState do nothing
04-26 11:34:10.382 I/DeepNoDisturbP( 1841): notifyUidState
04-26 11:34:10.382 I/HidataAppQoeP( 1841): notifyUidState
04-26 11:34:10.382 I/BrowserChrP( 1841): notifyUidState
04-26 11:34:10.385 I/chatty  ( 1386): uid=1000 system_server expire 1 line
04-26 11:34:10.388 E/LoadedApk(23322): Unable to instantiate appComponentFactory
04-26 11:34:10.388 E/LoadedApk(23322): java.lang.ClassNotFoundException: Didn't find class "com.che.truckhome.speed.appComponent" on path: DexPathList[[zip file "/system/framework/org.apache.http.legacy.boot.jar", zip file "/data/app/com.che.truckhome.speed-eaXWmEGfCTLHMZmceXfZoQ==/base.apk"],nativeLibraryDirectories=[/data/app/com.che.truckhome.speed-eaXWmEGfCTLHMZmceXfZoQ==/lib/arm, /data/app/com.che.truckhome.speed-eaXWmEGfCTLHMZmceXfZoQ==/base.apk!/lib/armeabi-v7a, /system/lib, /product/lib]]
04-26 11:34:10.388 E/LoadedApk(23322): 	at dalvik.system.BaseDexClassLoader.findClass(BaseDexClassLoader.java:134)
04-26 11:34:10.388 E/LoadedApk(23322): 	at java.lang.ClassLoader.loadClass(ClassLoader.java:379)
04-26 11:34:10.388 E/LoadedApk(23322): 	at java.lang.ClassLoader.loadClass(ClassLoader.java:312)
04-26 11:34:10.388 E/LoadedApk(23322): 	at android.app.LoadedApk.createAppFactory(LoadedApk.java:251)
04-26 11:34:10.388 E/LoadedApk(23322): 	at android.app.LoadedApk.createOrUpdateClassLoaderLocked(LoadedApk.java:792)
04-26 11:34:10.388 E/LoadedApk(23322): 	at android.app.LoadedApk.getClassLoader(LoadedApk.java:871)
04-26 11:34:10.388 E/LoadedApk(23322): 	at android.app.LoadedApk.getResources(LoadedApk.java:1122)
04-26 11:34:10.388 E/LoadedApk(23322): 	at android.app.ContextImpl.createAppContext(ContextImpl.java:2619)
04-26 11:34:10.388 E/LoadedApk(23322): 	at android.app.ActivityThread.handleBindApplication(ActivityThread.java:6514)
04-26 11:34:10.388 E/LoadedApk(23322): 	at android.app.ActivityThread.access$2000(ActivityThread.java:268)
04-26 11:34:10.388 E/LoadedApk(23322): 	at android.app.ActivityThread$H.handleMessage(ActivityThread.java:1995)
04-26 11:34:10.388 E/LoadedApk(23322): 	at android.os.Handler.dispatchMessage(Handler.java:109)
04-26 11:34:10.388 E/LoadedApk(23322): 	at android.os.Looper.loop(Looper.java:207)
04-26 11:34:10.388 E/LoadedApk(23322): 	at android.app.ActivityThread.main(ActivityThread.java:7539)
04-26 11:34:10.388 E/LoadedApk(23322): 	at java.lang.reflect.Method.invoke(Native Method)
04-26 11:34:10.388 E/LoadedApk(23322): 	at com.android.internal.os.RuntimeInit$MethodAndArgsCaller.run(RuntimeInit.java:524)
04-26 11:34:10.388 E/LoadedApk(23322): 	at com.android.internal.os.ZygoteInit.main(ZygoteInit.java:958)
04-26 11:34:10.411 D/ActivityThread(23361): Attach thread to application
04-26 11:34:10.429 I/chatty  ( 1386): uid=1000(system) Binder:1386_E expire 5 lines
04-26 11:34:10.553 I/HwNetworkPolicyManager( 3440): getHwUidPolicy uid = 10458 policy = 0
04-26 11:34:11.949 E/ActivityThread(23322): Failed to find provider info for com.vivo.push.sdk.service.SystemPushConfig
04-26 11:34:11.952 E/ActivityThread(23322): Failed to find provider info for com.vivo.push.sdk.service.SystemPushConfig
04-26 11:34:11.973 I/chatty  ( 1386): uid=1000(system) Binder:1386_F expire 3 lines
04-26 11:34:11.987 I/chatty  ( 1386): uid=1000(system) ConnectivitySer expire 101 lines
04-26 11:34:12.070 I/chatty  ( 1386): uid=1000(system) ActivityManager expire 2 lines
04-26 11:34:12.078 I/chatty  ( 1386): uid=1000(system) Binder:1386_F expire 2 lines
04-26 11:34:12.184 I/chatty  ( 1386): uid=1000(system) Binder:1386_E expire 8 lines
04-26 11:34:12.289 I/chatty  ( 1386): uid=1000(system) Binder:1386_7 expire 15 lines
04-26 11:34:12.295 V/ActivityThread(23322): Skipping new config:{1.0 460mcc2mnc [zh_CN_#Hans] ldltr sw360dp w360dp h696dp 480dpi nrml long port finger -keyb/v/h -nav/h winConfig={ mBounds=Rect(0, 0 - 0, 0) mAppBounds=Rect(0, 0 - 1080, 2160) mWindowingMode=fullscreen mActivityType=undefined} nonFullScreen=0 suim:1 s.7}, config:{1.0 460mcc2mnc [zh_CN_#Hans] ldltr sw360dp w360dp h696dp 480dpi nrml long port finger -keyb/v/h -nav/h winConfig={ mBounds=Rect(0, 0 - 0, 0) mAppBounds=Rect(0, 0 - 1080, 2160) mWindowingMode=fullscreen mActivityType=undefined} nonFullScreen=0 suim:1 s.7} for app:com.che.truckhome.speed
04-26 11:34:12.341 V/ActivityThread(23322): callActivityOnCreate
04-26 11:34:12.496 I/chatty  ( 1386): uid=1000(system) Binder:1386_D expire 28 lines
04-26 11:34:12.513 I/chatty  ( 1386): uid=1000(system) android.ui expire 43 lines
04-26 11:34:12.551 D/ActivityThread(23322): add activity client record, r= ActivityRecord{d740198 token=android.os.BinderProxy@ea7378f {com.che.truckhome.speed/com.che.truckhome.speed.home.LaunchActivity}} token= android.os.BinderProxy@ea7378f
04-26 11:34:12.670 I/chatty  ( 1386): uid=1000(system) HwActivityManag expire 7 lines
04-26 11:34:12.670 I/chatty  ( 1386): uid=1000(system) HwGameAssistant expire 4 lines
04-26 11:34:12.703 I/chatty  ( 1386): uid=1000(system) Binder:1386_C expire 3 lines
04-26 11:34:12.768 I/CommandQueue( 1715): updateBarBgColor
04-26 11:34:12.768 D/CommandQueue( 1715): CommandQueue, setBarBackgroundColor
04-26 11:34:12.846 I/chatty  ( 1386): uid=1000(system) android.anim expire 21 lines
04-26 11:34:12.897 V/ActivityThread(23322): Skipping new config:{1.0 460mcc2mnc [zh_CN_#Hans] ldltr sw360dp w360dp h696dp 480dpi nrml long port finger -keyb/v/h -nav/h winConfig={ mBounds=Rect(0, 0 - 0, 0) mAppBounds=Rect(0, 0 - 1080, 2160) mWindowingMode=fullscreen mActivityType=undefined} nonFullScreen=0 suim:1 s.7}, config:{1.0 460mcc2mnc [zh_CN_#Hans] ldltr sw360dp w360dp h696dp 480dpi nrml long port finger -keyb/v/h -nav/h winConfig={ mBounds=Rect(0, 0 - 0, 0) mAppBounds=Rect(0, 0 - 1080, 2160) mWindowingMode=fullscreen mActivityType=undefined} nonFullScreen=0 suim:1 s.7} for app:com.che.truckhome.speed
04-26 11:34:12.899 V/ActivityThread(23322): callActivityOnCreate
04-26 11:34:12.909 I/chatty  ( 1386): uid=1000(system) Binder:1386_10 expire 6 lines
04-26 11:34:12.916 D/ActivityThread(23322): add activity client record, r= ActivityRecord{f6bbccb token=android.os.BinderProxy@77c0b19 {com.che.truckhome.speed/com.yanzhenjie.permission.PermissionActivity}} token= android.os.BinderProxy@77c0b19
04-26 11:34:12.959 I/chatty  ( 1386): uid=1000 system_server expire 2 lines
04-26 11:34:13.070 I/chatty  ( 1386): uid=1000(system) tworkPolicy.uid expire 1 line
04-26 11:34:13.074 D/ActivityThread(23322): Remove activity client record, r= ActivityRecord{f6bbccb token=android.os.BinderProxy@77c0b19 {com.che.truckhome.speed/com.yanzhenjie.permission.PermissionActivity}} token= android.os.BinderProxy@77c0b19
04-26 11:34:13.077 I/chatty  ( 1386): uid=1000(system) NetdConnector expire 4 lines
04-26 11:34:13.079 I/chatty  ( 1386): uid=1000(system) ActivityManager expire 1 line
04-26 11:34:13.079 I/chatty  ( 1386): uid=1000(system) MultiTaskManage expire 1 line
04-26 11:34:13.086 I/BoosterSwitchP( 1841): notifyUidState do nothing
04-26 11:34:13.086 I/DeepNoDisturbP( 1841): notifyUidState
04-26 11:34:13.086 I/HidataAppQoeP( 1841): notifyUidState
04-26 11:34:13.086 I/BrowserChrP( 1841): notifyUidState
04-26 11:34:13.096 D/ActivityThread(23639): Attach thread to application
04-26 11:34:13.114 E/LoadedApk(23639): Unable to instantiate appComponentFactory
04-26 11:34:13.114 E/LoadedApk(23639): java.lang.ClassNotFoundException: Didn't find class "com.che.truckhome.speed.appComponent" on path: DexPathList[[zip file "/system/framework/org.apache.http.legacy.boot.jar", zip file "/data/app/com.che.truckhome.speed-eaXWmEGfCTLHMZmceXfZoQ==/base.apk"],nativeLibraryDirectories=[/data/app/com.che.truckhome.speed-eaXWmEGfCTLHMZmceXfZoQ==/lib/arm, /data/app/com.che.truckhome.speed-eaXWmEGfCTLHMZmceXfZoQ==/base.apk!/lib/armeabi-v7a, /system/lib, /product/lib]]
04-26 11:34:13.114 E/LoadedApk(23639): 	at dalvik.system.BaseDexClassLoader.findClass(BaseDexClassLoader.java:134)
04-26 11:34:13.114 E/LoadedApk(23639): 	at java.lang.ClassLoader.loadClass(ClassLoader.java:379)
04-26 11:34:13.114 E/LoadedApk(23639): 	at java.lang.ClassLoader.loadClass(ClassLoader.java:312)
04-26 11:34:13.114 E/LoadedApk(23639): 	at android.app.LoadedApk.createAppFactory(LoadedApk.java:251)
04-26 11:34:13.114 E/LoadedApk(23639): 	at android.app.LoadedApk.createOrUpdateClassLoaderLocked(LoadedApk.java:792)
04-26 11:34:13.114 E/LoadedApk(23639): 	at android.app.LoadedApk.getClassLoader(LoadedApk.java:871)
04-26 11:34:13.114 E/LoadedApk(23639): 	at android.app.LoadedApk.getResources(LoadedApk.java:1122)
04-26 11:34:13.114 E/LoadedApk(23639): 	at android.app.ContextImpl.createAppContext(ContextImpl.java:2619)
04-26 11:34:13.114 E/LoadedApk(23639): 	at android.app.ActivityThread.handleBindApplication(ActivityThread.java:6514)
04-26 11:34:13.114 E/LoadedApk(23639): 	at android.app.ActivityThread.access$2000(ActivityThread.java:268)
04-26 11:34:13.114 E/LoadedApk(23639): 	at android.app.ActivityThread$H.handleMessage(ActivityThread.java:1995)
04-26 11:34:13.114 E/LoadedApk(23639): 	at android.os.Handler.dispatchMessage(Handler.java:109)
04-26 11:34:13.114 E/LoadedApk(23639): 	at android.os.Looper.loop(Looper.java:207)
04-26 11:34:13.114 E/LoadedApk(23639): 	at android.app.ActivityThread.main(ActivityThread.java:7539)
04-26 11:34:13.114 E/LoadedApk(23639): 	at java.lang.reflect.Method.invoke(Native Method)
04-26 11:34:13.114 E/LoadedApk(23639): 	at com.android.internal.os.RuntimeInit$MethodAndArgsCaller.run(RuntimeInit.java:524)
04-26 11:34:13.114 E/LoadedApk(23639): 	at com.android.internal.os.ZygoteInit.main(ZygoteInit.java:958)
04-26 11:34:13.403 I/chatty  ( 1386): uid=1000(system) android.bg expire 1 line
04-26 11:34:13.635 V/ActivityThread(23322): Skipping new config:{1.0 460mcc2mnc [zh_CN_#Hans] ldltr sw360dp w360dp h696dp 480dpi nrml long port finger -keyb/v/h -nav/h winConfig={ mBounds=Rect(0, 0 - 0, 0) mAppBounds=Rect(0, 0 - 1080, 2160) mWindowingMode=fullscreen mActivityType=undefined} nonFullScreen=0 suim:1 s.7}, config:{1.0 460mcc2mnc [zh_CN_#Hans] ldltr sw360dp w360dp h696dp 480dpi nrml long port finger -keyb/v/h -nav/h winConfig={ mBounds=Rect(0, 0 - 0, 0) mAppBounds=Rect(0, 0 - 1080, 2160) mWindowingMode=fullscreen mActivityType=undefined} nonFullScreen=0 suim:1 s.7} for app:com.che.truckhome.speed
04-26 11:34:13.647 V/ActivityThread(23322): callActivityOnCreate
04-26 11:34:13.709 D/ActivityThread(23322): add activity client record, r= ActivityRecord{3451ada token=android.os.BinderProxy@c2e6774 {com.che.truckhome.speed/com.che.truckhome.speed.community.activity.RichPostDetailActivity}} token= android.os.BinderProxy@c2e6774
04-26 11:34:13.733 I/chatty  ( 1386): uid=1000(system) Binder:1386_A expire 5 lines
04-26 11:34:13.739 I/CommandQueue( 1715): updateBarBgColor
04-26 11:34:13.739 D/CommandQueue( 1715): CommandQueue, setBarBackgroundColor
04-26 11:34:13.789 I/chatty  ( 1386): uid=1000(system) android.display expire 3 lines
04-26 11:34:13.850 E/ActivityThread(23639): Failed to find provider info for com.vivo.push.sdk.service.SystemPushConfig
04-26 11:34:13.850 E/ActivityThread(23639): Failed to find provider info for com.vivo.push.sdk.service.SystemPushConfig
04-26 11:34:14.430 I/chatty  ( 1386): uid=1000(system) ConnectivitySer expire 33 lines
04-26 11:34:14.432 I/chatty  ( 1386): uid=1000(system) Binder:1386_C expire 4 lines
04-26 11:34:14.714 I/chatty  ( 1386): uid=1000(system) Binder:1386_F expire 32 lines
04-26 11:34:14.891 D/ActivityThread(23322): Remove activity client record, r= ActivityRecord{d740198 token=android.os.BinderProxy@ea7378f {com.che.truckhome.speed/com.che.truckhome.speed.home.LaunchActivity}} token= android.os.BinderProxy@ea7378f
04-26 11:34:14.898 I/chatty  ( 1386): uid=1000(system) android.ui expire 46 lines
04-26 11:34:14.993 V/ActivityThread(23322): Skipping new config:{1.0 460mcc2mnc [zh_CN_#Hans] ldltr sw360dp w360dp h696dp 480dpi nrml long port finger -keyb/v/h -nav/h winConfig={ mBounds=Rect(0, 0 - 0, 0) mAppBounds=Rect(0, 0 - 1080, 2160) mWindowingMode=fullscreen mActivityType=undefined} nonFullScreen=0 suim:1 s.7}, config:{1.0 460mcc2mnc [zh_CN_#Hans] ldltr sw360dp w360dp h696dp 480dpi nrml long port finger -keyb/v/h -nav/h winConfig={ mBounds=Rect(0, 0 - 0, 0) mAppBounds=Rect(0, 0 - 1080, 2160) mWindowingMode=fullscreen mActivityType=undefined} nonFullScreen=0 suim:1 s.7} for app:com.che.truckhome.speed
04-26 11:34:14.993 I/chatty  ( 1386): uid=1000(system) HwActivityManag expire 10 lines
04-26 11:34:14.997 V/ActivityThread(23322): callActivityOnCreate
04-26 11:34:15.007 I/chatty  ( 1386): uid=1000(system) Binder:1386_D expire 14 lines
04-26 11:34:15.021 I/chatty  ( 1386): uid=1000(system) Binder:1386_10 expire 22 lines
04-26 11:34:15.027 D/ActivityThread(23322): add activity client record, r= ActivityRecord{5a45609 token=android.os.BinderProxy@51b4262 {com.che.truckhome.speed/com.che.truckhome.speed.login.LoginDialogActivity}} token= android.os.BinderProxy@51b4262
04-26 11:34:15.039 I/chatty  ( 1386): uid=1000(system) HwGameAssistant expire 5 lines
04-26 11:34:15.088 I/chatty  ( 1386): uid=1000(system) Binder:1386_A expire 3 lines
04-26 11:34:15.120 I/chatty  ( 1386): uid=1000(system) android.anim expire 22 lines
04-26 11:34:15.264 I/CommandQueue( 1715): updateBarBgColor
04-26 11:34:15.264 D/CommandQueue( 1715): CommandQueue, setBarBackgroundColor
04-26 11:34:15.347 D/ActivityThread(23322): Remove activity client record, r= ActivityRecord{5a45609 token=android.os.BinderProxy@51b4262 {com.che.truckhome.speed/com.che.truckhome.speed.login.LoginDialogActivity}} token= android.os.BinderProxy@51b4262
04-26 11:34:15.489 W/SocketListener(  560): sending broadcast to Pid = 1386, Uid = 1000 
04-26 11:34:15.490 I/chatty  ( 1386): uid=1000(system) NetdConnector expire 10 lines
04-26 11:34:15.491 I/chatty  ( 1386): uid=1000(system) android.fg expire 7 lines
04-26 11:34:15.492 I/chatty  ( 1386): uid=1000(system) NetworkStats expire 10 lines
04-26 11:34:15.959 I/chatty  ( 1386): uid=1000(system) UEventObserver expire 10 lines
04-26 11:34:15.974 I/chatty  ( 1386): uid=1000(system) HwBinder:1386_2 expire 2 lines
04-26 11:34:17.171 I/chatty  ( 1386): uid=1000(system) ActivityManager expire 1 line
04-26 11:34:17.177 I/chatty  ( 1386): uid=1000(system) Binder:1386_E expire 2 lines
04-26 11:34:17.237 W/SocketListener(  560): sending broadcast to Pid = 1386, Uid = 1000 
04-26 11:34:17.963 V/ActivityThread(23322): Skipping new config:{1.0 460mcc2mnc [zh_CN_#Hans] ldltr sw360dp w360dp h696dp 480dpi nrml long port finger -keyb/v/h -nav/h winConfig={ mBounds=Rect(0, 0 - 0, 0) mAppBounds=Rect(0, 0 - 1080, 2160) mWindowingMode=fullscreen mActivityType=undefined} nonFullScreen=0 suim:1 s.7}, config:{1.0 460mcc2mnc [zh_CN_#Hans] ldltr sw360dp w360dp h696dp 480dpi nrml long port finger -keyb/v/h -nav/h winConfig={ mBounds=Rect(0, 0 - 0, 0) mAppBounds=Rect(0, 0 - 1080, 2160) mWindowingMode=fullscreen mActivityType=undefined} nonFullScreen=0 suim:1 s.7} for app:com.che.truckhome.speed
04-26 11:34:17.968 V/ActivityThread(23322): callActivityOnCreate
04-26 11:34:18.022 D/ActivityThread(23322): add activity client record, r= ActivityRecord{54f897e token=android.os.BinderProxy@e59e42a {com.che.truckhome.speed/com.che.truckhome.speed.login.LoginDialogActivity}} token= android.os.BinderProxy@e59e42a
04-26 11:34:18.150 I/CommandQueue( 1715): updateBarBgColor
04-26 11:34:18.150 D/CommandQueue( 1715): CommandQueue, setBarBackgroundColor
04-26 11:34:18.197 D/ActivityThread(23322): Remove activity client record, r= ActivityRecord{54f897e token=android.os.BinderProxy@e59e42a {com.che.truckhome.speed/com.che.truckhome.speed.login.LoginDialogActivity}} token= android.os.BinderProxy@e59e42a
04-26 11:34:18.670 W/SocketListener(  560): sending broadcast to Pid = 1386, Uid = 1000 
04-26 11:34:19.038 V/ActivityThread(23322): Skipping new config:{1.0 460mcc2mnc [zh_CN_#Hans] ldltr sw360dp w360dp h696dp 480dpi nrml long port finger -keyb/v/h -nav/h winConfig={ mBounds=Rect(0, 0 - 0, 0) mAppBounds=Rect(0, 0 - 1080, 2160) mWindowingMode=fullscreen mActivityType=undefined} nonFullScreen=0 suim:1 s.7}, config:{1.0 460mcc2mnc [zh_CN_#Hans] ldltr sw360dp w360dp h696dp 480dpi nrml long port finger -keyb/v/h -nav/h winConfig={ mBounds=Rect(0, 0 - 0, 0) mAppBounds=Rect(0, 0 - 1080, 2160) mWindowingMode=fullscreen mActivityType=undefined} nonFullScreen=0 suim:1 s.7} for app:com.che.truckhome.speed
04-26 11:34:19.053 V/ActivityThread(23322): callActivityOnCreate
04-26 11:34:19.188 D/ActivityThread(23322): add activity client record, r= ActivityRecord{cb2f938 token=android.os.BinderProxy@bfb0faf {com.che.truckhome.speed/com.che.truckhome.speed.mine.activity.UserDetailActivity}} token= android.os.BinderProxy@bfb0faf
04-26 11:34:19.205 I/chatty  ( 1386): uid=1000(system) Binder:1386_1 expire 2 lines
04-26 11:34:19.507 I/chatty  ( 1386): uid=1000(system) Binder:1386_18 expire 15 lines
04-26 11:34:19.569 I/chatty  ( 1386): uid=1000(system) android.anim expire 18 lines
04-26 11:34:19.580 I/chatty  ( 1386): uid=1000(system) android.ui expire 40 lines
04-26 11:34:19.582 I/chatty  ( 1386): uid=1000(system) android.display expire 3 lines
04-26 11:34:19.875 I/chatty  ( 1386): uid=1000(system) Binder:1386_F expire 28 lines
04-26 11:34:19.883 I/chatty  ( 1386): uid=1000(system) HwActivityManag expire 6 lines
04-26 11:34:19.903 V/ActivityThread(23322): Skipping new config:{1.0 460mcc2mnc [zh_CN_#Hans] ldltr sw360dp w360dp h696dp 480dpi nrml long port finger -keyb/v/h -nav/h winConfig={ mBounds=Rect(0, 0 - 0, 0) mAppBounds=Rect(0, 0 - 1080, 2160) mWindowingMode=fullscreen mActivityType=undefined} nonFullScreen=0 suim:1 s.7}, config:{1.0 460mcc2mnc [zh_CN_#Hans] ldltr sw360dp w360dp h696dp 480dpi nrml long port finger -keyb/v/h -nav/h winConfig={ mBounds=Rect(0, 0 - 0, 0) mAppBounds=Rect(0, 0 - 1080, 2160) mWindowingMode=fullscreen mActivityType=undefined} nonFullScreen=0 suim:1 s.7} for app:com.che.truckhome.speed
04-26 11:34:19.905 V/ActivityThread(23322): callActivityOnCreate
04-26 11:34:19.960 D/ActivityThread(23322): add activity client record, r= ActivityRecord{e7523b3 token=android.os.BinderProxy@b90fd55 {com.che.truckhome.speed/com.che.truckhome.speed.mine.activity.UserDetailActivity}} token= android.os.BinderProxy@b90fd55
04-26 11:34:19.979 I/chatty  ( 1386): uid=1000(system) HwGameAssistant expire 3 lines
04-26 11:34:20.110 I/chatty  ( 1386): uid=1000(system) Binder:1386_1 expire 5 lines
04-26 11:34:21.684 I/chatty  ( 1386): uid=1000(system) Binder:1386_D expire 15 lines
04-26 11:34:21.709 V/ActivityThread(23322): Skipping new config:{1.0 460mcc2mnc [zh_CN_#Hans] ldltr sw360dp w360dp h696dp 480dpi nrml long port finger -keyb/v/h -nav/h winConfig={ mBounds=Rect(0, 0 - 0, 0) mAppBounds=Rect(0, 0 - 1080, 2160) mWindowingMode=fullscreen mActivityType=undefined} nonFullScreen=0 suim:1 s.7}, config:{1.0 460mcc2mnc [zh_CN_#Hans] ldltr sw360dp w360dp h696dp 480dpi nrml long port finger -keyb/v/h -nav/h winConfig={ mBounds=Rect(0, 0 - 0, 0) mAppBounds=Rect(0, 0 - 1080, 2160) mWindowingMode=fullscreen mActivityType=undefined} nonFullScreen=0 suim:1 s.7} for app:com.che.truckhome.speed
04-26 11:34:21.726 V/ActivityThread(23322): callActivityOnCreate
04-26 11:34:21.813 D/ActivityThread(23322): add activity client record, r= ActivityRecord{7df2d67 token=android.os.BinderProxy@eadd351 {com.che.truckhome.speed/com.che.truckhome.speed.opinion.activity.OpinionDetailActivity}} token= android.os.BinderProxy@eadd351
04-26 11:34:22.074 I/chatty  ( 1386): uid=1000(system) ActivityManager expire 1 line
04-26 11:34:22.074 I/chatty  ( 1386): uid=1000(system) MultiTaskManage expire 1 line
04-26 11:34:22.087 D/ActivityThread(24059): Attach thread to application
04-26 11:34:22.105 E/LoadedApk(24059): Unable to instantiate appComponentFactory
04-26 11:34:22.105 E/LoadedApk(24059): java.lang.ClassNotFoundException: Didn't find class "com.che.truckhome.speed.appComponent" on path: DexPathList[[zip file "/system/framework/org.apache.http.legacy.boot.jar", zip file "/data/app/com.che.truckhome.speed-eaXWmEGfCTLHMZmceXfZoQ==/base.apk"],nativeLibraryDirectories=[/data/app/com.che.truckhome.speed-eaXWmEGfCTLHMZmceXfZoQ==/lib/arm, /data/app/com.che.truckhome.speed-eaXWmEGfCTLHMZmceXfZoQ==/base.apk!/lib/armeabi-v7a, /system/lib, /product/lib]]
04-26 11:34:22.105 E/LoadedApk(24059): 	at dalvik.system.BaseDexClassLoader.findClass(BaseDexClassLoader.java:134)
04-26 11:34:22.105 E/LoadedApk(24059): 	at java.lang.ClassLoader.loadClass(ClassLoader.java:379)
04-26 11:34:22.105 E/LoadedApk(24059): 	at java.lang.ClassLoader.loadClass(ClassLoader.java:312)
04-26 11:34:22.105 E/LoadedApk(24059): 	at android.app.LoadedApk.createAppFactory(LoadedApk.java:251)
04-26 11:34:22.105 E/LoadedApk(24059): 	at android.app.LoadedApk.createOrUpdateClassLoaderLocked(LoadedApk.java:792)
04-26 11:34:22.105 E/LoadedApk(24059): 	at android.app.LoadedApk.getClassLoader(LoadedApk.java:871)
04-26 11:34:22.105 E/LoadedApk(24059): 	at android.app.LoadedApk.getResources(LoadedApk.java:1122)
04-26 11:34:22.105 E/LoadedApk(24059): 	at android.app.ContextImpl.createAppContext(ContextImpl.java:2619)
04-26 11:34:22.105 E/LoadedApk(24059): 	at android.app.ActivityThread.handleBindApplication(ActivityThread.java:6514)
04-26 11:34:22.105 E/LoadedApk(24059): 	at android.app.ActivityThread.access$2000(ActivityThread.java:268)
04-26 11:34:22.105 E/LoadedApk(24059): 	at android.app.ActivityThread$H.handleMessage(ActivityThread.java:1995)
04-26 11:34:22.105 E/LoadedApk(24059): 	at android.os.Handler.dispatchMessage(Handler.java:109)
04-26 11:34:22.105 E/LoadedApk(24059): 	at android.os.Looper.loop(Looper.java:207)
04-26 11:34:22.105 E/LoadedApk(24059): 	at android.app.ActivityThread.main(ActivityThread.java:7539)
04-26 11:34:22.105 E/LoadedApk(24059): 	at java.lang.reflect.Method.invoke(Native Method)
04-26 11:34:22.105 E/LoadedApk(24059): 	at com.android.internal.os.RuntimeInit$MethodAndArgsCaller.run(RuntimeInit.java:524)
04-26 11:34:22.105 E/LoadedApk(24059): 	at com.android.internal.os.ZygoteInit.main(ZygoteInit.java:958)
04-26 11:34:22.831 E/ActivityThread(24059): Failed to find provider info for com.vivo.push.sdk.service.SystemPushConfig
04-26 11:34:22.833 E/ActivityThread(24059): Failed to find provider info for com.vivo.push.sdk.service.SystemPushConfig
04-26 11:34:22.908 I/chatty  ( 1386): uid=1000(system) ActivityManager expire 1 line
04-26 11:34:23.300 I/chatty  ( 1386): uid=1000(system) ConnectivitySer expire 95 lines
04-26 11:34:25.230 I/chatty  ( 1386): uid=1000(system) Binder:1386_10 expire 17 lines
04-26 11:34:26.868 V/ActivityThread(23322): Skipping new config:{1.0 460mcc2mnc [zh_CN_#Hans] ldltr sw360dp w360dp h696dp 480dpi nrml long port finger -keyb/v/h -nav/h winConfig={ mBounds=Rect(0, 0 - 0, 0) mAppBounds=Rect(0, 0 - 1080, 2160) mWindowingMode=fullscreen mActivityType=undefined} nonFullScreen=0 suim:1 s.7}, config:{1.0 460mcc2mnc [zh_CN_#Hans] ldltr sw360dp w360dp h696dp 480dpi nrml long port finger -keyb/v/h -nav/h winConfig={ mBounds=Rect(0, 0 - 0, 0) mAppBounds=Rect(0, 0 - 1080, 2160) mWindowingMode=fullscreen mActivityType=undefined} nonFullScreen=0 suim:1 s.7} for app:com.che.truckhome.speed
04-26 11:34:26.874 V/ActivityThread(23322): callActivityOnCreate
04-26 11:34:26.931 D/ActivityThread(23322): add activity client record, r= ActivityRecord{87632cb token=android.os.BinderProxy@cd19ce2 {com.che.truckhome.speed/com.che.truckhome.speed.mine.activity.UserDetailActivity}} token= android.os.BinderProxy@cd19ce2
04-26 11:34:27.120 I/chatty  ( 1386): uid=1000(system) android.display expire 2 lines
04-26 11:34:27.319 I/chatty  ( 1386): uid=1000(system) android.ui expire 32 lines
04-26 11:34:27.352 I/chatty  ( 1386): uid=1000(system) Binder:1386_F expire 3 lines
04-26 11:34:29.073 I/chatty  ( 1386): uid=1000(system) ConnectivitySer expire 3 lines
04-26 11:34:29.765 I/chatty  ( 1386): uid=1000(system) Binder:1386_18 expire 14 lines
04-26 11:34:32.125 I/storaged(  692): storaged_t::event: storage_info refreshed.
04-26 11:34:32.914 I/BoosterSwitchP( 1841): notifyUidState do nothing
04-26 11:34:32.914 I/DeepNoDisturbP( 1841): notifyUidState
04-26 11:34:32.914 I/HidataAppQoeP( 1841): notifyUidState
04-26 11:34:32.914 I/BrowserChrP( 1841): notifyUidState
04-26 11:34:33.410 I/chatty  ( 1386): uid=1000(system) Thread-41 expire 1 line
04-26 11:34:34.817 I/chatty  ( 1386): uid=1000(system) watchdog expire 2 lines
04-26 11:34:35.440 I/chatty  ( 1386): uid=1000(system) Binder:1386_C expire 3 lines
04-26 11:34:35.495 I/chatty  ( 1386): uid=1000(system) Binder:1386_D expire 20 lines
04-26 11:34:35.506 I/chatty  ( 1386): uid=1000(system) HwActivityManag expire 7 lines
04-26 11:34:35.506 V/ActivityThread(23322): Skipping new config:{1.0 460mcc2mnc [zh_CN_#Hans] ldltr sw360dp w360dp h696dp 480dpi nrml long port finger -keyb/v/h -nav/h winConfig={ mBounds=Rect(0, 0 - 0, 0) mAppBounds=Rect(0, 0 - 1080, 2160) mWindowingMode=fullscreen mActivityType=undefined} nonFullScreen=0 suim:1 s.7}, config:{1.0 460mcc2mnc [zh_CN_#Hans] ldltr sw360dp w360dp h696dp 480dpi nrml long port finger -keyb/v/h -nav/h winConfig={ mBounds=Rect(0, 0 - 0, 0) mAppBounds=Rect(0, 0 - 1080, 2160) mWindowingMode=fullscreen mActivityType=undefined} nonFullScreen=0 suim:1 s.7} for app:com.che.truckhome.speed
04-26 11:34:35.520 V/ActivityThread(23322): callActivityOnCreate
04-26 11:34:35.586 D/ActivityThread(23322): add activity client record, r= ActivityRecord{a30a4bc token=android.os.BinderProxy@9009bfc {com.che.truckhome.speed/com.che.truckhome.speed.community.activity.VideoDetailListActivity}} token= android.os.BinderProxy@9009bfc
04-26 11:34:35.605 I/chatty  ( 1386): uid=1000(system) HwGameAssistant expire 3 lines
04-26 11:34:35.629 I/CommandQueue( 1715): updateBarBgColor
04-26 11:34:35.629 D/CommandQueue( 1715): CommandQueue, setBarBackgroundColor
04-26 11:34:35.649 I/chatty  ( 1386): uid=1000(system) android.anim expire 12 lines
04-26 11:34:36.965 W/SocketListener(  560): sending broadcast to Pid = 1386, Uid = 1000 
04-26 11:34:36.967 I/chatty  ( 1386): uid=1000(system) NetdConnector expire 12 lines
04-26 11:34:36.970 I/chatty  ( 1386): uid=1000(system) android.fg expire 11 lines
04-26 11:34:36.974 I/chatty  ( 1386): uid=1000(system) NetworkStats expire 15 lines
04-26 11:34:38.038 I/chatty  ( 1386): uid=1000 system_server expire 6 lines
04-26 11:34:39.237 W/SocketListener(  560): sending broadcast to Pid = 1386, Uid = 1000 
04-26 11:34:41.247 W/SocketListener(  560): sending broadcast to Pid = 1386, Uid = 1000 
04-26 11:34:41.820 I/chatty  ( 1386): uid=1000(system) Binder:1386_18 expire 14 lines
04-26 11:34:46.836 I/chatty  ( 1386): uid=1000(system) UEventObserver expire 10 lines
04-26 11:34:46.850 I/chatty  ( 1386): uid=1000(system) HwBinder:1386_2 expire 1 line
04-26 11:34:47.445 W/SocketListener(  560): sending broadcast to Pid = 1386, Uid = 1000 
04-26 11:34:47.447 I/chatty  ( 1386): uid=1000(system) NetdConnector expire 4 lines
04-26 11:34:51.595 I/chatty  ( 1386): uid=1000(system) Binder:1386_1 expire 19 lines
04-26 11:35:00.149 I/chatty  ( 1386): uid=1000(system) Binder:1386_D expire 9 lines
04-26 11:35:17.653 W/SocketListener(  560): sending broadcast to Pid = 1386, Uid = 1000 
04-26 11:35:28.591 I/chatty  ( 1386): uid=1000(system) android.ui expire 29 lines
04-26 11:35:28.631 I/chatty  ( 1386): uid=1000(system) Binder:1386_1 expire 1 line
04-26 11:35:28.652 I/chatty  ( 1386): uid=1000(system) Binder:1386_18 expire 13 lines
04-26 11:35:28.742 I/CommandQueue( 1715): updateBarBgColor
04-26 11:35:28.742 D/CommandQueue( 1715): CommandQueue, setBarBackgroundColor
04-26 11:35:29.029 D/ActivityThread(23322): Remove activity client record, r= ActivityRecord{a30a4bc token=android.os.BinderProxy@9009bfc {com.che.truckhome.speed/com.che.truckhome.speed.community.activity.VideoDetailListActivity}} token= android.os.BinderProxy@9009bfc
04-26 11:35:29.037 I/chatty  ( 1386): uid=1000(system) Binder:1386_14 expire 5 lines
04-26 11:35:30.400 I/chatty  ( 1386): uid=1000(system) android.anim expire 35 lines
04-26 11:35:30.657 D/ActivityThread(23322): Remove activity client record, r= ActivityRecord{87632cb token=android.os.BinderProxy@cd19ce2 {com.che.truckhome.speed/com.che.truckhome.speed.mine.activity.UserDetailActivity}} token= android.os.BinderProxy@cd19ce2
04-26 11:35:31.027 I/chatty  ( 1386): uid=1000(system) android.ui expire 71 lines
04-26 11:35:31.097 I/chatty  ( 1386): uid=1000(system) HwGameAssistant expire 6 lines
04-26 11:35:31.098 I/chatty  ( 1386): uid=1000(system) HwActivityManag expire 11 lines
04-26 11:35:31.102 I/chatty  ( 1386): uid=1000(system) Binder:1386_18 expire 10 lines
04-26 11:35:31.450 D/ActivityThread(23322): Remove activity client record, r= ActivityRecord{7df2d67 token=android.os.BinderProxy@eadd351 {com.che.truckhome.speed/com.che.truckhome.speed.opinion.activity.OpinionDetailActivity}} token= android.os.BinderProxy@eadd351
04-26 11:35:31.453 I/chatty  ( 1386): uid=1000(system) Binder:1386_10 expire 26 lines
04-26 11:35:31.460 I/chatty  ( 1386): uid=1000(system) Binder:1386_F expire 6 lines
04-26 11:35:32.125 I/storaged(  692): storaged_t::event: storage_info refreshed.
04-26 11:35:32.253 D/ActivityThread(23322): Remove activity client record, r= ActivityRecord{e7523b3 token=android.os.BinderProxy@b90fd55 {com.che.truckhome.speed/com.che.truckhome.speed.mine.activity.UserDetailActivity}} token= android.os.BinderProxy@b90fd55
04-26 11:35:32.255 I/chatty  ( 1386): uid=1000(system) Binder:1386_C expire 3 lines
04-26 11:35:32.889 D/ActivityThread(23322): Remove activity client record, r= ActivityRecord{cb2f938 token=android.os.BinderProxy@bfb0faf {com.che.truckhome.speed/com.che.truckhome.speed.mine.activity.UserDetailActivity}} token= android.os.BinderProxy@bfb0faf
04-26 11:35:33.181 V/ActivityThread(23322): Skipping new config:{1.0 460mcc2mnc [zh_CN_#Hans] ldltr sw360dp w360dp h696dp 480dpi nrml long port finger -keyb/v/h -nav/h winConfig={ mBounds=Rect(0, 0 - 0, 0) mAppBounds=Rect(0, 0 - 1080, 2160) mWindowingMode=fullscreen mActivityType=undefined} nonFullScreen=0 suim:1 s.7}, config:{1.0 460mcc2mnc [zh_CN_#Hans] ldltr sw360dp w360dp h696dp 480dpi nrml long port finger -keyb/v/h -nav/h winConfig={ mBounds=Rect(0, 0 - 0, 0) mAppBounds=Rect(0, 0 - 1080, 2160) mWindowingMode=fullscreen mActivityType=undefined} nonFullScreen=0 suim:1 s.7} for app:com.che.truckhome.speed
04-26 11:35:33.242 V/ActivityThread(23322): callActivityOnCreate
04-26 11:35:33.343 D/ActivityThread(23322): add activity client record, r= ActivityRecord{a0a99b6 token=android.os.BinderProxy@a73d21e {com.che.truckhome.speed/com.che.truckhome.speed.home.MainActivity}} token= android.os.BinderProxy@a73d21e
04-26 11:35:33.403 I/chatty  ( 1386): uid=1000(system) Binder:1386_D expire 13 lines
04-26 11:35:33.872 I/chatty  ( 1386): uid=1000(system) android.display expire 2 lines
04-26 11:35:33.894 I/chatty  ( 1386): uid=1000(system) Binder:1386_14 expire 12 lines
04-26 11:35:34.253 D/ActivityThread(23322): Remove activity client record, r= ActivityRecord{3451ada token=android.os.BinderProxy@c2e6774 {com.che.truckhome.speed/com.che.truckhome.speed.community.activity.RichPostDetailActivity}} token= android.os.BinderProxy@c2e6774
04-26 11:35:34.274 I/chatty  ( 1386): uid=1000(system) ConnectivitySer expire 3 lines
04-26 11:35:34.585 I/chatty  ( 1386): uid=1000(system) Binder:1386_1 expire 19 lines
04-26 11:35:34.594 V/ActivityThread(23322): Skipping new config:{1.0 460mcc2mnc [zh_CN_#Hans] ldltr sw360dp w360dp h696dp 480dpi nrml long port finger -keyb/v/h -nav/h winConfig={ mBounds=Rect(0, 0 - 0, 0) mAppBounds=Rect(0, 0 - 1080, 2160) mWindowingMode=fullscreen mActivityType=undefined} nonFullScreen=0 suim:1 s.7}, config:{1.0 460mcc2mnc [zh_CN_#Hans] ldltr sw360dp w360dp h696dp 480dpi nrml long port finger -keyb/v/h -nav/h winConfig={ mBounds=Rect(0, 0 - 0, 0) mAppBounds=Rect(0, 0 - 1080, 2160) mWindowingMode=fullscreen mActivityType=undefined} nonFullScreen=0 suim:1 s.7} for app:com.che.truckhome.speed
04-26 11:35:34.598 V/ActivityThread(23322): callActivityOnCreate
04-26 11:35:34.623 D/ActivityThread(23322): add activity client record, r= ActivityRecord{bf376f token=android.os.BinderProxy@a4d2bab {com.che.truckhome.speed/com.che.truckhome.speed.login.LoginDialogActivity}} token= android.os.BinderProxy@a4d2bab
04-26 11:35:34.822 I/chatty  ( 1386): uid=1000(system) watchdog expire 1 line
04-26 11:35:35.554 I/CommandQueue( 1715): updateBarBgColor
04-26 11:35:35.554 D/CommandQueue( 1715): CommandQueue, setBarBackgroundColor
04-26 11:35:35.665 D/ActivityThread(23322): Remove activity client record, r= ActivityRecord{bf376f token=android.os.BinderProxy@a4d2bab {com.che.truckhome.speed/com.che.truckhome.speed.login.LoginDialogActivity}} token= android.os.BinderProxy@a4d2bab
04-26 11:35:41.100 W/SocketListener(  560): sending broadcast to Pid = 1386, Uid = 1000 
04-26 11:35:41.102 I/chatty  ( 1386): uid=1000(system) NetdConnector expire 8 lines
04-26 11:35:41.104 I/chatty  ( 1386): uid=1000(system) android.fg expire 4 lines
04-26 11:35:41.107 I/chatty  ( 1386): uid=1000(system) NetworkStats expire 10 lines
04-26 11:35:47.192 W/SocketListener(  560): sending broadcast to Pid = 1386, Uid = 1000 
04-26 11:35:48.205 I/chatty  ( 1386): uid=1000(system) Binder:1386_1 expire 14 lines
04-26 11:35:48.260 I/chatty  ( 1386): uid=1000(system) UEventObserver expire 5 lines
04-26 11:35:54.236 I/chatty  ( 1386): uid=1000(system) Binder:1386_10 expire 16 lines
04-26 11:35:57.247 I/chatty  ( 1386): uid=1000(system) Binder:1386_D expire 8 lines
04-26 11:36:00.005 I/chatty  ( 1386): uid=1000 system_server expire 15 lines
04-26 11:36:03.662 I/chatty  ( 1386): uid=1000(system) Binder:1386_14 expire 15 lines
04-26 11:36:04.824 I/chatty  ( 1386): uid=1000(system) watchdog expire 7 lines
04-26 11:36:09.300 I/chatty  ( 1386): uid=1000(system) Binder:1386_1 expire 14 lines
04-26 11:36:18.992 I/chatty  ( 1386): uid=1000(system) UEventObserver expire 10 lines
04-26 11:36:30.197 I/chatty  ( 1386): uid=1000(system) WifiStateMachin expire 4 lines
04-26 11:36:32.126 I/storaged(  692): storaged_t::event: storage_info refreshed.
04-26 11:36:33.173 W/SocketListener(  560): sending broadcast to Pid = 1386, Uid = 1000 
04-26 11:36:33.175 I/chatty  ( 1386): uid=1000(system) NetdConnector expire 8 lines
04-26 11:36:33.179 I/chatty  ( 1386): uid=1000(system) android.fg expire 8 lines
04-26 11:36:33.423 I/chatty  ( 1386): uid=1000(system) Binder:1386_10 expire 10 lines
04-26 11:36:55.488 I/chatty  ( 1386): uid=1000(system) ConnectivitySer expire 3 lines
04-26 11:37:00.291 I/chatty  ( 1386): uid=1000(system) NetworkStats expire 8 lines
04-26 11:37:00.330 I/chatty  ( 1386): uid=1000(system) Binder:1386_14 expire 17 lines
04-26 11:37:00.376 I/chatty  ( 1386): uid=1000(system) Binder:1386_C expire 8 lines
04-26 11:37:00.422 I/chatty  ( 1386): uid=1000(system) ActivityManager expire 1 line
04-26 11:37:00.422 I/chatty  ( 1386): uid=1000(system) MultiTaskManage expire 1 line
04-26 11:37:00.449 D/ActivityThread(24602): Attach thread to application
04-26 11:37:00.553 W/ContextImpl(24602): Calling a method in the system process without a qualified user: android.app.ContextImpl.startService:1760 android.content.ContextWrapper.startService:664 android.content.ContextWrapper.startService:664 com.huawei.hiwibd.android.trigger.HiWiTrigger.startHiWIService:154 com.huawei.hiwibd.android.trigger.HiWiReceiver$1.handleMessage:29 
04-26 11:37:00.565 I/BoosterSwitchP( 1841): notifyUidState do nothing
04-26 11:37:00.565 I/DeepNoDisturbP( 1841): notifyUidState
04-26 11:37:00.565 I/HidataAppQoeP( 1841): notifyUidState
04-26 11:37:00.565 I/BrowserChrP( 1841): notifyUidState
04-26 11:37:01.071 I/chatty  ( 1386): uid=1000(system) Thread-41 expire 1 line
04-26 11:37:03.587 I/chatty  ( 1386): uid=1000(system) Binder:1386_1 expire 15 lines
04-26 11:37:18.741 W/SocketListener(  560): sending broadcast to Pid = 1386, Uid = 1000 
04-26 11:37:20.437 I/chatty  ( 1386): uid=1000(system) UEventObserver expire 15 lines
04-26 11:37:28.885 I/chatty  ( 1386): uid=1000(system) HwWMStateMachin expire 1 line
04-26 11:37:32.126 I/storaged(  692): storaged_t::event: storage_info refreshed.
04-26 11:37:45.821 I/chatty  ( 1386): uid=1000(system) Binder:1386_10 expire 24 lines
04-26 11:38:00.004 I/chatty  ( 1386): uid=1000 system_server expire 4 lines
04-26 11:38:13.071 I/chatty  ( 1386): uid=1000(system) Binder:1386_14 expire 24 lines
04-26 11:38:32.127 I/storaged(  692): storaged_t::event: storage_info refreshed.
04-26 11:38:32.469 W/SocketListener(  560): sending broadcast to Pid = 1386, Uid = 1000 
04-26 11:38:52.579 I/chatty  ( 1386): uid=1000(system) UEventObserver expire 5 lines
04-26 11:38:58.226 I/chatty  ( 1386): uid=1000(system) Binder:1386_10 expire 7 lines
04-26 11:39:13.305 I/chatty  ( 1386): uid=1000(system) Binder:1386_1E expire 16 lines
04-26 11:39:16.363 I/chatty  ( 1386): uid=1000(system) Binder:1386_14 expire 12 lines
04-26 11:39:17.202 I/chatty  ( 1386): uid=1000(system) Binder:1386_1B expire 24 lines
04-26 11:39:23.308 I/chatty  ( 1386): uid=1000(system) UEventObserver expire 15 lines
04-26 11:39:25.370 I/chatty  ( 1386): uid=1000(system) Binder:1386_10 expire 24 lines
04-26 11:39:25.849 I/chatty  ( 1386): uid=1000 system_server expire 13 lines
04-26 11:39:25.922 I/chatty  ( 1386): uid=1000(system) SyncManager expire 3 lines
04-26 11:39:28.021 W/SocketListener(  560): sending broadcast to Pid = 1386, Uid = 1000 
