04-25 21:00:25.592 I/chatty  ( 1386): uid=1000(system) NetdConnector expire 4 lines
04-25 21:00:25.902 I/chatty  ( 1386): uid=1000(system) Binder:1386_6 expire 16 lines
04-25 21:00:27.181 I/chatty  ( 1386): uid=1000(system) watchdog expire 1 line
04-25 21:00:44.633 W/SettingsEx( 4354): SettingsEx.Systemex.getInt deprecated use Settings.System.getInt instead ;callers=com.huawei.recsys.util.SystemUtil.getNotificationUpdateMode:190 com.huawei.recsys.util.SystemUtil.isAllowUpdate:122 com.huawei.recsys.controller.notification.http.NotificationUpdateController.startNotificationUpdate:83 
04-25 21:00:44.638 I/chatty  ( 1386): uid=1000(system) Binder:1386_6 expire 11 lines
04-25 21:00:44.912 I/chatty  ( 1386): uid=1000(system) Binder:1386_D expire 8 lines
04-25 21:03:00.530 W/SocketListener(  560): sending broadcast to Pid = 1386, Uid = 1000 
04-25 21:03:01.276 I/chatty  ( 1386): uid=1000 system_server expire 1 line
04-25 21:03:01.376 I/chatty  ( 1386): uid=1000(system) Binder:1386_C expire 17 lines
04-25 21:03:01.400 W/SocketListener(  560): sending broadcast to Pid = 1386, Uid = 1000 
04-25 21:03:01.402 I/chatty  ( 1386): uid=1000(system) NetdConnector expire 10 lines
04-25 21:03:01.403 I/chatty  ( 1386): uid=1000(system) android.fg expire 10 lines
04-25 21:03:01.428 I/chatty  ( 1386): uid=1000(system) Binder:1386_2 expire 2 lines
04-25 21:03:01.439 I/chatty  ( 1386): uid=1000(system) Binder:1386_14 expire 3 lines
04-25 21:05:44.528 W/SocketListener(  560): sending broadcast to Pid = 1386, Uid = 1000 
04-25 21:05:44.557 I/chatty  ( 1386): uid=1000(system) Binder:1386_C expire 16 lines
04-25 21:05:44.578 W/SocketListener(  560): sending broadcast to Pid = 1386, Uid = 1000 
04-25 21:05:44.608 I/chatty  ( 1386): uid=1000(system) Binder:1386_6 expire 14 lines
04-25 21:10:45.532 W/SocketListener(  560): sending broadcast to Pid = 1386, Uid = 1000 
04-25 21:10:45.552 I/chatty  ( 1386): uid=1000(system) Binder:1386_12 expire 15 lines
04-25 21:10:45.576 W/SocketListener(  560): sending broadcast to Pid = 1386, Uid = 1000 
04-25 21:10:45.649 I/chatty  ( 1386): uid=1000(system) Binder:1386_C expire 5 lines
04-25 21:13:01.529 W/SocketListener(  560): sending broadcast to Pid = 1386, Uid = 1000 
04-25 21:13:01.530 I/chatty  ( 1386): uid=1000(system) NetdConnector expire 10 lines
04-25 21:13:01.549 I/chatty  ( 1386): uid=1000(system) NetworkStats expire 8 lines
04-25 21:13:01.563 I/chatty  ( 1386): uid=1000 system_server expire 7 lines
04-25 21:13:01.629 I/chatty  ( 1386): uid=1000(system) Binder:1386_12 expire 3 lines
04-25 21:13:01.630 I/chatty  ( 1386): uid=1000(system) Binder:1386_E expire 1 line
04-25 21:13:01.641 I/chatty  ( 1386): uid=1000(system) Binder:1386_A expire 15 lines
04-25 21:13:01.687 I/chatty  ( 1386): uid=1000(system) Binder:1386_1D expire 2 lines
04-25 21:13:01.705 W/SocketListener(  560): sending broadcast to Pid = 1386, Uid = 1000 
04-25 21:13:01.711 I/chatty  ( 1386): uid=1000(system) Binder:1386_6 expire 2 lines
04-25 21:13:01.896 I/chatty  ( 1386): uid=1000(system) PowerManagerSer expire 1 line
04-25 21:13:37.528 W/SocketListener(  560): sending broadcast to Pid = 1386, Uid = 1000 
04-25 21:13:37.538 I/chatty  ( 1386): uid=1000(system) Binder:1386_A expire 11 lines
04-25 21:13:37.573 W/SocketListener(  560): sending broadcast to Pid = 1386, Uid = 1000 
04-25 21:13:37.891 I/chatty  ( 1386): uid=1000(system) Binder:1386_1F expire 12 lines
04-25 21:15:05.529 W/SocketListener(  560): sending broadcast to Pid = 1386, Uid = 1000 
04-25 21:15:05.531 I/chatty  ( 1386): uid=1000(system) NetdConnector expire 10 lines
04-25 21:15:05.544 I/chatty  ( 1386): uid=1000(system) Binder:1386_A expire 21 lines
04-25 21:15:05.577 W/SocketListener(  560): sending broadcast to Pid = 1386, Uid = 1000 
04-25 21:15:05.580 I/chatty  ( 1386): uid=1000(system) android.fg expire 10 lines
04-25 21:15:09.974 I/storaged(  692): storaged_t::event: storage_info refreshed.
04-25 21:18:01.529 W/SocketListener(  560): sending broadcast to Pid = 1386, Uid = 1000 
04-25 21:18:02.992 I/chatty  ( 1386): uid=1000(system) watchdog expire 1 line
04-25 21:20:05.560 I/chatty  ( 1386): uid=1000(system) keyAppHanderThr expire 2 lines
04-25 21:20:05.580 W/SocketListener(  560): sending broadcast to Pid = 1386, Uid = 1000 
04-25 21:20:05.607 I/chatty  ( 1386): uid=1000(system) Binder:1386_F expire 10 lines
04-25 21:20:05.630 I/chatty  ( 1386): uid=1000(system) Binder:1386_1F expire 12 lines
04-25 21:20:05.668 I/chatty  ( 1386): uid=1000(system) Binder:1386_1E expire 17 lines
04-25 21:23:01.535 W/SocketListener(  560): sending broadcast to Pid = 1386, Uid = 1000 
04-25 21:23:01.537 I/chatty  ( 1386): uid=1000(system) NetdConnector expire 10 lines
04-25 21:23:01.591 I/chatty  ( 1386): uid=1000(system) Binder:1386_A expire 16 lines
04-25 21:23:01.653 W/SocketListener(  560): sending broadcast to Pid = 1386, Uid = 1000 
04-25 21:23:01.655 I/chatty  ( 1386): uid=1000(system) Binder:1386_1F expire 20 lines
04-25 21:25:06.528 W/SocketListener(  560): sending broadcast to Pid = 1386, Uid = 1000 
04-25 21:25:06.654 W/SocketListener(  560): sending broadcast to Pid = 1386, Uid = 1000 
04-25 21:30:07.534 W/SocketListener(  560): sending broadcast to Pid = 1386, Uid = 1000 
04-25 21:30:07.601 I/chatty  ( 1386): uid=1000(system) Binder:1386_1E expire 17 lines
04-25 21:30:07.628 W/SocketListener(  560): sending broadcast to Pid = 1386, Uid = 1000 
04-25 21:30:07.633 I/chatty  ( 1386): uid=1000(system) NetdConnector expire 4 lines
04-25 21:30:07.647 I/chatty  ( 1386): uid=1000(system) Binder:1386_7 expire 1 line
04-25 21:30:07.663 I/chatty  ( 1386): uid=1000(system) Binder:1386_A expire 4 lines
04-25 21:30:07.681 I/chatty  ( 1386): uid=1000(system) Binder:1386_1F expire 14 lines
04-25 21:33:01.528 W/SocketListener(  560): sending broadcast to Pid = 1386, Uid = 1000 
04-25 21:33:01.641 I/chatty  ( 1386): uid=1000(system) Binder:1386_A expire 23 lines
04-25 21:33:01.653 W/SocketListener(  560): sending broadcast to Pid = 1386, Uid = 1000 
04-25 21:33:01.655 I/chatty  ( 1386): uid=1000(system) NetdConnector expire 10 lines
04-25 21:33:01.657 I/chatty  ( 1386): uid=1000(system) android.fg expire 10 lines
04-25 21:35:07.528 W/SocketListener(  560): sending broadcast to Pid = 1386, Uid = 1000 
04-25 21:35:07.693 I/chatty  ( 1386): uid=1000 system_server expire 13 lines
04-25 21:35:07.696 I/chatty  ( 1386): uid=1000(system) Binder:1386_1F expire 19 lines
04-25 21:35:07.704 I/chatty  ( 1386): uid=1000(system) Binder:1386_F expire 20 lines
04-25 21:35:07.713 W/SocketListener(  560): sending broadcast to Pid = 1386, Uid = 1000 
04-25 21:40:08.532 W/SocketListener(  560): sending broadcast to Pid = 1386, Uid = 1000 
04-25 21:40:08.540 I/chatty  ( 1386): uid=1000(system) NetworkStats expire 8 lines
04-25 21:40:08.680 I/chatty  ( 1386): uid=1000(system) Binder:1386_7 expire 13 lines
04-25 21:40:08.684 I/chatty  ( 1386): uid=1000(system) Binder:1386_1E expire 17 lines
04-25 21:40:08.684 W/SocketListener(  560): sending broadcast to Pid = 1386, Uid = 1000 
04-25 21:40:08.686 I/chatty  ( 1386): uid=1000(system) NetdConnector expire 10 lines
04-25 21:40:08.701 W/ContextImpl(18536): Calling a method in the system process without a qualified user: android.app.ContextImpl.startService:1760 android.content.ContextWrapper.startService:664 android.content.ContextWrapper.startService:664 com.huawei.hiwibd.android.trigger.HiWiTrigger.startHiWIService:154 com.huawei.hiwibd.android.trigger.HiWiReceiver$1.handleMessage:29 
04-25 21:40:08.716 I/chatty  ( 1386): uid=1000(system) Binder:1386_1F expire 19 lines
04-25 21:43:01.528 W/SocketListener(  560): sending broadcast to Pid = 1386, Uid = 1000 
04-25 21:43:01.593 I/chatty  ( 1386): uid=1000(system) Binder:1386_A expire 23 lines
04-25 21:43:01.622 W/SocketListener(  560): sending broadcast to Pid = 1386, Uid = 1000 
04-25 21:43:01.645 I/chatty  ( 1386): uid=1000(system) keyAppHanderThr expire 10 lines
04-25 21:43:01.670 I/chatty  ( 1386): uid=1000(system) Binder:1386_F expire 10 lines
04-25 21:45:09.539 W/SocketListener(  560): sending broadcast to Pid = 1386, Uid = 1000 
04-25 21:45:09.580 W/SocketListener(  560): sending broadcast to Pid = 1386, Uid = 1000 
04-25 21:48:01.532 W/SocketListener(  560): sending broadcast to Pid = 1386, Uid = 1000 
04-25 21:48:01.534 I/chatty  ( 1386): uid=1000(system) NetdConnector expire 10 lines
04-25 21:50:09.588 I/chatty  ( 1386): uid=1000(system) Binder:1386_A expire 19 lines
04-25 21:50:09.686 W/SocketListener(  560): sending broadcast to Pid = 1386, Uid = 1000 
04-25 21:50:09.689 I/chatty  ( 1386): uid=1000(system) android.fg expire 8 lines
04-25 21:50:09.704 I/chatty  ( 1386): uid=1000(system) Binder:1386_2 expire 10 lines
04-25 21:53:01.534 W/SocketListener(  560): sending broadcast to Pid = 1386, Uid = 1000 
04-25 21:53:01.604 I/chatty  ( 1386): uid=1000(system) Binder:1386_1C expire 12 lines
04-25 21:53:01.650 W/SocketListener(  560): sending broadcast to Pid = 1386, Uid = 1000 
04-25 21:53:01.711 I/chatty  ( 1386): uid=1000(system) Binder:1386_1E expire 11 lines
04-25 21:55:10.531 W/SocketListener(  560): sending broadcast to Pid = 1386, Uid = 1000 
04-25 21:55:10.554 I/chatty  ( 1386): uid=1000(system) Binder:1386_7 expire 16 lines
04-25 21:55:10.573 W/SocketListener(  560): sending broadcast to Pid = 1386, Uid = 1000 
04-25 21:55:10.575 I/chatty  ( 1386): uid=1000(system) NetdConnector expire 8 lines
04-25 22:00:00.532 W/SocketListener(  560): sending broadcast to Pid = 1386, Uid = 1000 
04-25 22:00:00.573 I/chatty  ( 1386): uid=1000(system) Binder:1386_1C expire 2 lines
04-25 22:00:00.587 I/chatty  ( 1386): uid=1000(system) Binder:1386_7 expire 7 lines
04-25 22:00:00.640 I/chatty  ( 1386): uid=1000(system) AudioService expire 1 line
04-25 22:00:10.645 W/SocketListener(  560): sending broadcast to Pid = 1386, Uid = 1000 
04-25 22:00:10.696 I/chatty  ( 1386): uid=1000(system) Binder:1386_1F expire 2 lines
04-25 22:03:01.528 W/SocketListener(  560): sending broadcast to Pid = 1386, Uid = 1000 
04-25 22:03:01.548 I/chatty  ( 1386): uid=1000(system) keyAppHanderThr expire 1 line
04-25 22:03:01.620 I/chatty  ( 1386): uid=1000(system) Binder:1386_3 expire 10 lines
04-25 22:03:01.650 W/SocketListener(  560): sending broadcast to Pid = 1386, Uid = 1000 
04-25 22:03:01.651 I/chatty  ( 1386): uid=1000(system) NetdConnector expire 10 lines
04-25 22:03:01.653 I/chatty  ( 1386): uid=1000(system) android.fg expire 10 lines
04-25 22:03:01.654 I/chatty  ( 1386): uid=1000(system) Binder:1386_1E expire 22 lines
04-25 22:05:11.528 W/SocketListener(  560): sending broadcast to Pid = 1386, Uid = 1000 
04-25 22:05:11.549 I/chatty  ( 1386): uid=1000(system) Binder:1386_3 expire 15 lines
04-25 22:05:11.559 I/chatty  ( 1386): uid=1000(system) Binder:1386_2 expire 12 lines
04-25 22:05:11.571 W/SocketListener(  560): sending broadcast to Pid = 1386, Uid = 1000 
04-25 22:05:11.611 I/chatty  ( 1386): uid=1000(system) Binder:1386_1F expire 20 lines
04-25 22:10:12.527 W/SocketListener(  560): sending broadcast to Pid = 1386, Uid = 1000 
04-25 22:10:12.530 I/chatty  ( 1386): uid=1000(system) NetworkStats expire 8 lines
04-25 22:10:12.578 I/chatty  ( 1386): uid=1000 system_server expire 160 lines
04-25 22:10:12.619 I/chatty  ( 1386): uid=1000(system) Binder:1386_3 expire 16 lines
04-25 22:10:12.631 W/SocketListener(  560): sending broadcast to Pid = 1386, Uid = 1000 
04-25 22:10:12.633 I/chatty  ( 1386): uid=1000(system) NetdConnector expire 10 lines
04-25 22:10:12.649 I/chatty  ( 1386): uid=1000(system) Binder:1386_1E expire 11 lines
04-25 22:10:12.666 I/chatty  ( 1386): uid=1000(system) Binder:1386_D expire 17 lines
04-25 22:13:01.528 W/SocketListener(  560): sending broadcast to Pid = 1386, Uid = 1000 
04-25 22:13:01.571 I/chatty  ( 1386): uid=1000(system) Binder:1386_2 expire 25 lines
04-25 22:13:01.610 W/SocketListener(  560): sending broadcast to Pid = 1386, Uid = 1000 
04-25 22:13:01.823 I/chatty  ( 1386): uid=1000(system) PowerManagerSer expire 1 line
04-25 22:15:13.532 W/SocketListener(  560): sending broadcast to Pid = 1386, Uid = 1000 
04-25 22:15:13.575 W/SocketListener(  560): sending broadcast to Pid = 1386, Uid = 1000 
04-25 22:15:13.602 I/chatty  ( 1386): uid=1000(system) Binder:1386_1E expire 13 lines
04-25 22:18:01.527 I/chatty  ( 1386): uid=1000(system) watchdog expire 1 line
04-25 22:18:01.531 W/SocketListener(  560): sending broadcast to Pid = 1386, Uid = 1000 
04-25 22:18:01.533 I/chatty  ( 1386): uid=1000(system) NetdConnector expire 10 lines
04-25 22:20:13.640 I/chatty  ( 1386): uid=1000(system) keyAppHanderThr expire 2 lines
04-25 22:20:13.656 W/SocketListener(  560): sending broadcast to Pid = 1386, Uid = 1000 
04-25 22:20:13.657 I/chatty  ( 1386): uid=1000(system) Binder:1386_1F expire 3 lines
04-25 22:20:13.660 I/chatty  ( 1386): uid=1000(system) android.fg expire 7 lines
04-25 22:20:13.711 I/chatty  ( 1386): uid=1000(system) Binder:1386_2 expire 12 lines
04-25 22:23:01.530 W/SocketListener(  560): sending broadcast to Pid = 1386, Uid = 1000 
04-25 22:23:01.621 I/chatty  ( 1386): uid=1000(system) Binder:1386_2 expire 1 line
04-25 22:23:01.666 W/SocketListener(  560): sending broadcast to Pid = 1386, Uid = 1000 
04-25 22:23:01.670 I/chatty  ( 1386): uid=1000(system) Binder:1386_D expire 20 lines
04-25 22:25:14.528 W/SocketListener(  560): sending broadcast to Pid = 1386, Uid = 1000 
04-25 22:25:14.578 W/SocketListener(  560): sending broadcast to Pid = 1386, Uid = 1000 
04-25 22:25:14.581 I/chatty  ( 1386): uid=1000(system) NetdConnector expire 8 lines
04-25 22:25:48.532 I/chatty  ( 1386): uid=1000(system) AlarmManager expire 2 lines
04-25 22:25:48.533 W/SocketListener(  560): sending broadcast to Pid = 1386, Uid = 1000 
04-25 22:25:48.615 I/chatty  ( 1386): uid=1000(system) android.bg expire 2 lines
04-25 22:25:48.647 I/chatty  ( 1386): uid=1000(system) Binder:1386_1E expire 18 lines
04-25 22:25:48.700 I/chatty  ( 1386): uid=1000(system) Binder:1386_3 expire 309 lines
04-25 22:25:48.778 I/chatty  ( 1386): uid=1000(system) LocationThread expire 1 line
04-25 22:25:48.877 W/SocketListener(  560): sending broadcast to Pid = 1386, Uid = 1000 
04-25 22:25:51.777 I/chatty  ( 1386): uid=1000 system_server expire 14 lines
04-25 22:25:51.819 I/chatty  ( 1386): uid=1000(system) Binder:1386_1E expire 12 lines
04-25 22:25:53.330 I/chatty  ( 1386): uid=1000(system) ConnectivitySer expire 25 lines
04-25 22:25:58.819 I/chatty  ( 1386): uid=1000(system) Binder:1386_3 expire 14 lines
04-25 22:25:58.850 I/BoosterSwitchP( 1841): notifyUidState do nothing
04-25 22:25:58.850 I/DeepNoDisturbP( 1841): notifyUidState
04-25 22:25:58.850 I/HidataAppQoeP( 1841): notifyUidState
04-25 22:25:58.850 I/BrowserChrP( 1841): notifyUidState
04-25 22:25:58.887 I/chatty  ( 1386): uid=1000(system) Binder:1386_D expire 2 lines
04-25 22:25:58.931 I/BoosterSwitchP( 1841): notifyUidState do nothing
04-25 22:25:58.931 I/DeepNoDisturbP( 1841): notifyUidState
04-25 22:25:58.931 I/HidataAppQoeP( 1841): notifyUidState
04-25 22:25:58.931 I/BrowserChrP( 1841): notifyUidState
04-25 22:25:59.346 I/chatty  ( 1386): uid=1000(system) Thread-41 expire 2 lines
04-25 22:25:59.421 W/SocketListener(  560): sending broadcast to Pid = 1386, Uid = 1000 
04-25 22:25:59.425 I/chatty  ( 1386): uid=1000(system) NetdConnector expire 10 lines
04-25 22:25:59.433 I/chatty  ( 1386): uid=1000(system) android.fg expire 10 lines
04-25 22:25:59.930 I/chatty  ( 1386): uid=1000(system) ActivityManager expire 2 lines
04-25 22:25:59.970 I/chatty  ( 1386): uid=1000(system) ActivityManager expire 1 line
04-25 22:25:59.971 I/chatty  ( 1386): uid=1000(system) MultiTaskManage expire 1 line
04-25 22:25:59.997 I/chatty  ( 1386): uid=1000(system) keyAppHanderThr expire 6 lines
04-25 22:25:59.997 D/ActivityThread(18872): Attach thread to application
04-25 22:26:00.011 I/chatty  ( 1386): uid=1000(system) Binder:1386_1C expire 11 lines
04-25 22:26:00.029 I/chatty  ( 1386): uid=1000(system) Binder:1386_7 expire 284 lines
04-25 22:26:01.258 E/ActivityThread(18872): Failed to find provider info for com.tencent.mm.coolassist.debugprovider
04-25 22:26:10.036 I/chatty  ( 1386): uid=1000(system) Binder:1386_A expire 18 lines
04-25 22:26:10.080 I/storaged(  692): storaged_t::event: storage_info refreshed.
04-25 22:26:10.080 I/storaged(  692): storaged_t::event: Pidm reported.
04-25 22:26:10.081 E/storaged(  692): pid_info get_pids failed
04-25 22:26:12.584 I/chatty  ( 1386): uid=1000(system) Binder:1386_7 expire 24 lines
04-25 22:26:12.930 I/chatty  ( 1386): uid=1000(system) watchdog expire 1 line
04-25 22:26:18.803 I/chatty  ( 1386): uid=1000(system) android.bg expire 5 lines
04-25 22:26:18.894 I/chatty  ( 1386): uid=1000(system) NetworkPolicy expire 1 line
04-25 22:26:18.898 I/chatty  ( 1386): uid=1000 system_server expire 8 lines
04-25 22:30:14.532 W/SocketListener(  560): sending broadcast to Pid = 1386, Uid = 1000 
04-25 22:30:14.685 W/SocketListener(  560): sending broadcast to Pid = 1386, Uid = 1000 
04-25 22:30:14.699 I/chatty  ( 1386): uid=1000(system) Binder:1386_A expire 11 lines
04-25 22:30:53.528 W/SocketListener(  560): sending broadcast to Pid = 1386, Uid = 1000 
04-25 22:33:01.278 I/chatty  ( 1386): uid=1000(system) Binder:1386_1E expire 11 lines
04-25 22:33:01.316 W/SocketListener(  560): sending broadcast to Pid = 1386, Uid = 1000 
04-25 22:33:01.317 I/chatty  ( 1386): uid=1000(system) NetdConnector expire 10 lines
04-25 22:35:14.528 W/SocketListener(  560): sending broadcast to Pid = 1386, Uid = 1000 
04-25 22:35:14.744 I/chatty  ( 1386): uid=1000(system) Binder:1386_3 expire 18 lines
04-25 22:35:14.764 W/SocketListener(  560): sending broadcast to Pid = 1386, Uid = 1000 
04-25 22:35:14.789 I/chatty  ( 1386): uid=1000(system) Binder:1386_1E expire 16 lines
04-25 22:40:15.528 W/SocketListener(  560): sending broadcast to Pid = 1386, Uid = 1000 
04-25 22:40:15.538 I/chatty  ( 1386): uid=1000(system) NetworkStats expire 8 lines
04-25 22:40:15.672 W/SocketListener(  560): sending broadcast to Pid = 1386, Uid = 1000 
04-25 22:40:15.674 I/chatty  ( 1386): uid=1000(system) NetdConnector expire 10 lines
04-25 22:40:15.676 I/chatty  ( 1386): uid=1000(system) android.fg expire 8 lines
04-25 22:40:15.697 I/chatty  ( 1386): uid=1000(system) Binder:1386_7 expire 3 lines
04-25 22:40:15.714 I/chatty  ( 1386): uid=1000(system) Binder:1386_3 expire 7 lines
04-25 22:43:01.528 W/SocketListener(  560): sending broadcast to Pid = 1386, Uid = 1000 
04-25 22:43:01.576 I/chatty  ( 1386): uid=1000(system) Binder:1386_2 expire 3 lines
04-25 22:43:01.620 W/SocketListener(  560): sending broadcast to Pid = 1386, Uid = 1000 
04-25 22:45:16.532 W/SocketListener(  560): sending broadcast to Pid = 1386, Uid = 1000 
04-25 22:45:16.558 I/chatty  ( 1386): uid=1000(system) Binder:1386_1C expire 17 lines
04-25 22:45:16.565 I/chatty  ( 1386): uid=1000(system) Binder:1386_1E expire 11 lines
04-25 22:45:16.578 W/SocketListener(  560): sending broadcast to Pid = 1386, Uid = 1000 
04-25 22:48:01.532 W/SocketListener(  560): sending broadcast to Pid = 1386, Uid = 1000 
04-25 22:48:01.534 I/chatty  ( 1386): uid=1000(system) NetdConnector expire 6 lines
04-25 22:50:16.650 I/chatty  ( 1386): uid=1000(system) Binder:1386_A expire 16 lines
04-25 22:50:16.673 W/SocketListener(  560): sending broadcast to Pid = 1386, Uid = 1000 
04-25 22:50:16.723 I/chatty  ( 1386): uid=1000(system) Binder:1386_1C expire 1 line
04-25 22:53:01.528 W/SocketListener(  560): sending broadcast to Pid = 1386, Uid = 1000 
04-25 22:53:01.560 I/chatty  ( 1386): uid=1000(system) Binder:1386_A expire 1 line
04-25 22:53:01.576 I/chatty  ( 1386): uid=1000(system) Binder:1386_1F expire 24 lines
04-25 22:53:01.581 I/chatty  ( 1386): uid=1000(system) Binder:1386_3 expire 10 lines
04-25 22:53:01.613 I/chatty  ( 1386): uid=1000(system) Binder:1386_1C expire 12 lines
04-25 22:53:01.614 I/chatty  ( 1386): uid=1000(system) Binder:1386_1E expire 3 lines
04-25 22:53:01.629 I/chatty  ( 1386): uid=1000(system) Binder:1386_2 expire 19 lines
04-25 22:53:01.661 W/SocketListener(  560): sending broadcast to Pid = 1386, Uid = 1000 
04-25 22:53:01.664 I/chatty  ( 1386): uid=1000(system) NetdConnector expire 10 lines
04-25 22:53:01.666 I/chatty  ( 1386): uid=1000(system) android.fg expire 10 lines
04-25 22:53:01.668 I/chatty  ( 1386): uid=1000(system) Binder:1386_A expire 7 lines
04-25 22:55:17.540 W/SocketListener(  560): sending broadcast to Pid = 1386, Uid = 1000 
04-25 22:55:17.568 W/SocketListener(  560): sending broadcast to Pid = 1386, Uid = 1000 
04-25 23:00:18.533 W/SocketListener(  560): sending broadcast to Pid = 1386, Uid = 1000 
04-25 23:00:18.580 I/chatty  ( 1386): uid=1000(system) Binder:1386_7 expire 16 lines
04-25 23:00:18.591 W/SocketListener(  560): sending broadcast to Pid = 1386, Uid = 1000 
04-25 23:00:18.649 I/chatty  ( 1386): uid=1000(system) Binder:1386_F expire 19 lines
04-25 23:03:01.536 W/SocketListener(  560): sending broadcast to Pid = 1386, Uid = 1000 
04-25 23:03:01.538 I/chatty  ( 1386): uid=1000(system) NetdConnector expire 12 lines
04-25 23:03:01.551 I/chatty  ( 1386): uid=1000 system_server expire 6 lines
04-25 23:03:01.551 I/chatty  ( 1386): uid=1000(system) keyAppHanderThr expire 1 line
04-25 23:03:01.607 I/chatty  ( 1386): uid=1000(system) Binder:1386_2 expire 8 lines
04-25 23:03:01.639 W/SocketListener(  560): sending broadcast to Pid = 1386, Uid = 1000 
04-25 23:05:19.536 W/SocketListener(  560): sending broadcast to Pid = 1386, Uid = 1000 
04-25 23:05:19.560 I/chatty  ( 1386): uid=1000(system) Binder:1386_7 expire 19 lines
04-25 23:05:19.569 I/chatty  ( 1386): uid=1000(system) Binder:1386_3 expire 3 lines
04-25 23:05:19.580 W/SocketListener(  560): sending broadcast to Pid = 1386, Uid = 1000 
04-25 23:10:20.532 I/chatty  ( 1386): uid=1000(system) watchdog expire 1 line
04-25 23:10:20.537 W/SocketListener(  560): sending broadcast to Pid = 1386, Uid = 1000 
04-25 23:10:20.547 I/chatty  ( 1386): uid=1000(system) NetworkStats expire 8 lines
04-25 23:10:20.557 I/chatty  ( 1386): uid=1000(system) Binder:1386_7 expire 8 lines
04-25 23:10:20.654 W/SocketListener(  560): sending broadcast to Pid = 1386, Uid = 1000 
04-25 23:10:20.657 I/chatty  ( 1386): uid=1000(system) NetdConnector expire 10 lines
04-25 23:10:20.659 I/chatty  ( 1386): uid=1000(system) android.fg expire 5 lines
04-25 23:10:20.682 I/chatty  ( 1386): uid=1000(system) Binder:1386_1C expire 3 lines
04-25 23:10:20.685 I/chatty  ( 1386): uid=1000(system) Binder:1386_F expire 121 lines
04-25 23:13:01.529 W/SocketListener(  560): sending broadcast to Pid = 1386, Uid = 1000 
04-25 23:13:01.555 I/chatty  ( 1386): uid=1000(system) Binder:1386_17 expire 13 lines
04-25 23:13:01.567 I/chatty  ( 1386): uid=1000(system) Binder:1386_6 expire 10 lines
04-25 23:13:01.603 W/SocketListener(  560): sending broadcast to Pid = 1386, Uid = 1000 
04-25 23:13:01.768 I/chatty  ( 1386): uid=1000(system) PowerManagerSer expire 1 line
04-25 23:15:21.532 W/SocketListener(  560): sending broadcast to Pid = 1386, Uid = 1000 
04-25 23:15:21.558 I/chatty  ( 1386): uid=1000(system) Binder:1386_17 expire 51 lines
04-25 23:15:21.580 I/chatty  ( 1386): uid=1000(system) Binder:1386_19 expire 13 lines
04-25 23:15:21.583 W/SocketListener(  560): sending broadcast to Pid = 1386, Uid = 1000 
04-25 23:15:21.616 I/chatty  ( 1386): uid=1000(system) ActivityManager expire 2 lines
04-25 23:15:21.616 I/chatty  ( 1386): uid=1000(system) MultiTaskManage expire 2 lines
04-25 23:15:21.634 D/ActivityThread(18997): Attach thread to application
04-25 23:15:21.645 I/chatty  ( 1386): uid=1000(system) android.bg expire 2 lines
04-25 23:15:21.653 I/chatty  ( 1386): uid=1000(system) NetdConnector expire 16 lines
04-25 23:15:21.656 I/chatty  ( 1386): uid=1000(system) tworkPolicy.uid expire 5 lines
04-25 23:15:21.749 I/chatty  ( 1386): uid=1000(system) Binder:1386_6 expire 2 lines
04-25 23:15:21.972 D/ActivityThread(19031): Attach thread to application
04-25 23:15:22.251 I/chatty  ( 1386): uid=1000(system) ActivityManager expire 8 lines
04-25 23:15:22.309 I/chatty  ( 1386): uid=1000(system) Binder:1386_17 expire 30 lines
04-25 23:15:22.309 I/chatty  ( 1386): uid=1000(system) Binder:1386_19 expire 61 lines
04-25 23:15:22.347 I/chatty  ( 1386): uid=1000(system) Binder:1386_12 expire 9 lines
04-25 23:15:22.349 I/chatty  ( 1386): uid=1000 system_server expire 30 lines
04-25 23:15:22.640 I/chatty  ( 1386): uid=1000(system) Binder:1386_F expire 122 lines
04-25 23:15:23.344 I/chatty  ( 1386): uid=1000(system) NetdConnector expire 10 lines
04-25 23:15:25.268 W/SocketListener(  560): sending broadcast to Pid = 1386, Uid = 1000 
04-25 23:15:25.280 I/chatty  ( 1386): uid=1000(system) android.fg expire 11 lines
04-25 23:15:26.750 I/chatty  ( 1386): uid=1000(system) Binder:1386_6 expire 77 lines
04-25 23:15:26.773 I/chatty  ( 1386): uid=1000(system) ActivityManager expire 1 line
04-25 23:15:26.775 I/chatty  ( 1386): uid=1000(system) MultiTaskManage expire 1 line
04-25 23:15:26.809 D/ActivityThread(19171): Attach thread to application
04-25 23:15:26.811 I/chatty  ( 1386): uid=1000(system) ConnectivitySer expire 24 lines
04-25 23:15:27.376 I/chatty  ( 1386): uid=1000(system) Binder:1386_3 expire 41 lines
04-25 23:15:27.716 I/chatty  ( 1386): uid=1000(system) android.bg expire 1 line
04-25 23:15:32.876 W/SocketListener(  560): sending broadcast to Pid = 1386, Uid = 1000 
04-25 23:15:32.885 I/chatty  ( 1386): uid=1000(system) NetworkStats expire 20 lines
04-25 23:15:34.878 W/SocketListener(  560): sending broadcast to Pid = 1386, Uid = 1000 
04-25 23:15:34.882 I/chatty  ( 1386): uid=1000(system) NetdConnector expire 12 lines
04-25 23:15:36.879 W/SocketListener(  560): sending broadcast to Pid = 1386, Uid = 1000 
04-25 23:15:38.884 W/SocketListener(  560): sending broadcast to Pid = 1386, Uid = 1000 
04-25 23:16:32.528 W/SocketListener(  560): sending broadcast to Pid = 1386, Uid = 1000 
04-25 23:16:32.530 I/chatty  ( 1386): uid=1000(system) NetdConnector expire 20 lines
04-25 23:16:32.533 I/chatty  ( 1386): uid=1000(system) android.fg expire 10 lines
04-25 23:16:32.543 W/SocketListener(  560): sending broadcast to Pid = 1386, Uid = 1000 
04-25 23:16:33.547 W/SocketListener(  560): sending broadcast to Pid = 1386, Uid = 1000 
04-25 23:16:33.567 I/chatty  ( 1386): uid=1000(system) NetworkStats expire 20 lines
04-25 23:16:35.547 W/SocketListener(  560): sending broadcast to Pid = 1386, Uid = 1000 
04-25 23:16:36.048 I/storaged(  692): storaged_t::event: storage_info refreshed.
04-25 23:16:37.552 W/SocketListener(  560): sending broadcast to Pid = 1386, Uid = 1000 
04-25 23:16:38.966 I/chatty  ( 1386): uid=1000(system) watchdog expire 1 line
04-25 23:16:39.555 W/SocketListener(  560): sending broadcast to Pid = 1386, Uid = 1000 
04-25 23:18:01.529 W/SocketListener(  560): sending broadcast to Pid = 1386, Uid = 1000 
04-25 23:18:01.533 I/chatty  ( 1386): uid=1000(system) NetdConnector expire 8 lines
04-25 23:18:01.540 I/chatty  ( 1386): uid=1000(system) android.fg expire 4 lines
04-25 23:18:02.464 W/SocketListener(  560): sending broadcast to Pid = 1386, Uid = 1000 
04-25 23:19:48.533 W/SocketListener(  560): sending broadcast to Pid = 1386, Uid = 1000 
04-25 23:20:21.658 I/chatty  ( 1386): uid=1000(system) Binder:1386_6 expire 21 lines
04-25 23:20:21.702 I/chatty  ( 1386): uid=1000(system) keyAppHanderThr expire 2 lines
04-25 23:20:21.705 I/chatty  ( 1386): uid=1000(system) Binder:1386_1E expire 1 line
04-25 23:20:21.718 W/SocketListener(  560): sending broadcast to Pid = 1386, Uid = 1000 
04-25 23:20:21.756 I/chatty  ( 1386): uid=1000(system) Binder:1386_3 expire 6 lines
04-25 23:20:21.769 I/chatty  ( 1386): uid=1000(system) Binder:1386_1D expire 2 lines
04-25 23:20:21.773 I/chatty  ( 1386): uid=1000(system) Binder:1386_1F expire 10 lines
04-25 23:20:21.800 I/chatty  ( 1386): uid=1000(system) Binder:1386_6 expire 7 lines
04-25 23:20:21.821 I/chatty  ( 1386): uid=1000(system) Binder:1386_1D expire 6 lines
04-25 23:20:23.545 I/chatty  ( 1386): uid=1000(system) ConnectivitySer expire 16 lines
04-25 23:20:35.388 W/SocketListener(  560): sending broadcast to Pid = 1386, Uid = 1000 
04-25 23:20:35.392 I/chatty  ( 1386): uid=1000(system) NetdConnector expire 10 lines
04-25 23:20:35.398 I/chatty  ( 1386): uid=1000(system) android.fg expire 10 lines
04-25 23:23:01.529 W/SocketListener(  560): sending broadcast to Pid = 1386, Uid = 1000 
04-25 23:23:01.560 I/chatty  ( 1386): uid=1000(system) Binder:1386_3 expire 4 lines
04-25 23:23:01.612 I/chatty  ( 1386): uid=1000(system) Binder:1386_1E expire 22 lines
04-25 23:23:01.630 I/chatty  ( 1386): uid=1000(system) Binder:1386_2 expire 11 lines
04-25 23:23:01.667 W/SocketListener(  560): sending broadcast to Pid = 1386, Uid = 1000 
04-25 23:25:21.528 W/SocketListener(  560): sending broadcast to Pid = 1386, Uid = 1000 
04-25 23:25:21.795 I/chatty  ( 1386): uid=1000 system_server expire 3 lines
04-25 23:25:21.829 W/SocketListener(  560): sending broadcast to Pid = 1386, Uid = 1000 
04-25 23:25:26.573 I/chatty  ( 1386): uid=1000(system) PackageManager expire 10 lines
04-25 23:25:26.600 I/chatty  ( 1386): uid=1000(system) ActivityManager expire 1 line
04-25 23:25:26.600 I/chatty  ( 1386): uid=1000(system) MultiTaskManage expire 1 line
04-25 23:25:26.619 D/ActivityThread(19287): Attach thread to application
04-25 23:25:26.621 I/chatty  ( 1386): uid=1000(system) Binder:1386_1F expire 24 lines
04-25 23:25:27.997 I/chatty  ( 1386): uid=1000(system) ActivityManager expire 36 lines
04-25 23:25:28.005 I/BoosterSwitchP( 1841): notifyUidState do nothing
04-25 23:25:28.005 I/DeepNoDisturbP( 1841): notifyUidState
04-25 23:25:28.005 I/HidataAppQoeP( 1841): notifyUidState
04-25 23:25:28.005 I/BrowserChrP( 1841): notifyUidState
04-25 23:25:28.046 I/chatty  ( 1386): uid=1000(system) Binder:1386_14 expire 6 lines
04-25 23:25:28.052 I/chatty  ( 1386): uid=1000(system) Binder:1386_E expire 10 lines
04-25 23:25:28.096 I/chatty  ( 1386): uid=1000(system) Binder:1386_18 expire 2 lines
04-25 23:25:28.096 I/chatty  ( 1386): uid=1000(system) Binder:1386_13 expire 1 line
04-25 23:25:28.096 I/chatty  ( 1386): uid=1000(system) Binder:1386_12 expire 1 line
04-25 23:25:28.113 I/chatty  ( 1386): uid=1000(system) Binder:1386_11 expire 5 lines
04-25 23:25:28.125 I/chatty  ( 1386): uid=1000(system) Binder:1386_1 expire 1 line
04-25 23:25:28.163 I/chatty  ( 1386): uid=1000(system) android.display expire 1 line
04-25 23:25:28.201 I/BoosterSwitchP( 1841): notifyUidState do nothing
04-25 23:25:28.201 I/DeepNoDisturbP( 1841): notifyUidState
04-25 23:25:28.201 I/HidataAppQoeP( 1841): notifyUidState
04-25 23:25:28.201 I/BrowserChrP( 1841): notifyUidState
04-25 23:25:28.203 I/BoosterSwitchP( 1841): notifyUidState do nothing
04-25 23:25:28.203 I/DeepNoDisturbP( 1841): notifyUidState
04-25 23:25:28.203 I/HidataAppQoeP( 1841): notifyUidState
04-25 23:25:28.203 I/BrowserChrP( 1841): notifyUidState
04-25 23:25:28.203 I/BoosterSwitchP( 1841): notifyUidState do nothing
04-25 23:25:28.203 I/DeepNoDisturbP( 1841): notifyUidState
04-25 23:25:28.203 I/HidataAppQoeP( 1841): notifyUidState
04-25 23:25:28.203 I/BrowserChrP( 1841): notifyUidState
04-25 23:25:28.204 I/BoosterSwitchP( 1841): notifyUidState do nothing
04-25 23:25:28.204 I/DeepNoDisturbP( 1841): notifyUidState
04-25 23:25:28.204 I/HidataAppQoeP( 1841): notifyUidState
04-25 23:25:28.204 I/BrowserChrP( 1841): notifyUidState
04-25 23:25:28.204 I/BoosterSwitchP( 1841): notifyUidState do nothing
04-25 23:25:28.204 I/DeepNoDisturbP( 1841): notifyUidState
04-25 23:25:28.204 I/HidataAppQoeP( 1841): notifyUidState
04-25 23:25:28.204 I/BrowserChrP( 1841): notifyUidState
04-25 23:25:28.204 I/BoosterSwitchP( 1841): notifyUidState do nothing
04-25 23:25:28.205 I/DeepNoDisturbP( 1841): notifyUidState
04-25 23:25:28.205 I/HidataAppQoeP( 1841): notifyUidState
04-25 23:25:28.205 I/BrowserChrP( 1841): notifyUidState
04-25 23:25:28.205 I/BoosterSwitchP( 1841): notifyUidState do nothing
04-25 23:25:28.205 I/DeepNoDisturbP( 1841): notifyUidState
04-25 23:25:28.205 I/HidataAppQoeP( 1841): notifyUidState
04-25 23:25:28.205 I/BrowserChrP( 1841): notifyUidState
04-25 23:25:28.205 I/BoosterSwitchP( 1841): notifyUidState do nothing
04-25 23:25:28.205 I/DeepNoDisturbP( 1841): notifyUidState
04-25 23:25:28.205 I/HidataAppQoeP( 1841): notifyUidState
04-25 23:25:28.205 I/BrowserChrP( 1841): notifyUidState
04-25 23:25:28.218 I/chatty  ( 1386): uid=1000(system) Binder:1386_1B expire 5 lines
04-25 23:25:28.219 I/chatty  ( 1386): uid=1000(system) Binder:1386_A expire 1 line
04-25 23:25:28.502 I/chatty  ( 1386): uid=1000(system) Thread-41 expire 9 lines
04-25 23:25:28.720 I/chatty  ( 1386): uid=1000(system) android.bg expire 1 line
04-25 23:30:21.532 W/SocketListener(  560): sending broadcast to Pid = 1386, Uid = 1000 
04-25 23:30:21.534 I/chatty  ( 1386): uid=1000(system) NetdConnector expire 6 lines
04-25 23:30:21.537 I/chatty  ( 1386): uid=1000(system) Binder:1386_1F expire 21 lines
04-25 23:30:21.877 I/chatty  ( 1386): uid=1000(system) keyAppHanderThr expire 1 line
04-25 23:30:21.884 I/chatty  ( 1386): uid=1000(system) Binder:1386_8 expire 1 line
04-25 23:30:21.901 W/SocketListener(  560): sending broadcast to Pid = 1386, Uid = 1000 
04-25 23:30:24.866 I/chatty  ( 1386): uid=1000(system) watchdog expire 1 line
04-25 23:30:40.697 I/chatty  ( 1386): uid=1000(system) PackageManager expire 18 lines
04-25 23:33:01.535 W/SocketListener(  560): sending broadcast to Pid = 1386, Uid = 1000 
04-25 23:33:01.865 I/chatty  ( 1386): uid=1000(system) Binder:1386_1F expire 411 lines
04-25 23:33:01.877 I/chatty  ( 1386): uid=1000(system) PackageManager expire 1 line
04-25 23:33:01.885 I/HwKeystoreServiceImpl( 1841): package removed for update, packageName:com.tencent.mm appId:10135
04-25 23:33:01.885 I/chatty  ( 1386): uid=1000 system_server expire 31 lines
04-25 23:33:01.885 I/PreDnsQuery( 1841): onReceive: intent = android.intent.action.PACKAGE_REMOVED
04-25 23:33:01.895 I/chatty  ( 1386): uid=1000(system) Binder:1386_8 expire 840 lines
04-25 23:33:01.924 I/chatty  ( 1386): uid=1000(system) NetdConnector expire 8 lines
04-25 23:33:01.929 I/PreDnsQuery( 1841): onReceive: intent = android.intent.action.PACKAGE_ADDED
04-25 23:33:01.934 I/chatty  ( 1386): uid=1000(system) Binder:1386_20 expire 123 lines
04-25 23:33:01.946 I/chatty  ( 1386): uid=1000(system) ActivityManager expire 8 lines
04-25 23:33:01.947 I/chatty  ( 1386): uid=1000(system) MultiTaskManage expire 8 lines
04-25 23:33:01.955 I/chatty  ( 1386): uid=1000(system) Binder:1386_16 expire 160 lines
04-25 23:33:01.966 D/ActivityThread(19330): Attach thread to application
04-25 23:33:01.968 I/chatty  ( 1386): uid=1000(system) Binder:1386_13 expire 421 lines
04-25 23:33:01.989 I/chatty  ( 1386): uid=1000(system) android.bg expire 15 lines
04-25 23:33:02.008 D/ActivityThread(19347): Attach thread to application
04-25 23:33:02.023 D/ActivityThread(19360): Attach thread to application
04-25 23:33:02.342 D/ActivityThread(19412): Attach thread to application
04-25 23:33:02.369 W/SecurityProfileDigestMatcher( 3440): calculateV2ApkDigest SignatureNotFound : No APK Signing Block before ZIP Central Directory
04-25 23:33:02.426 W/ContextImpl(20977): Calling a method in the system process without a qualified user: android.app.ContextImpl.startService:1760 android.content.ContextWrapper.startService:664 android.content.ContextWrapper.startService:664 com.android.settings.applications.BlackListReceiver.onReceive:41 android.app.ActivityThread.handleReceiver:3920 
04-25 23:33:03.070 W/SocketListener(  560): sending broadcast to Pid = 1386, Uid = 1000 
04-25 23:33:03.088 I/chatty  ( 1386): uid=1000(system) android.fg expire 1 line
04-25 23:33:03.230 W/ContextImpl( 3440): Calling a method in the system process without a qualified user: android.app.ContextImpl.startService:1760 android.content.ContextWrapper.startService:664 com.huawei.systemmanager.spacecleanner.receiver.SpaceCleanReceiver.checkRarelyUsedApp:98 com.huawei.systemmanager.spacecleanner.receiver.SpaceCleanReceiver.doInBackground:46 java.lang.reflect.Method.invoke:-2 
04-25 23:33:03.231 W/ContextImpl( 3440): Calling a method in the system process without a qualified user: android.app.ContextImpl.startService:1760 android.content.ContextWrapper.startService:664 com.huawei.systemmanager.spacecleanner.receiver.SpaceCleanReceiver.checkRarelyUsedApp:98 com.huawei.systemmanager.spacecleanner.receiver.SpaceCleanReceiver.doInBackground:46 java.lang.reflect.Method.invoke:-2 
04-25 23:33:03.361 D/ActivityThread(19467): Attach thread to application
04-25 23:33:03.394 D/ActivityThread(19484): Attach thread to application
04-25 23:33:04.060 I/chatty  ( 1386): uid=1000(system) Binder:1386_14 expire 24 lines
04-25 23:33:04.154 D/ActivityThread(19533): Attach thread to application
04-25 23:33:04.649 W/ContextImpl(19467): Calling a method in the system process without a qualified user: android.app.ContextImpl.startService:1760 android.content.ContextWrapper.startService:664 com.huawei.library.stat.client.HsmStatProxy.startMainService:308 com.huawei.systemmanager.SystemManagerApplication.startServices:215 com.huawei.systemmanager.SystemManagerApplication.onCreate:147 
04-25 23:33:04.680 W/ContextImpl(19467): Calling a method in the system process without a qualified user: android.app.ContextImpl.startService:1760 android.content.ContextWrapper.startService:664 com.huawei.systemmanager.SystemManagerApplication.startPermissionService:314 com.huawei.systemmanager.SystemManagerApplication.startServices:216 com.huawei.systemmanager.SystemManagerApplication.onCreate:147 
04-25 23:33:04.720 W/ContextImpl(19467): Calling a method in the system process without a qualified user: android.app.ContextImpl.startService:1760 android.content.ContextWrapper.startService:664 com.huawei.systemmanager.SystemManagerApplication.startBgStaticsService:336 com.huawei.systemmanager.SystemManagerApplication.startServices:221 com.huawei.systemmanager.SystemManagerApplication.onCreate:147 
04-25 23:33:04.736 W/ContextImpl(19467): Calling a method in the system process without a qualified user: android.app.ContextImpl.startService:1760 android.content.ContextWrapper.startService:664 com.huawei.systemmanager.SystemManagerApplication.startDeviceStorageMonitorService:343 com.huawei.systemmanager.SystemManagerApplication.startServices:224 com.huawei.systemmanager.SystemManagerApplication.onCreate:147 
04-25 23:33:04.753 W/ContextImpl(19467): Calling a method in the system process without a qualified user: android.app.ContextImpl.startService:1760 android.content.ContextWrapper.startService:664 com.huawei.systemmanager.SystemManagerApplication.startSpaceCleanService:364 com.huawei.systemmanager.SystemManagerApplication.startServices:229 com.huawei.systemmanager.SystemManagerApplication.onCreate:147 
04-25 23:33:04.770 W/ContextImpl(19467): Calling a method in the system process without a qualified user: android.app.ContextImpl.startService:1760 android.content.ContextWrapper.startService:664 com.huawei.systemmanager.SystemManagerApplication.startSmartControlResidentService:374 com.huawei.systemmanager.SystemManagerApplication.startServices:232 com.huawei.systemmanager.SystemManagerApplication.onCreate:147 
04-25 23:33:04.789 W/ContextImpl(19467): Calling a method in the system process without a qualified user: android.app.ContextImpl.startService:1760 android.content.ContextWrapper.startService:664 com.huawei.systemmanager.SystemManagerApplication.startAntivirusService:382 com.huawei.systemmanager.SystemManagerApplication.startServices:233 com.huawei.systemmanager.SystemManagerApplication.onCreate:147 
04-25 23:33:04.833 W/ContextImpl(19467): Calling a method in the system process without a qualified user: android.app.ContextImpl.startService:1760 android.content.ContextWrapper.startService:664 com.huawei.systemmanager.SystemManagerApplication.startCoreService:258 com.huawei.systemmanager.SystemManagerApplication.startServices:235 com.huawei.systemmanager.SystemManagerApplication.onCreate:147 
04-25 23:33:04.846 W/ContextImpl(19467): Calling a method in the system process without a qualified user: android.app.ContextImpl.startService:1760 android.content.ContextWrapper.startService:664 com.huawei.systemmanager.SystemManagerApplication.startRainbowService:243 com.huawei.systemmanager.SystemManagerApplication.startServices:236 com.huawei.systemmanager.SystemManagerApplication.onCreate:147 
04-25 23:33:04.974 W/ContextImpl(19467): Calling a method in the system process without a qualified user: android.app.ContextImpl.bindService:1840 android.content.ContextWrapper.bindService:698 tmsdkobf.hj.bn:41 tmsdk.common.TMSDKContext.init:63 com.huawei.library.sdk.tmsdk.TmSdkEngine.initSdk:58 
04-25 23:33:05.015 W/ContextImpl(19467): Calling a method in the system process without a qualified user: android.app.ContextImpl.bindService:1840 android.content.ContextWrapper.bindService:698 com.huawei.library.stat.client.HsmStatProxy.bindService:276 com.huawei.library.stat.client.HsmStatProxy.access$000:34 com.huawei.library.stat.client.HsmStatProxy$1.handleMessage:67 
04-25 23:33:05.025 W/ContextImpl(19467): Calling a method in the system process without a qualified user: android.app.ContextImpl.startService:1760 android.content.ContextWrapper.startService:664 tmsdk.common.TMSDKContext.init:214 com.huawei.library.sdk.tmsdk.TmSdkEngine.initSdk:58 com.huawei.library.sdk.SdkCommUtil.lambda$initSDK$0$SdkCommUtil:17 
04-25 23:33:05.142 W/ContextImpl(19467): Calling a method in the system process without a qualified user: android.app.ContextImpl.startService:1760 android.content.ContextWrapper.startService:664 android.content.ContextWrapper.startService:664 com.huawei.systemmanager.antivirus.utils.AntiVirusTools.deleteVirusApk:740 com.huawei.systemmanager.antivirus.AntiVirusReceiver.handlerPackageRemoved:58 
04-25 23:33:05.245 I/chatty  ( 1386): uid=1000(system) ActivityManager expire 12 lines
04-25 23:33:05.308 W/ContextImpl(20977): Calling a method in the system process without a qualified user: android.app.ContextImpl.startService:1760 android.content.ContextWrapper.startService:664 android.content.ContextWrapper.startService:664 com.android.settings.applications.BlackListReceiver.onReceive:41 android.app.ActivityThread.handleReceiver:3920 
04-25 23:33:05.413 W/ContextImpl(19467): Calling a method in the system process without a qualified user: android.app.ContextImpl.startService:1760 android.content.ContextWrapper.startService:664 android.content.ContextWrapper.startService:664 com.huawei.systemmanager.antivirus.utils.AntiVirusTools.checkVirusForNewInstalledApk:728 com.huawei.systemmanager.antivirus.AntiVirusReceiver.onReceive:42 
04-25 23:33:05.423 W/ContextImpl( 3440): Calling a method in the system process without a qualified user: android.app.ContextImpl.startService:1760 android.content.ContextWrapper.startService:664 com.huawei.systemmanager.antivirus.AntiVirusService.handleInstalledApkCheck:391 com.huawei.systemmanager.antivirus.AntiVirusService.onStartCommand:296 android.app.ActivityThread.handleServiceArgs:4222 
04-25 23:33:05.490 D/ActivityThread(19601): Attach thread to application
04-25 23:33:05.537 W/ContextImpl(20977): Calling a method in the system process without a qualified user: android.app.ContextImpl.startService:1760 android.content.ContextWrapper.startService:664 android.content.ContextWrapper.startService:664 com.android.settings.applications.BlackListReceiver.onReceive:41 android.app.ActivityThread.handleReceiver:3920 
04-25 23:33:05.667 W/ContextImpl(19601): Calling a method in the system process without a qualified user: android.app.ContextImpl.bindService:1840 android.content.ContextWrapper.bindService:698 com.huawei.library.stat.client.HsmStatProxy.bindService:276 com.huawei.library.stat.client.HsmStatProxy.access$000:34 com.huawei.library.stat.client.HsmStatProxy$1.handleMessage:67 
04-25 23:33:05.812 W/ContextImpl(19601): Calling a method in the system process without a qualified user: android.app.ContextImpl.bindService:1840 android.content.ContextWrapper.bindService:698 tmsdkobf.hj.bn:41 tmsdk.common.TMSDKContext.init:63 com.huawei.library.sdk.tmsdk.TmSdkEngine.initSdk:58 
04-25 23:33:05.817 I/chatty  ( 1386): uid=1000(system) Binder:1386_1C expire 34 lines
04-25 23:33:05.856 I/chatty  ( 1386): uid=1000(system) Binder:1386_8 expire 129 lines
04-25 23:33:05.926 W/ContextImpl(19601): Calling a method in the system process without a qualified user: android.app.ContextImpl.bindService:1840 android.content.ContextWrapper.bindService:698 com.qihoo.qvssdk.AntivirusEngineImpl.install:85 com.qihoo.qvssdk.AntivirusProviderImpl.install:123 com.huawei.systemmanager.antivirus.newengine.AntivirusScanHelper$ScanTask.call:61 
04-25 23:33:05.931 I/chatty  ( 1386): uid=1000(system) Binder:1386_14 expire 21 lines
04-25 23:33:05.977 W/ContextImpl(19601): Calling a method in the system process without a qualified user: android.app.ContextImpl.startService:1760 android.content.ContextWrapper.startService:664 tmsdk.common.TMSDKContext.init:214 com.huawei.library.sdk.tmsdk.TmSdkEngine.initSdk:58 com.huawei.library.sdk.SdkCommUtil.lambda$initSDK$0$SdkCommUtil:17 
04-25 23:33:06.362 I/chatty  ( 1386): uid=1000(system) Binder:1386_13 expire 1 line
04-25 23:33:06.966 I/chatty  ( 1386): uid=1000(system) ConnectivitySer expire 19 lines
04-25 23:33:07.944 W/SocketListener(  560): sending broadcast to Pid = 1386, Uid = 1000 
04-25 23:33:07.948 I/chatty  ( 1386): uid=1000(system) NetdConnector expire 16 lines
04-25 23:33:07.950 I/chatty  ( 1386): uid=1000(system) android.fg expire 12 lines
04-25 23:33:07.963 I/chatty  ( 1386): uid=1000(system) NetworkStats expire 20 lines
04-25 23:33:09.950 W/SocketListener(  560): sending broadcast to Pid = 1386, Uid = 1000 
04-25 23:33:11.151 I/chatty  ( 1386): uid=1000(system) Binder:1386_15 expire 16 lines
04-25 23:33:11.246 W/ContextImpl(19601): Calling a method in the system process without a qualified user: android.app.ContextImpl.sendBroadcast:1151 android.content.ContextWrapper.sendBroadcast:444 tmsdkobf.mi.a:55 tmsdkobf.mn$4$2$1.a:99 tmsdkobf.mi$1.a:438 
04-25 23:33:11.578 I/storaged(  692): storaged_t::event: storage_info refreshed.
04-25 23:33:11.955 W/SocketListener(  560): sending broadcast to Pid = 1386, Uid = 1000 
04-25 23:33:13.967 W/SocketListener(  560): sending broadcast to Pid = 1386, Uid = 1000 
04-25 23:33:14.500 I/chatty  ( 1386): uid=1000(system) watchdog expire 1 line
04-25 23:34:04.521 W/SocketListener(  560): sending broadcast to Pid = 1386, Uid = 1000 
04-25 23:34:04.524 I/chatty  ( 1386): uid=1000(system) NetdConnector expire 24 lines
04-25 23:34:04.529 W/SocketListener(  560): sending broadcast to Pid = 1386, Uid = 1000 
04-25 23:34:04.737 W/SocketListener(  560): sending broadcast to Pid = 1386, Uid = 1000 
04-25 23:34:04.744 I/chatty  ( 1386): uid=1000(system) android.fg expire 4 lines
04-25 23:34:05.448 I/chatty  ( 1386): uid=1000(system) Binder:1386_F expire 29 lines
04-25 23:34:14.075 I/chatty  ( 1386): uid=1000(system) ConnectivitySer expire 1 line
04-25 23:34:30.520 I/chatty  ( 1386): uid=1000(system) ActivityManager expire 8 lines
04-25 23:34:30.533 W/SocketListener(  560): sending broadcast to Pid = 1386, Uid = 1000 
04-25 23:34:30.535 I/chatty  ( 1386): uid=1000(system) NetdConnector expire 6 lines
04-25 23:34:31.418 I/chatty  ( 1386): uid=1000(system) PackageManager expire 23 lines
04-25 23:35:21.547 I/chatty  ( 1386): uid=1000(system) android.bg expire 1 line
04-25 23:35:21.945 I/chatty  ( 1386): uid=1000(system) Binder:1386_F expire 15 lines
04-25 23:35:21.953 I/chatty  ( 1386): uid=1000(system) Binder:1386_1B expire 1 line
04-25 23:35:21.966 W/SocketListener(  560): sending broadcast to Pid = 1386, Uid = 1000 
04-25 23:35:21.996 I/chatty  ( 1386): uid=1000(system) Binder:1386_8 expire 4 lines
04-25 23:35:25.690 I/chatty  ( 1386): uid=1000(system) PackageManager expire 17 lines
04-25 23:35:45.529 W/SocketListener(  560): sending broadcast to Pid = 1386, Uid = 1000 
04-25 23:35:45.898 I/HwKeystoreServiceImpl( 1841): package removed for update, packageName:com.android.browser appId:10091
04-25 23:35:45.925 I/chatty  ( 1386): uid=1000 system_server expire 14 lines
04-25 23:35:45.958 I/chatty  ( 1386): uid=1000(system) Binder:1386_F expire 14 lines
04-25 23:35:45.960 I/chatty  ( 1386): uid=1000 system_server expire 25 lines
04-25 23:35:45.960 I/chatty  ( 1386): uid=1000(system) NetdConnector expire 12 lines
04-25 23:35:45.962 I/chatty  ( 1386): uid=1000(system) Binder:1386_1C expire 309 lines
04-25 23:35:45.967 I/PreDnsQuery( 1841): onReceive: intent = android.intent.action.PACKAGE_REMOVED
04-25 23:35:45.972 I/PreDnsQuery( 1841): sendNetdBrowserUid 1 -1 2 10449 3 10133
04-25 23:35:45.972 I/PreDnsQuery( 1841): onReceive: intent = android.intent.action.PACKAGE_ADDED
04-25 23:35:45.973 I/PreDnsQuery( 1841): sendNetdBrowserUid 1 10091 2 10449 3 10133
04-25 23:35:45.973 I/chatty  ( 1386): uid=1000(system) Binder:1386_1F expire 4 lines
04-25 23:35:45.994 I/chatty  ( 1386): uid=1000(system) Binder:1386_1B expire 17 lines
04-25 23:35:46.008 I/chatty  ( 1386): uid=1000(system) android.bg expire 10 lines
04-25 23:35:46.023 W/ContextImpl( 3440): Calling a method in the system process without a qualified user: android.app.ContextImpl.startService:1760 android.content.ContextWrapper.startService:664 com.huawei.systemmanager.spacecleanner.receiver.SpaceCleanReceiver.checkRarelyUsedApp:98 com.huawei.systemmanager.spacecleanner.receiver.SpaceCleanReceiver.doInBackground:46 java.lang.reflect.Method.invoke:-2 
04-25 23:35:46.061 I/chatty  ( 1386): uid=1000(system) Binder:1386_20 expire 43 lines
04-25 23:35:46.073 I/chatty  ( 1386): uid=1000(system) ActivityManager expire 14 lines
