04-26 12:21:00.016 I/ActivityManager( 1386): Killing 24059:com.che.truckhome.speed:channel/u0a458 (adj 904): empty for 2667s
04-26 12:21:00.107 W/BroadcastQueue( 1386): Skipping deliver [foreground] BroadcastRecord{1bdb364 u-1 android.intent.action.TIME_TICK} to ReceiverList{887ef0a 24059 com.che.truckhome.speed:channel/10458/u0 remote:cc12375}: process gone or crashing
04-26 12:21:00.110 V/BroadcastQueue( 1386): Finished with ordered broadcast BroadcastRecord{1bdb364 u-1 android.intent.action.TIME_TICK}
04-26 12:21:00.121 D/ConnectivityService( 1386): ConnectivityService NetworkRequestInfo binderDied(NetworkRequest [ TRACK_DEFAULT id=797, [ Capabilities: INTERNET&NOT_RESTRICTED&TRUSTED Uid: 10458] ], android.os.BinderProxy@dc609cd)
04-26 12:21:00.122 D/ConnectivityService( 1386): ConnectivityService NetworkRequestInfo binderDied(NetworkRequest [ TRACK_DEFAULT id=800, [ Capabilities: INTERNET&NOT_RESTRICTED&TRUSTED Uid: 10458] ], android.os.BinderProxy@5dcd282)
04-26 12:21:00.122 D/ConnectivityService( 1386): releasing NetworkRequest [ TRACK_DEFAULT id=797, [ Capabilities: INTERNET&NOT_RESTRICTED&TRUSTED Uid: 10458] ] (release request)
04-26 12:21:00.122 D/ConnectivityService( 1386): ConnectivityService NetworkRequestInfo binderDied(NetworkRequest [ LISTEN id=801, [ Capabilities: INTERNET&NOT_RESTRICTED&TRUSTED Uid: 10458] ], android.os.BinderProxy@9b56d93)
04-26 12:21:00.122 D/ConnectivityService( 1386):  Removing from current network NetworkAgentInfo [WIFI () - 142], leaving 25 requests.
04-26 12:21:00.123 D/ActivityManager( 1386): cleanUpApplicationRecord app: ProcessRecord{bb0eb23 24059:com.che.truckhome.speed:channel/u0a458}, app.bad: false, restarting: false, allowRestart: true
04-26 12:21:00.126 D/ConnectivityService( 1386): releasing NetworkRequest [ TRACK_DEFAULT id=800, [ Capabilities: INTERNET&NOT_RESTRICTED&TRUSTED Uid: 10458] ] (release request)
04-26 12:21:00.126 D/ConnectivityService( 1386):  Removing from current network NetworkAgentInfo [WIFI () - 142], leaving 24 requests.
04-26 12:21:00.128 D/ConnectivityService( 1386): releasing NetworkRequest [ LISTEN id=801, [ Capabilities: INTERNET&NOT_RESTRICTED&TRUSTED Uid: 10458] ] (release request)
04-26 12:21:00.139 I/BoosterSwitchP( 1841): notifyUidState do nothing
04-26 12:21:00.139 I/DeepNoDisturbP( 1841): notifyUidState
04-26 12:21:00.139 I/HidataAppQoeP( 1841): notifyUidState
04-26 12:21:00.139 I/BrowserChrP( 1841): notifyUidState
04-26 12:21:00.628 I/HwAudioServiceEx( 1386): check HiRes Icon false
04-26 12:21:04.404 V/BroadcastQueue( 1386): Finished with ordered broadcast BroadcastRecord{18994ce u0 null}
04-26 12:21:05.126 W/Watchdog( 1386): hungtask: writing kick
04-26 12:21:06.806 D/WifiService( 1386): startScan, pid:23322, uid:10458, appName:com.che.truckhome.speed
04-26 12:21:06.814 D/HwWifiService( 1386): Get wifiScanStrategy from iAware, WifiScanStrategy = [mCycle=0, mTimeStamp=1649947304]
04-26 12:21:10.524 I/NetworkStats( 1386): openSessionForUsageStats, pid = 1876, pkg = com.huawei.hiview
04-26 12:21:10.524 I/NetworkStats( 1386): openSessionInternal,pid = 1876
04-26 12:21:10.525 I/NetworkStats( 1386): performPollLocked, pid = 1386
04-26 12:21:10.584 W/NetworkStatsFactory( 1386): mStatsXtProcUid: /proc/net/comm/stats does not exist!
04-26 12:21:10.584 D/HwNetworkStatsService( 1386): hwRecordUidAndProcSnapshotLocked currentTime = 1619410867137
04-26 12:21:10.601 I/NetworkStatsFactory( 1386): javaReadNetworkStatsUidAndProcDetail. cost time = 17
04-26 12:21:10.606 D/HwNetworkStatsService( 1386): hwMaybeUidAndProcPersistLocked currentTime = 1619410867137
04-26 12:21:13.169 D/WifiService( 1386): startScan, pid:23639, uid:10458, appName:com.che.truckhome.speed
04-26 12:21:13.177 D/HwWifiService( 1386): Get wifiScanStrategy from iAware, WifiScanStrategy = [mCycle=0, mTimeStamp=1649947304]
04-26 12:21:14.827 D/WifiService( 1386): startScan, pid:23322, uid:10458, appName:com.che.truckhome.speed
04-26 12:21:14.835 D/HwWifiService( 1386): Get wifiScanStrategy from iAware, WifiScanStrategy = [mCycle=0, mTimeStamp=1649947304]
04-26 12:21:22.339 D/HwBatteryService( 1386): onUEvent fcpStatus = 0,scpStatus =0,ovpStatus=0
04-26 12:21:22.341 I/HwBatteryService( 1386): quick charge status : 0
04-26 12:21:22.341 I/HwBatteryService( 1386): handleWirelessTxStatus
04-26 12:21:22.341 I/HwBatteryService( 1386): switch not open, return, mWirelessTxFlag : 0
04-26 12:21:22.342 I/UsbDeviceManager( 1386): water_intrused state= 0
04-26 12:21:22.847 D/WifiService( 1386): startScan, pid:23322, uid:10458, appName:com.che.truckhome.speed
04-26 12:21:22.854 D/HwWifiService( 1386): Get wifiScanStrategy from iAware, WifiScanStrategy = [mCycle=0, mTimeStamp=1649947304]
04-26 12:21:30.867 D/WifiService( 1386): startScan, pid:23322, uid:10458, appName:com.che.truckhome.speed
04-26 12:21:30.875 D/HwWifiService( 1386): Get wifiScanStrategy from iAware, WifiScanStrategy = [mCycle=0, mTimeStamp=1649947304]
04-26 12:21:31.925 W/SocketListener(  560): sending broadcast to Pid = 1386, Uid = 1000 
04-26 12:21:31.932 D/NetdConnector( 1386): RCV <- {661 ReportType 0 0 0 0 0 0 0 0 0 0 0 0 0 0 0 0 0 0 0 0 0 0 0 0 0 0 0 0 0 0 0 0 0 0 0 0 0 0 0 0 0 0 0 0 0 0 0 0 0 0 0 0 0 0 0 0 0 0 0 0 0 0 0 0 0 0 0 0 0 0 0 0 0 0 0 0 0 0 0 0 0 0 0 0 0 0 0 0 0 0 0 0 0 0 0 0 0 0 0 0 0 0 0 0 0 0 0 0 0 0 0 0 0 0 0 0 0 0 0 0 0 0 0 0 0 0 0 0 0 0 0 0 0 0 0 0 0 0 0 0 0 0 0 0 0 0 0 0 0 0 0 0 0 0 0 0 0 0 0 0 0 0 0 0 0 0 0 0 0 0 0 0 0 0 0 0 0 0 0 0 0 0 0 0 0 0 0 0 0 0 0 0 0 0 0 0 0 0 0 0 0 0 0 0 0 0 0 0 0 0 0 0 0 0 0 0 0 0 0 0 0 0 0 0 0 0 0 0 0 ReportType 0 8 0 0 0 0 0 1 0 0 0 0 0 0 1 0 0 0 0 0 0 0 0 0 0 0 0 0 0 0 0 0 0 0 0 0 0 0 0 0 0 0 0 0 0 0 0 0 0 0 0 0 0 0 0 0 0 0 0 0 0 0 0 0 0 0 0 0 0 0 0 0 0 0 0 0 0 0 0 0 0 0 0 0 0 0 0 0 0 0 0 0 0 0 0 0 0 0 0 0 0 0 0 0 0 0 0 0 0 0 0 0 0 0 0 0 0 0 0 0 0 0 0 0 0 0 0 0 0 0 0 0 0 0 0 0 0 0 0 0 0 0 0 0 0 0 0 0 0 0 0 0 0 0 0 0 0 0 0 0 0 0 0 0 0 0 0 0 0 0 0 0 0 0 0 0 0 0 0 0 0 0 0 0 0 0 0 0 0 0 0 0 0 0 0 0 0 0 0 0 0 0 0 0 0 0 0 0 0 0 0 0 8 8 8 0 0 0 0 0 0 0 0 0 0 0 0 0 0}
04-26 12:21:31.936 D/NetdConnector( 1386): RCV <- {661 ReportType 0 0 0 0 0 0 0 0 0 0 0 0 0 0 0 0 0 0 0 0 0 0 0 0 0 0 0 0 0 0 0 0 0 0 0 0 0 0 0 0 0 0 0 0 0 0 0 0 0 0 0 0 0 0 0 0 0 0 0 0 0 0 0 0 0 0 0 0 0 0 0 0 0 0 0 0 0 0 0 0 0 0 0 0 0 0 0 0 0 0 0 0 0 0 0 0 0 0 0 0 0 0 0 0 0 0 0 0 0 0 0 0 0 0 0 0 0 0 0 0 0 0 0 0 0 0 0 0 0 0 0 0 0 0 0 0 0 0 0 0 0 0 0 0 0 0 0 0 0 0 0 0 0 0 0 0 0 0 0 0 0 0 0 0 0 0 0 0 0 0 0 0 0 0 0 0 0 0 0 0 0 0 0 0 0 0 0 0 0 0 0 0 0 0 0 0 0 0 0 0 0 0 0 0 0 0 0 0 0 0 0 0 0 0 0 0 0 0 0 0 0 0 0 0 0 0 0 0 0 ReportType 0 8 0 0 0 0 0 1 0 0 0 0 0 0 1 0 0 0 0 0 0 0 0 0 0 0 0 0 0 0 0 0 0 0 0 0 0 0 0 0 0 0 0 0 0 0 0 0 0 0 0 0 0 0 0 0 0 0 0 0 0 0 0 0 0 0 0 0 0 0 0 0 0 0 0 0 0 0 0 0 0 0 0 0 0 0 0 0 0 0 0 0 0 0 0 0 0 0 0 0 0 0 0 0 0 0 0 0 0 0 0 0 0 0 0 0 0 0 0 0 0 0 0 0 0 0 0 0 0 0 0 0 0 0 0 0 0 0 0 0 0 0 0 0 0 0 0 0 0 0 0 0 0 0 0 0 0 0 0 0 0 0 0 0 0 0 0 0 0 0 0 0 0 0 0 0 0 0 0 0 0 0 0 0 0 0 0 0 0 0 0 0 0 0 0 0 0 0 0 0 0 0 0 0 0 0 0 0 0 0 0 0 8 8 8 0 0 0 0 0 0 0 0 0 0 0 0 0 0}
04-26 12:21:31.939 D/NetdConnector( 1386): RCV unsolicited event from native daemon, event = 661
04-26 12:21:31.950 D/HwNetworkManagementService( 1386): onEvent receive Web Stat Report:661 ReportType 0 0 0 0 0 0 0 0 0 0 0 0 0 0 0 0 0 0 0 0 0 0 0 0 0 0 0 0 0 0 0 0 0 0 0 0 0 0 0 0 0 0 0 0 0 0 0 0 0 0 0 0 0 0 0 0 0 0 0 0 0 0 0 0 0 0 0 0 0 0 0 0 0 0 0 0 0 0 0 0 0 0 0 0 0 0 0 0 0 0 0 0 0 0 0 0 0 0 0 0 0 0 0 0 0 0 0 0 0 0 0 0 0 0 0 0 0 0 0 0 0 0 0 0 0 0 0 0 0 0 0 0 0 0 0 0 0 0 0 0 0 0 0 0 0 0 0 0 0 0 0 0 0 0 0 0 0 0 0 0 0 0 0 0 0 0 0 0 0 0 0 0 0 0 0 0 0 0 0 0 0 0 0 0 0 0 0 0 0 0 0 0 0 0 0 0 0 0 0 0 0 0 0 0 0 0 0 0 0 0 0 0 0 0 0 0 0 0 0 0 0 0 0 0 0 0 0 0 0 ReportType 0 8 0 0 0 0 0 1 0 0 0 0 0 0 1 0 0 0 0 0 0 0 0 0 0 0 0 0 0 0 0 0 0 0 0 0 0 0 0 0 0 0 0 0 0 0 0 0 0 0 0 0 0 0 0 0 0 0 0 0 0 0 0 0 0 0 0 0 0 0 0 0 0 0 0 0 0 0 0 0 0 0 0 0 0 0 0 0 0 0 0 0 0 0 0 0 0 0 0 0 0 0 0 0 0 0 0 0 0 0 0 0 0 0 0 0 0 0 0 0 0 0 0 0 0 0 0 0 0 0 0 0 0 0 0 0 0 0 0 0 0 0 0 0 0 0 0 0 0 0 0 0 0 0 0 0 0 0 0 0 0 0 0 0 0 0 0 0 0 0 0 0 0 0 0 0 0 0 0 0 0 0 0 0 0 0 0 0 0 0 0 0 0 0 0 0 0 0 0 0 0 0 0 0 0 0 0 0 0 0 0 0 8 8 8 0 0 0 0 0 0 0 0 0 0 0 0 0 0
04-26 12:21:34.102 I/storaged(  692): storaged_t::event: storage_info refreshed.
04-26 12:21:35.129 W/Watchdog( 1386): hungtask: writing kick
04-26 12:21:38.887 D/WifiService( 1386): startScan, pid:23322, uid:10458, appName:com.che.truckhome.speed
04-26 12:21:38.895 D/HwWifiService( 1386): Get wifiScanStrategy from iAware, WifiScanStrategy = [mCycle=0, mTimeStamp=1649947304]
04-26 12:21:46.907 D/WifiService( 1386): startScan, pid:23322, uid:10458, appName:com.che.truckhome.speed
04-26 12:21:46.915 D/HwWifiService( 1386): Get wifiScanStrategy from iAware, WifiScanStrategy = [mCycle=0, mTimeStamp=1649947304]
04-26 12:21:53.067 D/HwBatteryService( 1386): onUEvent fcpStatus = 0,scpStatus =0,ovpStatus=0
04-26 12:21:53.069 I/HwBatteryService( 1386): quick charge status : 0
04-26 12:21:53.069 I/HwBatteryService( 1386): handleWirelessTxStatus
04-26 12:21:53.069 I/HwBatteryService( 1386): switch not open, return, mWirelessTxFlag : 0
04-26 12:21:53.070 I/UsbDeviceManager( 1386): water_intrused state= 0
04-26 12:21:54.927 D/WifiService( 1386): startScan, pid:23322, uid:10458, appName:com.che.truckhome.speed
04-26 12:21:54.935 D/HwWifiService( 1386): Get wifiScanStrategy from iAware, WifiScanStrategy = [mCycle=0, mTimeStamp=1649947304]
04-26 12:22:00.008 V/AlarmManager( 1386): Received TIME_TICK alarm; rescheduling
04-26 12:22:00.010 I/HwAlarmManagerService( 1386): hwSetAlarm listenerTag: time_tick
04-26 12:22:00.120 V/BroadcastQueue( 1386): Finished with ordered broadcast BroadcastRecord{f2a0afc u-1 android.intent.action.TIME_TICK}
04-26 12:22:02.948 D/WifiService( 1386): startScan, pid:23322, uid:10458, appName:com.che.truckhome.speed
04-26 12:22:02.955 D/HwWifiService( 1386): Get wifiScanStrategy from iAware, WifiScanStrategy = [mCycle=0, mTimeStamp=1649947304]
04-26 12:22:04.420 V/BroadcastQueue( 1386): Finished with ordered broadcast BroadcastRecord{cdafc0b u0 null}
04-26 12:22:05.132 W/Watchdog( 1386): hungtask: writing kick
04-26 12:22:10.959 D/WifiService( 1386): startScan, pid:23322, uid:10458, appName:com.che.truckhome.speed
04-26 12:22:10.965 D/HwWifiService( 1386): Get wifiScanStrategy from iAware, WifiScanStrategy = [mCycle=0, mTimeStamp=1649947304]
04-26 12:22:13.170 D/WifiService( 1386): startScan, pid:23639, uid:10458, appName:com.che.truckhome.speed
04-26 12:22:13.178 D/HwWifiService( 1386): Get wifiScanStrategy from iAware, WifiScanStrategy = [mCycle=0, mTimeStamp=1649947304]
04-26 12:22:18.978 D/WifiService( 1386): startScan, pid:23322, uid:10458, appName:com.che.truckhome.speed
04-26 12:22:18.986 D/HwWifiService( 1386): Get wifiScanStrategy from iAware, WifiScanStrategy = [mCycle=0, mTimeStamp=1649947304]
04-26 12:22:23.780 D/HwBatteryService( 1386): onUEvent fcpStatus = 0,scpStatus =0,ovpStatus=0
04-26 12:22:23.781 I/HwBatteryService( 1386): quick charge status : 0
04-26 12:22:23.781 I/HwBatteryService( 1386): handleWirelessTxStatus
04-26 12:22:23.781 I/HwBatteryService( 1386): switch not open, return, mWirelessTxFlag : 0
04-26 12:22:23.782 I/UsbDeviceManager( 1386): water_intrused state= 0
04-26 12:22:26.998 D/WifiService( 1386): startScan, pid:23322, uid:10458, appName:com.che.truckhome.speed
04-26 12:22:27.006 D/HwWifiService( 1386): Get wifiScanStrategy from iAware, WifiScanStrategy = [mCycle=0, mTimeStamp=1649947304]
04-26 12:22:31.829 W/SocketListener(  560): sending broadcast to Pid = 1386, Uid = 1000 
04-26 12:22:31.833 D/NetdConnector( 1386): RCV <- {661 ReportType 0 0 0 0 0 0 0 0 0 0 0 0 0 0 0 0 0 0 0 0 0 0 0 0 0 0 0 0 0 0 0 0 0 0 0 0 0 0 0 0 0 0 0 0 0 0 0 0 0 0 0 0 0 0 0 0 0 0 0 0 0 0 0 0 0 0 0 0 0 0 0 0 0 0 0 0 0 0 0 0 0 0 0 0 0 0 0 0 0 0 0 0 0 0 0 0 0 0 0 0 0 0 0 0 0 0 0 0 0 0 0 0 0 0 0 0 0 0 0 0 0 0 0 0 0 0 0 0 0 0 0 0 0 0 0 0 0 0 0 0 0 0 0 0 0 0 0 0 0 0 0 0 0 0 0 0 0 0 0 0 0 0 0 0 0 0 0 0 0 0 0 0 0 0 0 0 0 0 0 0 0 0 0 0 0 0 0 0 0 0 0 0 0 0 0 0 0 0 0 0 0 0 0 0 0 0 0 0 0 0 0 0 0 0 0 0 0 0 0 0 0 0 0 0 0 0 0 0 0 ReportType 0 7 0 0 0 0 0 1 0 0 0 0 0 0 1 0 0 0 0 0 0 0 0 0 0 0 0 0 0 0 0 0 0 0 0 0 0 0 0 0 0 0 0 0 0 0 0 0 0 0 0 0 0 0 0 0 0 0 0 0 0 0 0 0 0 0 0 0 0 0 0 0 0 0 0 0 0 0 0 0 0 0 0 0 0 0 0 0 0 0 0 0 0 0 0 0 0 0 0 0 0 0 0 0 0 0 0 0 0 0 0 0 0 0 0 0 0 0 0 0 0 0 0 0 0 0 0 0 0 0 0 0 0 0 0 0 0 0 0 0 0 0 0 0 0 0 0 0 0 0 0 0 0 0 0 0 0 0 0 0 0 0 0 0 0 0 0 0 0 0 0 0 0 0 0 0 0 0 0 0 0 0 0 0 0 0 0 0 0 0 0 0 0 0 0 0 0 0 0 0 0 0 0 0 0 0 0 0 0 0 0 0 7 7 7 0 0 0 0 0 0 0 0 0 0 0 0 0 0}
04-26 12:22:31.837 D/NetdConnector( 1386): RCV <- {661 ReportType 0 0 0 0 0 0 0 0 0 0 0 0 0 0 0 0 0 0 0 0 0 0 0 0 0 0 0 0 0 0 0 0 0 0 0 0 0 0 0 0 0 0 0 0 0 0 0 0 0 0 0 0 0 0 0 0 0 0 0 0 0 0 0 0 0 0 0 0 0 0 0 0 0 0 0 0 0 0 0 0 0 0 0 0 0 0 0 0 0 0 0 0 0 0 0 0 0 0 0 0 0 0 0 0 0 0 0 0 0 0 0 0 0 0 0 0 0 0 0 0 0 0 0 0 0 0 0 0 0 0 0 0 0 0 0 0 0 0 0 0 0 0 0 0 0 0 0 0 0 0 0 0 0 0 0 0 0 0 0 0 0 0 0 0 0 0 0 0 0 0 0 0 0 0 0 0 0 0 0 0 0 0 0 0 0 0 0 0 0 0 0 0 0 0 0 0 0 0 0 0 0 0 0 0 0 0 0 0 0 0 0 0 0 0 0 0 0 0 0 0 0 0 0 0 0 0 0 0 0 ReportType 0 7 0 0 0 0 0 1 0 0 0 0 0 0 1 0 0 0 0 0 0 0 0 0 0 0 0 0 0 0 0 0 0 0 0 0 0 0 0 0 0 0 0 0 0 0 0 0 0 0 0 0 0 0 0 0 0 0 0 0 0 0 0 0 0 0 0 0 0 0 0 0 0 0 0 0 0 0 0 0 0 0 0 0 0 0 0 0 0 0 0 0 0 0 0 0 0 0 0 0 0 0 0 0 0 0 0 0 0 0 0 0 0 0 0 0 0 0 0 0 0 0 0 0 0 0 0 0 0 0 0 0 0 0 0 0 0 0 0 0 0 0 0 0 0 0 0 0 0 0 0 0 0 0 0 0 0 0 0 0 0 0 0 0 0 0 0 0 0 0 0 0 0 0 0 0 0 0 0 0 0 0 0 0 0 0 0 0 0 0 0 0 0 0 0 0 0 0 0 0 0 0 0 0 0 0 0 0 0 0 0 0 7 7 7 0 0 0 0 0 0 0 0 0 0 0 0 0 0}
04-26 12:22:31.840 D/NetdConnector( 1386): RCV unsolicited event from native daemon, event = 661
04-26 12:22:31.851 D/HwNetworkManagementService( 1386): onEvent receive Web Stat Report:661 ReportType 0 0 0 0 0 0 0 0 0 0 0 0 0 0 0 0 0 0 0 0 0 0 0 0 0 0 0 0 0 0 0 0 0 0 0 0 0 0 0 0 0 0 0 0 0 0 0 0 0 0 0 0 0 0 0 0 0 0 0 0 0 0 0 0 0 0 0 0 0 0 0 0 0 0 0 0 0 0 0 0 0 0 0 0 0 0 0 0 0 0 0 0 0 0 0 0 0 0 0 0 0 0 0 0 0 0 0 0 0 0 0 0 0 0 0 0 0 0 0 0 0 0 0 0 0 0 0 0 0 0 0 0 0 0 0 0 0 0 0 0 0 0 0 0 0 0 0 0 0 0 0 0 0 0 0 0 0 0 0 0 0 0 0 0 0 0 0 0 0 0 0 0 0 0 0 0 0 0 0 0 0 0 0 0 0 0 0 0 0 0 0 0 0 0 0 0 0 0 0 0 0 0 0 0 0 0 0 0 0 0 0 0 0 0 0 0 0 0 0 0 0 0 0 0 0 0 0 0 0 ReportType 0 7 0 0 0 0 0 1 0 0 0 0 0 0 1 0 0 0 0 0 0 0 0 0 0 0 0 0 0 0 0 0 0 0 0 0 0 0 0 0 0 0 0 0 0 0 0 0 0 0 0 0 0 0 0 0 0 0 0 0 0 0 0 0 0 0 0 0 0 0 0 0 0 0 0 0 0 0 0 0 0 0 0 0 0 0 0 0 0 0 0 0 0 0 0 0 0 0 0 0 0 0 0 0 0 0 0 0 0 0 0 0 0 0 0 0 0 0 0 0 0 0 0 0 0 0 0 0 0 0 0 0 0 0 0 0 0 0 0 0 0 0 0 0 0 0 0 0 0 0 0 0 0 0 0 0 0 0 0 0 0 0 0 0 0 0 0 0 0 0 0 0 0 0 0 0 0 0 0 0 0 0 0 0 0 0 0 0 0 0 0 0 0 0 0 0 0 0 0 0 0 0 0 0 0 0 0 0 0 0 0 0 7 7 7 0 0 0 0 0 0 0 0 0 0 0 0 0 0
04-26 12:22:34.103 I/storaged(  692): storaged_t::event: storage_info refreshed.
04-26 12:22:35.018 D/WifiService( 1386): startScan, pid:23322, uid:10458, appName:com.che.truckhome.speed
04-26 12:22:35.026 D/HwWifiService( 1386): Get wifiScanStrategy from iAware, WifiScanStrategy = [mCycle=0, mTimeStamp=1649947304]
04-26 12:22:35.135 W/Watchdog( 1386): hungtask: writing kick
04-26 12:22:43.039 D/WifiService( 1386): startScan, pid:23322, uid:10458, appName:com.che.truckhome.speed
04-26 12:22:43.047 D/HwWifiService( 1386): Get wifiScanStrategy from iAware, WifiScanStrategy = [mCycle=0, mTimeStamp=1649947304]
04-26 12:22:51.061 D/WifiService( 1386): startScan, pid:23322, uid:10458, appName:com.che.truckhome.speed
04-26 12:22:51.068 D/HwWifiService( 1386): Get wifiScanStrategy from iAware, WifiScanStrategy = [mCycle=0, mTimeStamp=1649947304]
04-26 12:22:54.495 D/HwBatteryService( 1386): onUEvent fcpStatus = 0,scpStatus =0,ovpStatus=0
04-26 12:22:54.497 I/HwBatteryService( 1386): quick charge status : 0
04-26 12:22:54.497 I/HwBatteryService( 1386): handleWirelessTxStatus
04-26 12:22:54.497 I/HwBatteryService( 1386): switch not open, return, mWirelessTxFlag : 0
04-26 12:22:54.498 I/UsbDeviceManager( 1386): water_intrused state= 0
04-26 12:22:54.511 I/BatteryService( 1386): normal charge status : 1
04-26 12:22:56.139 I/UsageStatsService( 1386): User[0] Flushing usage stats to disk
04-26 12:22:59.080 D/WifiService( 1386): startScan, pid:23322, uid:10458, appName:com.che.truckhome.speed
04-26 12:22:59.088 D/HwWifiService( 1386): Get wifiScanStrategy from iAware, WifiScanStrategy = [mCycle=0, mTimeStamp=1649947304]
04-26 12:23:00.007 V/AlarmManager( 1386): Received TIME_TICK alarm; rescheduling
04-26 12:23:00.008 I/HwAlarmManagerService( 1386): hwSetAlarm listenerTag: time_tick
04-26 12:23:00.101 V/BroadcastQueue( 1386): Finished with ordered broadcast BroadcastRecord{a421501 u-1 android.intent.action.TIME_TICK}
04-26 12:23:04.434 V/BroadcastQueue( 1386): Finished with ordered broadcast BroadcastRecord{a6bd94 u0 null}
04-26 12:23:05.138 W/Watchdog( 1386): hungtask: writing kick
04-26 12:23:07.099 D/WifiService( 1386): startScan, pid:23322, uid:10458, appName:com.che.truckhome.speed
04-26 12:23:07.110 D/HwWifiService( 1386): Get wifiScanStrategy from iAware, WifiScanStrategy = [mCycle=0, mTimeStamp=1649947304]
04-26 12:23:13.172 D/WifiService( 1386): startScan, pid:23639, uid:10458, appName:com.che.truckhome.speed
04-26 12:23:13.180 D/HwWifiService( 1386): Get wifiScanStrategy from iAware, WifiScanStrategy = [mCycle=0, mTimeStamp=1649947304]
04-26 12:23:15.125 D/WifiService( 1386): startScan, pid:23322, uid:10458, appName:com.che.truckhome.speed
04-26 12:23:15.133 D/HwWifiService( 1386): Get wifiScanStrategy from iAware, WifiScanStrategy = [mCycle=0, mTimeStamp=1649947304]
04-26 12:23:19.056 W/ProcBatteryStats( 1386): timer is running , not start, name: com.tencent.mm, uid: 10135, tag: PlatformComm
04-26 12:23:19.059 W/ProcBatteryStats( 1386): timer is running , not start, name: com.tencent.mm, uid: 10135, tag: PlatformComm
04-26 12:23:19.066 W/ProcBatteryStats( 1386): timer is running , not start, name: com.tencent.mm, uid: 10135, tag: PlatformComm
04-26 12:23:19.069 V/BroadcastQueue( 1386): Finished with ordered broadcast BroadcastRecord{5f2e032 u0 ALARM_ACTION(10000)}
04-26 12:23:19.072 D/PowerManagerService( 1386): wakeLock.mDisabled:true, mDeviceIdleMode:false, mProcState:18
04-26 12:23:19.073 I/chatty  ( 1386): uid=1000(system) Binder:1386_1B identical 1 line
04-26 12:23:19.074 D/PowerManagerService( 1386): wakeLock.mDisabled:true, mDeviceIdleMode:false, mProcState:18
04-26 12:23:19.074 W/ProcBatteryStats( 1386): timer is not running , not stop, name: com.tencent.mm, uid: 10135, tag: PlatformComm
04-26 12:23:19.074 D/PowerManagerService( 1386): wakeLock.mDisabled:true, mDeviceIdleMode:false, mProcState:18
04-26 12:23:19.075 W/ProcBatteryStats( 1386): timer is not running , not stop, name: com.tencent.mm, uid: 10135, tag: PlatformComm
04-26 12:23:19.075 D/PowerManagerService( 1386): wakeLock.mDisabled:true, mDeviceIdleMode:false, mProcState:18
04-26 12:23:19.076 W/ProcBatteryStats( 1386): timer is not running , not stop, name: com.tencent.mm, uid: 10135, tag: PlatformComm
04-26 12:23:19.087 I/AlarmManager( 1386): remove alarm:Alarm{d0a12df type 2 when 1652397816 PendingIntent{cb6339: PendingIntentRecord{5eacd7e com.tencent.mm broadcastIntent}}com.tencent.mm} according to operation:6842b2c
04-26 12:23:19.121 I/AlarmManager( 1386): remove alarm:Alarm{6a6fdfb type 2 when 1651825775 PendingIntent{164e183: PendingIntentRecord{2fc1f00 com.tencent.mm broadcastIntent}}com.tencent.mm} according to operation:19ece18
04-26 12:23:19.132 D/PowerManagerService( 1386): wakeLock.mDisabled:true, mDeviceIdleMode:false, mProcState:18
04-26 12:23:23.146 D/WifiService( 1386): startScan, pid:23322, uid:10458, appName:com.che.truckhome.speed
04-26 12:23:23.154 D/HwWifiService( 1386): Get wifiScanStrategy from iAware, WifiScanStrategy = [mCycle=0, mTimeStamp=1649947304]
04-26 12:23:25.211 D/HwBatteryService( 1386): onUEvent fcpStatus = 0,scpStatus =0,ovpStatus=0
04-26 12:23:25.213 I/HwBatteryService( 1386): quick charge status : 0
04-26 12:23:25.213 I/HwBatteryService( 1386): handleWirelessTxStatus
04-26 12:23:25.213 I/HwBatteryService( 1386): switch not open, return, mWirelessTxFlag : 0
04-26 12:23:25.214 I/UsbDeviceManager( 1386): water_intrused state= 0
04-26 12:23:25.231 I/BatteryService( 1386): normal charge status : 1
04-26 12:23:29.073 V/BroadcastQueue( 1386): Finished with ordered broadcast BroadcastRecord{1f94071 u0 com.tencent.mm.plugin.report.service.KVCommCrossProcessReceiver}
04-26 12:23:31.166 D/WifiService( 1386): startScan, pid:23322, uid:10458, appName:com.che.truckhome.speed
04-26 12:23:31.174 D/HwWifiService( 1386): Get wifiScanStrategy from iAware, WifiScanStrategy = [mCycle=0, mTimeStamp=1649947304]
04-26 12:23:31.989 W/SocketListener(  560): sending broadcast to Pid = 1386, Uid = 1000 
04-26 12:23:31.993 D/NetdConnector( 1386): RCV <- {661 ReportType 0 0 0 0 0 0 0 0 0 0 0 0 0 0 0 0 0 0 0 0 0 0 0 0 0 0 0 0 0 0 0 0 0 0 0 0 0 0 0 0 0 0 0 0 0 0 0 0 0 0 0 0 0 0 0 0 0 0 0 0 0 0 0 0 0 0 0 0 0 0 0 0 0 0 0 0 0 0 0 0 0 0 0 0 0 0 0 0 0 0 0 0 0 0 0 0 0 0 0 0 0 0 0 0 0 0 0 0 0 0 0 0 0 0 0 0 0 0 0 0 0 0 0 0 0 0 0 0 0 0 0 0 0 0 0 0 0 0 0 0 0 0 0 0 0 0 0 0 0 0 0 0 0 0 0 0 0 0 0 0 0 0 0 0 0 0 0 0 0 0 0 0 0 0 0 0 0 0 0 0 0 0 0 0 0 0 0 0 0 0 0 0 0 0 0 0 0 0 0 0 0 0 0 0 0 0 0 0 0 0 0 0 0 0 0 0 0 0 0 0 0 0 0 0 0 0 0 0 0 ReportType 0 10 0 0 0 0 0 1 0 0 0 0 0 0 1 0 0 0 0 0 0 0 0 0 0 0 0 0 0 0 0 0 0 0 0 0 0 0 0 0 0 0 0 0 0 0 0 0 0 0 0 0 0 0 0 0 0 0 0 0 0 0 0 0 0 0 0 0 0 0 0 0 0 0 0 0 0 0 0 0 0 0 0 0 0 0 0 0 0 0 0 0 0 0 0 0 0 0 0 0 0 0 0 0 0 0 0 0 0 0 0 0 0 0 0 0 0 0 0 0 0 0 0 0 0 0 0 0 0 0 0 0 0 0 0 0 0 0 0 0 0 0 0 0 0 0 0 0 0 0 0 0 0 0 0 0 0 0 0 0 0 0 0 0 0 0 0 0 0 0 0 0 0 0 0 0 0 0 0 0 0 0 0 0 0 0 0 0 0 0 0 0 0 0 0 0 0 0 0 0 0 0 0 0 0 0 0 0 0 0 0 0 10 10 10 0 0 0 0 0 0 0 0 0 0 0 0 0 0}
04-26 12:23:31.997 D/NetdConnector( 1386): RCV <- {661 ReportType 0 0 0 0 0 0 0 0 0 0 0 0 0 0 0 0 0 0 0 0 0 0 0 0 0 0 0 0 0 0 0 0 0 0 0 0 0 0 0 0 0 0 0 0 0 0 0 0 0 0 0 0 0 0 0 0 0 0 0 0 0 0 0 0 0 0 0 0 0 0 0 0 0 0 0 0 0 0 0 0 0 0 0 0 0 0 0 0 0 0 0 0 0 0 0 0 0 0 0 0 0 0 0 0 0 0 0 0 0 0 0 0 0 0 0 0 0 0 0 0 0 0 0 0 0 0 0 0 0 0 0 0 0 0 0 0 0 0 0 0 0 0 0 0 0 0 0 0 0 0 0 0 0 0 0 0 0 0 0 0 0 0 0 0 0 0 0 0 0 0 0 0 0 0 0 0 0 0 0 0 0 0 0 0 0 0 0 0 0 0 0 0 0 0 0 0 0 0 0 0 0 0 0 0 0 0 0 0 0 0 0 0 0 0 0 0 0 0 0 0 0 0 0 0 0 0 0 0 0 ReportType 0 10 0 0 0 0 0 1 0 0 0 0 0 0 1 0 0 0 0 0 0 0 0 0 0 0 0 0 0 0 0 0 0 0 0 0 0 0 0 0 0 0 0 0 0 0 0 0 0 0 0 0 0 0 0 0 0 0 0 0 0 0 0 0 0 0 0 0 0 0 0 0 0 0 0 0 0 0 0 0 0 0 0 0 0 0 0 0 0 0 0 0 0 0 0 0 0 0 0 0 0 0 0 0 0 0 0 0 0 0 0 0 0 0 0 0 0 0 0 0 0 0 0 0 0 0 0 0 0 0 0 0 0 0 0 0 0 0 0 0 0 0 0 0 0 0 0 0 0 0 0 0 0 0 0 0 0 0 0 0 0 0 0 0 0 0 0 0 0 0 0 0 0 0 0 0 0 0 0 0 0 0 0 0 0 0 0 0 0 0 0 0 0 0 0 0 0 0 0 0 0 0 0 0 0 0 0 0 0 0 0 0 10 10 10 0 0 0 0 0 0 0 0 0 0 0 0 0 0}
04-26 12:23:32.000 D/NetdConnector( 1386): RCV unsolicited event from native daemon, event = 661
04-26 12:23:32.013 D/HwNetworkManagementService( 1386): onEvent receive Web Stat Report:661 ReportType 0 0 0 0 0 0 0 0 0 0 0 0 0 0 0 0 0 0 0 0 0 0 0 0 0 0 0 0 0 0 0 0 0 0 0 0 0 0 0 0 0 0 0 0 0 0 0 0 0 0 0 0 0 0 0 0 0 0 0 0 0 0 0 0 0 0 0 0 0 0 0 0 0 0 0 0 0 0 0 0 0 0 0 0 0 0 0 0 0 0 0 0 0 0 0 0 0 0 0 0 0 0 0 0 0 0 0 0 0 0 0 0 0 0 0 0 0 0 0 0 0 0 0 0 0 0 0 0 0 0 0 0 0 0 0 0 0 0 0 0 0 0 0 0 0 0 0 0 0 0 0 0 0 0 0 0 0 0 0 0 0 0 0 0 0 0 0 0 0 0 0 0 0 0 0 0 0 0 0 0 0 0 0 0 0 0 0 0 0 0 0 0 0 0 0 0 0 0 0 0 0 0 0 0 0 0 0 0 0 0 0 0 0 0 0 0 0 0 0 0 0 0 0 0 0 0 0 0 0 ReportType 0 10 0 0 0 0 0 1 0 0 0 0 0 0 1 0 0 0 0 0 0 0 0 0 0 0 0 0 0 0 0 0 0 0 0 0 0 0 0 0 0 0 0 0 0 0 0 0 0 0 0 0 0 0 0 0 0 0 0 0 0 0 0 0 0 0 0 0 0 0 0 0 0 0 0 0 0 0 0 0 0 0 0 0 0 0 0 0 0 0 0 0 0 0 0 0 0 0 0 0 0 0 0 0 0 0 0 0 0 0 0 0 0 0 0 0 0 0 0 0 0 0 0 0 0 0 0 0 0 0 0 0 0 0 0 0 0 0 0 0 0 0 0 0 0 0 0 0 0 0 0 0 0 0 0 0 0 0 0 0 0 0 0 0 0 0 0 0 0 0 0 0 0 0 0 0 0 0 0 0 0 0 0 0 0 0 0 0 0 0 0 0 0 0 0 0 0 0 0 0 0 0 0 0 0 0 0 0 0 0 0 0 10 10 10 0 0 0 0 0 0 0 0 0 0 0 0 0 0
04-26 12:23:34.104 I/storaged(  692): storaged_t::event: storage_info refreshed.
04-26 12:23:35.141 W/Watchdog( 1386): hungtask: writing kick
04-26 12:23:39.187 D/WifiService( 1386): startScan, pid:23322, uid:10458, appName:com.che.truckhome.speed
04-26 12:23:39.195 D/HwWifiService( 1386): Get wifiScanStrategy from iAware, WifiScanStrategy = [mCycle=0, mTimeStamp=1649947304]
04-26 12:23:47.207 D/WifiService( 1386): startScan, pid:23322, uid:10458, appName:com.che.truckhome.speed
04-26 12:23:47.214 D/HwWifiService( 1386): Get wifiScanStrategy from iAware, WifiScanStrategy = [mCycle=0, mTimeStamp=1649947304]
04-26 12:23:55.227 D/WifiService( 1386): startScan, pid:23322, uid:10458, appName:com.che.truckhome.speed
04-26 12:23:55.235 D/HwWifiService( 1386): Get wifiScanStrategy from iAware, WifiScanStrategy = [mCycle=0, mTimeStamp=1649947304]
04-26 12:23:55.940 D/HwBatteryService( 1386): onUEvent fcpStatus = 0,scpStatus =0,ovpStatus=0
04-26 12:23:55.942 I/HwBatteryService( 1386): quick charge status : 0
04-26 12:23:55.942 I/HwBatteryService( 1386): handleWirelessTxStatus
04-26 12:23:55.943 I/HwBatteryService( 1386): switch not open, return, mWirelessTxFlag : 0
04-26 12:23:55.944 I/UsbDeviceManager( 1386): water_intrused state= 0
04-26 12:24:00.009 V/AlarmManager( 1386): Received TIME_TICK alarm; rescheduling
04-26 12:24:00.010 I/HwAlarmManagerService( 1386): hwSetAlarm listenerTag: time_tick
04-26 12:24:00.102 V/BroadcastQueue( 1386): Finished with ordered broadcast BroadcastRecord{d5d7ed7 u-1 android.intent.action.TIME_TICK}
04-26 12:24:02.056 I/HwAlarmManagerService( 1386): hwSetAlarm listenerTag: WifiConnectivityManager Schedule Hour Periodic Scan Timer
04-26 12:24:02.073 I/HwAlarmManagerService( 1386): hwSetAlarm listenerTag: WificondScannerImpl Scan Timeout
04-26 12:24:02.982 I/NetworkStats( 1386): openSessionForUsageStats, pid = 1876, pkg = com.huawei.hiview
04-26 12:24:02.983 I/NetworkStats( 1386): openSessionInternal,pid = 1876
04-26 12:24:02.984 I/NetworkStats( 1386): performPollLocked, pid = 1386
04-26 12:24:03.051 W/NetworkStatsFactory( 1386): mStatsXtProcUid: /proc/net/comm/stats does not exist!
04-26 12:24:03.051 D/HwNetworkStatsService( 1386): hwRecordUidAndProcSnapshotLocked currentTime = 1619411039596
04-26 12:24:03.073 I/NetworkStatsFactory( 1386): javaReadNetworkStatsUidAndProcDetail. cost time = 22
04-26 12:24:03.093 D/HwNetworkStatsService( 1386): hwMaybeUidAndProcPersistLocked currentTime = 1619411039596
04-26 12:24:03.205 W/SocketListener(  560): sending broadcast to Pid = 1386, Uid = 1000 
04-26 12:24:03.208 D/NetdConnector( 1386): RCV <- {600 Iface linkstate wlan0 up}
04-26 12:24:03.209 D/NetdConnector( 1386): RCV <- {600 Iface linkstate wlan0 up}
04-26 12:24:03.211 D/NetdConnector( 1386): RCV unsolicited event from native daemon, event = 600
04-26 12:24:03.218 D/NetdConnector( 1386): SND -> {7258 interface getcfg wlan0}
04-26 12:24:03.222 D/NetdConnector( 1386): RCV <- {213 7258  ******** :23  ********  22 up broadcast running multicast}
04-26 12:24:03.224 D/NetdConnector( 1386): RCV <- {213 7258  ******** :23  ********  22 up broadcast running multicast}
04-26 12:24:03.247 D/WifiService( 1386): startScan, pid:23322, uid:10458, appName:com.che.truckhome.speed
04-26 12:24:03.257 D/HwWifiService( 1386): Get wifiScanStrategy from iAware, WifiScanStrategy = [mCycle=0, mTimeStamp=1649947304]
04-26 12:24:04.450 V/BroadcastQueue( 1386): Finished with ordered broadcast BroadcastRecord{ad54830 u0 null}
04-26 12:24:04.718 D/PowerManagerService( 1386): wakeLock.mDisabled:true, mDeviceIdleMode:false, mProcState:18
04-26 12:24:04.814 D/PowerManagerService( 1386): wakeLock.mDisabled:true, mDeviceIdleMode:false, mProcState:18
04-26 12:24:05.144 W/Watchdog( 1386): hungtask: writing kick
04-26 12:24:05.556 I/NetworkStats( 1386): openSessionForUsageStats, pid = 21330, pkg = com.tencent.mm
04-26 12:24:05.557 I/NetworkStats( 1386): openSessionInternal,pid = 21330
04-26 12:24:05.557 I/NetworkStats( 1386): performPollLocked, pid = 1386
04-26 12:24:05.562 I/NetworkStats( 1386): openSessionForUsageStats, pid = 21330, pkg = com.tencent.mm
04-26 12:24:05.563 I/NetworkStats( 1386): openSessionForUsageStats, pid = 21330, pkg = com.tencent.mm
04-26 12:24:05.579 W/NetworkStatsFactory( 1386): mStatsXtProcUid: /proc/net/comm/stats does not exist!
04-26 12:24:05.579 D/HwNetworkStatsService( 1386): hwRecordUidAndProcSnapshotLocked currentTime = 1619411042169
04-26 12:24:05.595 I/NetworkStatsFactory( 1386): javaReadNetworkStatsUidAndProcDetail. cost time = 15
04-26 12:24:05.600 D/HwNetworkStatsService( 1386): hwMaybeUidAndProcPersistLocked currentTime = 1619411042169
04-26 12:24:05.613 I/NetworkStats( 1386): openSessionForUsageStats, pid = 21330, pkg = com.tencent.mm
04-26 12:24:05.614 I/NetworkStats( 1386): openSessionForUsageStats, pid = 21330, pkg = com.tencent.mm
04-26 12:24:05.615 I/NetworkStats( 1386): openSessionForUsageStats, pid = 21330, pkg = com.tencent.mm
04-26 12:24:05.823 D/PowerManagerService( 1386): wakeLock.mDisabled:true, mDeviceIdleMode:false, mProcState:18
04-26 12:24:06.834 D/PowerManagerService( 1386): wakeLock.mDisabled:true, mDeviceIdleMode:false, mProcState:18
04-26 12:24:08.557 I/NetworkStats( 1386): openSessionForUsageStats, pid = 21330, pkg = com.tencent.mm
04-26 12:24:08.565 I/NetworkStats( 1386): openSessionForUsageStats, pid = 21330, pkg = com.tencent.mm
04-26 12:24:11.269 D/WifiService( 1386): startScan, pid:23322, uid:10458, appName:com.che.truckhome.speed
04-26 12:24:11.275 D/HwWifiService( 1386): Get wifiScanStrategy from iAware, WifiScanStrategy = [mCycle=0, mTimeStamp=1649947304]
04-26 12:24:13.175 D/WifiService( 1386): startScan, pid:23639, uid:10458, appName:com.che.truckhome.speed
04-26 12:24:13.183 D/HwWifiService( 1386): Get wifiScanStrategy from iAware, WifiScanStrategy = [mCycle=0, mTimeStamp=1649947304]
04-26 12:24:16.058 V/BroadcastQueue( 1386): Finished with ordered broadcast BroadcastRecord{dee8ca9 u0 com.tencent.mm.plugin.report.service.KVCommCrossProcessReceiver}
04-26 12:24:18.069 V/BroadcastQueue( 1386): Finished with ordered broadcast BroadcastRecord{4371cf u0 com.huawei.push.alarm.HEARTBEAT}
04-26 12:24:18.118 I/AlarmManager( 1386): remove alarm:Alarm{4fa4a65 type 0 when 1619411068085 PendingIntent{e7eb75c: PendingIntentRecord{c64c7af android broadcastIntent}}android} according to operation:5aa33a
04-26 12:24:18.136 I/AlarmManager( 1386): remove alarm:Alarm{deded48 type 1 when 1619411958056 PendingIntent{43dbcca: PendingIntentRecord{49b1417 android broadcastIntent}}android} according to operation:a4a27e1
04-26 12:24:19.287 D/WifiService( 1386): startScan, pid:23322, uid:10458, appName:com.che.truckhome.speed
04-26 12:24:19.294 D/HwWifiService( 1386): Get wifiScanStrategy from iAware, WifiScanStrategy = [mCycle=0, mTimeStamp=1649947304]
--------- beginning of main
04-26 12:24:19.861 I/        (  560): netd received web stat infomation,trigger chr report!
04-26 12:24:19.861 I/        (  560): netd received web stat infomation,trigger chr report!
04-26 12:24:19.861 I/        (  560): ReportType 0 0 0 0 0 0 0 0 0 0 0 0 0 0 0 0 0 0 0 0 0 0 0 0 0 0 0 0 0 0 0 0 0 0 0 0 0 0 0 0 0 0 0 0 0 0 0 0 0 0 0 0 0 0 0 0 0 0 0 0 0 0 0 0 0 0 0 0 0 0 0 0 0 0 0 0 0 0 0 0 0 0 0 0 0 0 0 0 0 0 0 0 0 0 0 0 0 0 0 0 0 0 0 0 0 0 0 0 0 0 0 0 0 0 0 0 0 0 0 0 0 0 0 0 0 0 0 0 0 0 0 0 0 0 0 0 0 0 0 0 0 0 0 0 0 0 0 0 0 0 0 0 0 0 0 0 0 0 0 0 0 0 0 0 0 0 0 0 0 0 0 0 0 0 0 0 0 0 0 0 0 0 0 0 0 0 0 0 0 0 0 0 0 0 0 0 0 0 0 0 0 0 0 0 0 0 0 0 0 0 0 0 0 0 0 0 0 0 0 0 0 0 0 0 0 0 0 0 0 ReportType 0 55 1160 2 0 0 2 3 1 0 0 0 0 1 3 0 0 0 0 2 0 0 45 1160 2 0 0 2 2 2 1 0 0 0 0 1 2 0 0 0 0 0 0 0 0 0 0 0 0 0 0 0 0 0 0 0 0 0 0 0 0 0 0 0 0 0 0 0 0 0 0 0 0 0 0 0 0 0 0 0 0 0 0 0 0 0 0 0 0 0 0 0 0 0 0 0 0 0 0 0 0 0 0 0 0 0 0 0 0 0 0 0 0 0 0 0 0 0 0 0 0 0 0 0 0 0 0 0 0 0 0 0 0 0 0 0 0 0 0 0 0 0 0 0 0 0 0 0 0 0 0 0 0 0 0 0 0 0 0 0 0 0 0 0 0 0 0 0 0 0 0 0 0 0 0 0 0 0 0 0 0 0 0 0 0 0 0 0 0 0 0 0 0 0 0 0 0 0 0 0 0 0 0 0 0 0 0 0 0 0 0 0 32 10 10 1100 60 60 0 0 0 0 0 0 0 0 1080 12 2
04-26 12:24:19.861 W/SocketListener(  560): sending broadcast to Pid = 1386, Uid = 1000 
04-26 12:24:19.866 D/NetdConnector( 1386): RCV <- {661 ReportType 0 0 0 0 0 0 0 0 0 0 0 0 0 0 0 0 0 0 0 0 0 0 0 0 0 0 0 0 0 0 0 0 0 0 0 0 0 0 0 0 0 0 0 0 0 0 0 0 0 0 0 0 0 0 0 0 0 0 0 0 0 0 0 0 0 0 0 0 0 0 0 0 0 0 0 0 0 0 0 0 0 0 0 0 0 0 0 0 0 0 0 0 0 0 0 0 0 0 0 0 0 0 0 0 0 0 0 0 0 0 0 0 0 0 0 0 0 0 0 0 0 0 0 0 0 0 0 0 0 0 0 0 0 0 0 0 0 0 0 0 0 0 0 0 0 0 0 0 0 0 0 0 0 0 0 0 0 0 0 0 0 0 0 0 0 0 0 0 0 0 0 0 0 0 0 0 0 0 0 0 0 0 0 0 0 0 0 0 0 0 0 0 0 0 0 0 0 0 0 0 0 0 0 0 0 0 0 0 0 0 0 0 0 0 0 0 0 0 0 0 0 0 0 0 0 0 0 0 0 ReportType 0 55 1160 2 0 0 2 3 1 0 0 0 0 1 3 0 0 0 0 2 0 0 45 1160 2 0 0 2 2 2 1 0 0 0 0 1 2 0 0 0 0 0 0 0 0 0 0 0 0 0 0 0 0 0 0 0 0 0 0 0 0 0 0 0 0 0 0 0 0 0 0 0 0 0 0 0 0 0 0 0 0 0 0 0 0 0 0 0 0 0 0 0 0 0 0 0 0 0 0 0 0 0 0 0 0 0 0 0 0 0 0 0 0 0 0 0 0 0 0 0 0 0 0 0 0 0 0 0 0 0 0 0 0 0 0 0 0 0 0 0 0 0 0 0 0 0 0 0 0 0 0 0 0 0 0 0 0 0 0 0 0 0 0 0 0 0 0 0 0 0 0 0 0 0 0 0 0 0 0 0 0 0 0 0 0 0 0 0 0 0 0 0 0 0 0 0 0 0 0 0 0 0 0 0 0 0 0 0 0 0 0 0 32 10 10 1100 60 60 0 0 0 0 0 0 0 0 1080 12 2}
04-26 12:24:19.870 D/NetdConnector( 1386): RCV <- {661 ReportType 0 0 0 0 0 0 0 0 0 0 0 0 0 0 0 0 0 0 0 0 0 0 0 0 0 0 0 0 0 0 0 0 0 0 0 0 0 0 0 0 0 0 0 0 0 0 0 0 0 0 0 0 0 0 0 0 0 0 0 0 0 0 0 0 0 0 0 0 0 0 0 0 0 0 0 0 0 0 0 0 0 0 0 0 0 0 0 0 0 0 0 0 0 0 0 0 0 0 0 0 0 0 0 0 0 0 0 0 0 0 0 0 0 0 0 0 0 0 0 0 0 0 0 0 0 0 0 0 0 0 0 0 0 0 0 0 0 0 0 0 0 0 0 0 0 0 0 0 0 0 0 0 0 0 0 0 0 0 0 0 0 0 0 0 0 0 0 0 0 0 0 0 0 0 0 0 0 0 0 0 0 0 0 0 0 0 0 0 0 0 0 0 0 0 0 0 0 0 0 0 0 0 0 0 0 0 0 0 0 0 0 0 0 0 0 0 0 0 0 0 0 0 0 0 0 0 0 0 0 ReportType 0 55 1160 2 0 0 2 3 1 0 0 0 0 1 3 0 0 0 0 2 0 0 45 1160 2 0 0 2 2 2 1 0 0 0 0 1 2 0 0 0 0 0 0 0 0 0 0 0 0 0 0 0 0 0 0 0 0 0 0 0 0 0 0 0 0 0 0 0 0 0 0 0 0 0 0 0 0 0 0 0 0 0 0 0 0 0 0 0 0 0 0 0 0 0 0 0 0 0 0 0 0 0 0 0 0 0 0 0 0 0 0 0 0 0 0 0 0 0 0 0 0 0 0 0 0 0 0 0 0 0 0 0 0 0 0 0 0 0 0 0 0 0 0 0 0 0 0 0 0 0 0 0 0 0 0 0 0 0 0 0 0 0 0 0 0 0 0 0 0 0 0 0 0 0 0 0 0 0 0 0 0 0 0 0 0 0 0 0 0 0 0 0 0 0 0 0 0 0 0 0 0 0 0 0 0 0 0 0 0 0 0 0 32 10 10 1100 60 60 0 0 0 0 0 0 0 0 1080 12 2}
04-26 12:24:19.872 D/NetdConnector( 1386): RCV unsolicited event from native daemon, event = 661
04-26 12:24:19.884 D/HwNetworkManagementService( 1386): onEvent receive Web Stat Report:661 ReportType 0 0 0 0 0 0 0 0 0 0 0 0 0 0 0 0 0 0 0 0 0 0 0 0 0 0 0 0 0 0 0 0 0 0 0 0 0 0 0 0 0 0 0 0 0 0 0 0 0 0 0 0 0 0 0 0 0 0 0 0 0 0 0 0 0 0 0 0 0 0 0 0 0 0 0 0 0 0 0 0 0 0 0 0 0 0 0 0 0 0 0 0 0 0 0 0 0 0 0 0 0 0 0 0 0 0 0 0 0 0 0 0 0 0 0 0 0 0 0 0 0 0 0 0 0 0 0 0 0 0 0 0 0 0 0 0 0 0 0 0 0 0 0 0 0 0 0 0 0 0 0 0 0 0 0 0 0 0 0 0 0 0 0 0 0 0 0 0 0 0 0 0 0 0 0 0 0 0 0 0 0 0 0 0 0 0 0 0 0 0 0 0 0 0 0 0 0 0 0 0 0 0 0 0 0 0 0 0 0 0 0 0 0 0 0 0 0 0 0 0 0 0 0 0 0 0 0 0 0 ReportType 0 55 1160 2 0 0 2 3 1 0 0 0 0 1 3 0 0 0 0 2 0 0 45 1160 2 0 0 2 2 2 1 0 0 0 0 1 2 0 0 0 0 0 0 0 0 0 0 0 0 0 0 0 0 0 0 0 0 0 0 0 0 0 0 0 0 0 0 0 0 0 0 0 0 0 0 0 0 0 0 0 0 0 0 0 0 0 0 0 0 0 0 0 0 0 0 0 0 0 0 0 0 0 0 0 0 0 0 0 0 0 0 0 0 0 0 0 0 0 0 0 0 0 0 0 0 0 0 0 0 0 0 0 0 0 0 0 0 0 0 0 0 0 0 0 0 0 0 0 0 0 0 0 0 0 0 0 0 0 0 0 0 0 0 0 0 0 0 0 0 0 0 0 0 0 0 0 0 0 0 0 0 0 0 0 0 0 0 0 0 0 0 0 0 0 0 0 0 0 0 0 0 0 0 0 0 0 0 0 0 0 0 0 32 10 10 1100 60 60 0 0 0 0 0 0 0 0 1080 12 2
04-26 12:24:19.886 W/ContextImpl( 1386): Calling a method in the system process without a qualified user: android.app.ContextImpl.sendBroadcast:1172 com.android.server.HwNetworkManagementService.sendWebStatMessage:1112 com.android.server.HwServiceFactoryImpl$HwNetworkManagementServiceImpl.sendWebStatMessage:737 com.android.server.NetworkManagementService$NetdCallbackReceiver.onEvent:1095 com.android.server.NativeDaemonConnector.handleMessage:176 
04-26 12:24:19.902 D/StatusBarIconController( 1715): setIconVisibility icon is null or visibility not change visibility=false
04-26 12:24:19.905 D/StatusBarIconController( 1715): setIconVisibility icon is null or visibility not change visibility=false
04-26 12:24:19.906 W/PhoneInterfaceManager( 1924): shouldBlockLocation running ...
04-26 12:24:19.907 I/PhoneInterfaceManager( 1924): shouldBlockLocation  ret:false
04-26 12:24:19.920 I/chatty  ( 1386): uid=1000(system) WifiScanningSer expire 2 lines
04-26 12:24:19.936 I/ActivityManager( 1386): Need to start process com.android.bluetooth for provider ContentProviderInfo{name=com.android.bluetooth.opp className=com.android.bluetooth.opp.BluetoothOppProvider}, callerApp: ProcessRecord{c19a35d 1876:com.huawei.hiview/1000}
04-26 12:24:19.937 V/ActivityManager( 1386): startProcess: name=com.android.bluetooth app=null knownToBeDead=false thread=null pid=-1
04-26 12:24:19.940 V/ActivityManager_MU( 1386): Waiting to start provider ContentProviderRecord{6a5cbc7 u0 com.android.bluetooth/.opp.BluetoothOppProvider} launchingApp=ProcessRecord{2bfb906 0:com.android.bluetooth/1002} caller pid= 1876
04-26 12:24:19.976 I/ActivityManager( 1386): Start proc 26717:com.android.bluetooth/1002 for content provider com.android.bluetooth/.opp.BluetoothOppProvider
04-26 12:24:19.977 E/ProcessInfoCollector( 1386): getProcessInfo: failed to find this proc 
04-26 12:24:19.984 I/droid.bluetoot(26717): Reinit property: dalvik.vm.checkjni= false
04-26 12:24:19.988 E/droid.bluetoot(26717): Not starting debugger since process cannot load the jdwp agent.
04-26 12:24:19.999 D/ZrHung.AppEyeUiProbe(26717): AppEyeUIP created.
04-26 12:24:20.002 D/ActivityThread(26717): Attach thread to application
04-26 12:24:20.024 I/HwApiCacheMangerEx(26717): apicache path=/storage/emulated/0 state=mounted key=com.android.bluetooth#1002#256
04-26 12:24:20.025 I/HwApiCacheMangerEx(26717): apicache path=/storage/emulated/0 state=mounted key=com.android.bluetooth#1002#0
04-26 12:24:20.031 I/HwLogExceptionInner(26717): Log blacklist 
04-26 12:24:20.072 I/droid.bluetoot(26717): The ClassLoaderContext is a special shared library.
04-26 12:24:20.371 I/AwareBitmapCacher(26717): init processName:com.android.bluetooth pid=26717 uid=1002
04-26 12:24:20.373 D/opp-BluetoothOppFileProvider(26717): Initialized
04-26 12:24:20.399 V/ActivityManager( 1386): Successfully start provider ContentProviderRecord{6a5cbc7 u0 com.android.bluetooth/.opp.BluetoothOppProvider} launchingApp=ProcessRecord{2bfb906 26717:com.android.bluetooth/1002} caller pid= 1876
04-26 12:24:20.409 V/btservice-AdapterServiceConfig(26717): Adding HeadsetService
04-26 12:24:20.409 V/btservice-AdapterServiceConfig(26717): Adding A2dpService
04-26 12:24:20.409 V/btservice-AdapterServiceConfig(26717): Adding HidHostService
04-26 12:24:20.409 V/btservice-AdapterServiceConfig(26717): Adding HealthService
04-26 12:24:20.409 V/btservice-AdapterServiceConfig(26717): Adding PanService
04-26 12:24:20.409 V/btservice-AdapterServiceConfig(26717): Adding GattService
04-26 12:24:20.410 V/btservice-AdapterServiceConfig(26717): Adding BluetoothMapService
04-26 12:24:20.410 V/btservice-AdapterServiceConfig(26717): Adding AvrcpTargetService
04-26 12:24:20.410 V/btservice-AdapterServiceConfig(26717): Adding HidDeviceService
04-26 12:24:20.410 V/btservice-AdapterServiceConfig(26717): Adding BluetoothOppService
04-26 12:24:20.410 V/btservice-AdapterServiceConfig(26717): Adding BluetoothPbapService
04-26 12:24:20.412 I/HwNcDftConnManager(26717): start to bind to NcDftService
04-26 12:24:20.416 I/chatty  ( 1876): uid=1000(system) com.huawei.hiview expire 2 lines
04-26 12:24:20.421 E/MemoryLeakMonitorManager(26717): MemoryLeakMonitor.jar is not exist!
04-26 12:24:20.424 I/HwNcDftConnManager(26717): service is connected
04-26 12:24:20.458 I/chatty  ( 1386): uid=1000(system) Binder:1386_1B expire 15 lines
04-26 12:24:20.504 I/        (  707): DPTEST  EventId is not need Hash
04-26 12:24:20.782 E/WifiHAL (  603): enter wifi_get_link_stats
04-26 12:24:20.806 I/chatty  ( 1386): uid=1000 system_server expire 10 lines
04-26 12:24:20.806 I/chatty  ( 1386): uid=1000(system) HwSelfCureEngin expire 10 lines
04-26 12:24:20.808 I/chatty  ( 1386): uid=1000(system) HwWifiConnectiv expire 12 lines
04-26 12:24:20.815 I/chatty  ( 1386): uid=1000(system) Binder:1386_1D expire 6 lines
04-26 12:24:20.821 D/StatusBarIconController( 1715): setIconVisibility icon is null or visibility not change visibility=false
04-26 12:24:20.907 D/StatusBarIconController( 1715): setIconVisibility icon is null or visibility not change visibility=false
04-26 12:24:21.908 D/StatusBarIconController( 1715): setIconVisibility icon is null or visibility not change visibility=false
04-26 12:24:21.911 D/StatusBarIconController( 1715): setIconVisibility icon is null or visibility not change visibility=false
04-26 12:24:22.905 I/chatty  ( 1386): uid=1000(system) HuaweiWifiWatch expire 13 lines
04-26 12:24:22.906 I/chatty  ( 1386): uid=1000 system_server expire 4 lines
04-26 12:24:22.909 I/chatty  ( 1386): uid=1000(system) MobileQosDetect expire 5 lines
04-26 12:24:23.802 E/WifiHAL (  603): enter wifi_get_link_stats
04-26 12:24:23.827 D/StatusBarIconController( 1715): setIconVisibility icon is null or visibility not change visibility=false
04-26 12:24:23.917 D/StatusBarIconController( 1715): setIconVisibility icon is null or visibility not change visibility=false
04-26 12:24:24.917 D/StatusBarIconController( 1715): setIconVisibility icon is null or visibility not change visibility=false
04-26 12:24:24.919 D/StatusBarIconController( 1715): setIconVisibility icon is null or visibility not change visibility=false
04-26 12:24:25.377 D/AwareBitmapCacher(26717): handleInit disable com.android.bluetooth
04-26 12:24:25.805 W/[GT]ColdPool#7(22508): type=1400 audit(0.0:122581): avc: denied { getattr } for path="socket:[4294472]" dev="sockfs" ino=4294472 scontext=u:r:untrusted_app:s0:c135,c256,c512,c768 tcontext=u:r:zygote:s0 tclass=unix_dgram_socket permissive=0
04-26 12:24:25.809 W/[GT]ColdPool#7(22508): type=1400 audit(0.0:122582): avc: denied { getattr } for path="/dev/pmsg0" dev="tmpfs" ino=14615 scontext=u:r:untrusted_app:s0:c135,c256,c512,c768 tcontext=u:object_r:pmsg_device:s0 tclass=chr_file permissive=0
04-26 12:24:25.809 W/[GT]ColdPool#7(22508): type=1400 audit(0.0:122583): avc: denied { getattr } for path="/sys/kernel/debug/tracing/trace_marker" dev="tracefs" ino=4171 scontext=u:r:untrusted_app:s0:c135,c256,c512,c768 tcontext=u:object_r:debugfs_trace_marker:s0 tclass=file permissive=0
04-26 12:24:26.167 I/chatty  ( 1386): uid=1000(system) AlarmManager expire 5 lines
04-26 12:24:26.168 D/JobScheduler.Time( 1386): Delay-expired alarm fired
04-26 12:24:26.168 I/JobScheduler.Time( 1386): onControllerStateChanged
04-26 12:24:26.170 W/HwAlarmManagerService( 1386): isContainsAppUidInWorksource-->happend NameNotFoundException
04-26 12:24:26.170 W/HwAlarmManagerService( 1386): isContainsAppUidInWorksource-->happend NameNotFoundException
04-26 12:24:26.197 I/HwAlarmManagerService( 1386): hwSetAlarm listenerTag: *job.delay*
04-26 12:24:26.197 I/JobScheduler.Time( 1386): mNextDelayExpiredElapsedMillis: 1651889014
04-26 12:24:26.199 D/JobScheduler( 1386): Maybe queuing ready jobs...
04-26 12:24:26.208 V/BroadcastQueue( 1386): Finished with ordered broadcast BroadcastRecord{60caf8c u0 null}
04-26 12:24:26.212 V/BroadcastQueue( 1386): Finished with ordered broadcast BroadcastRecord{64315db u0 com.huawei.hwsystemmanager.power.SCHEDULE_RECORD_REMAING_TIME_SCENE}
04-26 12:24:26.228 D/MSFAliveJobService(29453): MSF_Alive_Log MSFAliveJobService onCreate 
04-26 12:24:26.238 I/Calendar(29949): CalendarWidgetService info:CalendarWidgetService-onCreate()
04-26 12:24:26.238 D/JobScheduler.Time( 1386): Deadline-expired alarm fired
04-26 12:24:26.239 W/HwAlarmManagerService( 1386): isContainsAppUidInWorksource-->happend NameNotFoundException
04-26 12:24:26.239 W/HwAlarmManagerService( 1386): isContainsAppUidInWorksource-->happend NameNotFoundException
04-26 12:24:26.240 I/HwAlarmManagerService( 1386): hwSetAlarm listenerTag: *job.deadline*
04-26 12:24:26.240 I/JobScheduler.Time( 1386): mNextJobExpiredElapsedMillis: 1651889014
04-26 12:24:26.242 D/JobScheduler( 1386): queuing all ready jobs for execution:
04-26 12:24:26.248 D/MSFAliveJobService(29453): MSF_Alive_Log MSFAliveJobService onStartJob 
04-26 12:24:26.248 D/MSF.C.ConfigManager(29453): MSF_Alive_Log get config jobscheduler_enable=2
04-26 12:24:26.248 D/MSFAliveManager(29453): MSF_Alive_Log get job state = 2
04-26 12:24:26.248 D/MSFAliveJobService(29453): MSF_Alive_Log MSFAliveJobService handleMessage start service
04-26 12:24:26.248 D/MSFAliveJobService(29453): MSF_Alive_Log : isDeviceIdleMode=false, netWorkFailTime=0, enterIdle=0 levelIdle=1619407445290,netFailInterval=1619411066248
04-26 12:24:26.249 I/Calendar(29949): CalendarWidgetService info: onStartJob - 107
04-26 12:24:26.251 V/BroadcastQueue( 1386): Finished with ordered broadcast BroadcastRecord{5d334b7 u0 com.tencent.mm.TrafficStatsReceiver}
04-26 12:24:26.251 I/NetworkStatsManager(22508): querySummary callingPid = 22508
04-26 12:24:26.252 I/NetworkStats( 1386): openSessionForUsageStats, pid = 22508, pkg = com.tencent.mm
04-26 12:24:26.252 I/NetworkStats( 1386): openSessionInternal,pid = 22508
04-26 12:24:26.255 I/Calendar(29949): CalendarWidgetService info:jobFinish 107
04-26 12:24:26.258 I/NetworkStats( 1386): performPollLocked, pid = 1386
04-26 12:24:26.277 D/JobScheduler( 1386): queuing all ready jobs for execution:
04-26 12:24:26.277 I/Calendar(29949): CalendarWidgetService info:JOB  schedule next Time 
04-26 12:24:26.286 D/JobScheduler( 1386): queuing all ready jobs for execution:
04-26 12:24:26.286 W/NetworkStatsFactory( 1386): mStatsXtProcUid: /proc/net/comm/stats does not exist!
04-26 12:24:26.286 D/HwNetworkStatsService( 1386): hwRecordUidAndProcSnapshotLocked currentTime = 1619411062870
04-26 12:24:26.288 I/Calendar(29949): CalendarWidgetService info: onStopJob - 107
04-26 12:24:26.290 I/Calendar(29949): CalendarWidgetService info:CalendarWidgetService-onDestroy()107
04-26 12:24:26.307 I/NetworkStatsFactory( 1386): javaReadNetworkStatsUidAndProcDetail. cost time = 19
04-26 12:24:26.312 D/HwNetworkStatsService( 1386): hwMaybeUidAndProcPersistLocked currentTime = 1619411062870
04-26 12:24:26.327 I/NetworkStatsManager(22508): querySummary callingPid = 22508
04-26 12:24:26.327 I/NetworkStats( 1386): openSessionForUsageStats, pid = 22508, pkg = com.tencent.mm
04-26 12:24:26.327 E/HSM_Install_BG( 3440): NatTrafficNotifyService:imsi is null, so return
04-26 12:24:26.668 D/HwBatteryService( 1386): onUEvent fcpStatus = 0,scpStatus =0,ovpStatus=0
04-26 12:24:26.670 I/HwBatteryService( 1386): quick charge status : 0
04-26 12:24:26.671 I/HwBatteryService( 1386): handleWirelessTxStatus
04-26 12:24:26.671 I/HwBatteryService( 1386): switch not open, return, mWirelessTxFlag : 0
04-26 12:24:26.672 I/UsbDeviceManager( 1386): water_intrused state= 0
04-26 12:24:26.813 E/WifiHAL (  603): enter wifi_get_link_stats
04-26 12:24:26.843 I/chatty  ( 1386): uid=1000(system) Binder:1386_12 expire 6 lines
04-26 12:24:26.845 I/chatty  ( 1876): uid=1000(system) HwWifiCHRStateM expire 10 lines
04-26 12:24:26.847 I/chatty  ( 1386): uid=1000(system) Binder:1386_4 expire 24 lines
04-26 12:24:26.850 D/StatusBarIconController( 1715): setIconVisibility icon is null or visibility not change visibility=false
04-26 12:24:26.851 D/StatusBarIconController( 1715): setIconVisibility icon is null or visibility not change visibility=false
04-26 12:24:27.306 D/WifiService( 1386): startScan, pid:23322, uid:10458, appName:com.che.truckhome.speed
04-26 12:24:27.309 I/ArHal   (  569): (ar_data_get_state:1229):id[2]
04-26 12:24:27.314 D/HwWifiService( 1386): Get wifiScanStrategy from iAware, WifiScanStrategy = [mCycle=0, mTimeStamp=1649947304]
04-26 12:24:28.784 I/chatty  ( 1876): uid=1000(system) HwWifiStatStore expire 6 lines
04-26 12:24:29.582 E/memtrack(22508): Couldn't load memtrack module
04-26 12:24:29.582 W/android.os.Debug(22508): failed to get memory consumption info: -1
04-26 12:24:29.836 E/WifiHAL (  603): enter wifi_get_link_stats
04-26 12:24:29.865 D/StatusBarIconController( 1715): setIconVisibility icon is null or visibility not change visibility=false
04-26 12:24:29.865 I/chatty  ( 1715): uid=10024(com.huawei.HwMultiScreenShot) com.android.systemui identical 16 lines
04-26 12:24:29.865 D/StatusBarIconController( 1715): setIconVisibility icon is null or visibility not change visibility=false
04-26 12:24:30.912 I/chatty  ( 1386): uid=1000 system_server expire 1 line
04-26 12:24:30.930 D/StatusBarIconController( 1715): setIconVisibility icon is null or visibility not change visibility=false
04-26 12:24:30.932 D/StatusBarIconController( 1715): setIconVisibility icon is null or visibility not change visibility=false
04-26 12:24:31.147 I/chatty  ( 1876): uid=1000(system) Thread-3 expire 3 lines
04-26 12:24:31.172 D/JobScheduler.Time( 1386): Delay-expired alarm fired
04-26 12:24:31.172 I/JobScheduler.Time( 1386): onControllerStateChanged
04-26 12:24:31.173 W/HwAlarmManagerService( 1386): isContainsAppUidInWorksource-->happend NameNotFoundException
04-26 12:24:31.174 W/HwAlarmManagerService( 1386): isContainsAppUidInWorksource-->happend NameNotFoundException
04-26 12:24:31.176 I/HwAlarmManagerService( 1386): hwSetAlarm listenerTag: *job.delay*
04-26 12:24:31.177 I/JobScheduler.Time( 1386): mNextDelayExpiredElapsedMillis: 1651995358
04-26 12:24:31.178 D/JobScheduler( 1386): Maybe queuing ready jobs...
04-26 12:24:31.183 V/ActivityManager( 1386): startProcess: name=com.che.truckhome.speed:channel app=null knownToBeDead=true thread=null pid=-1
04-26 12:24:31.220 I/ActivityManager( 1386): Start proc 26737:com.che.truckhome.speed:channel/u0a458 for service com.che.truckhome.speed/com.taobao.accs.internal.AccsJobService
04-26 12:24:31.221 E/ProcessInfoCollector( 1386): getProcessInfo: failed to find this proc 
04-26 12:24:31.228 I/chatty  (26737): uid=10458 com.che.truckhome.speed:channel expire 546 lines
04-26 12:24:31.240 D/JobScheduler.Time( 1386): Deadline-expired alarm fired
04-26 12:24:31.241 W/HwAlarmManagerService( 1386): isContainsAppUidInWorksource-->happend NameNotFoundException
04-26 12:24:31.242 W/HwAlarmManagerService( 1386): isContainsAppUidInWorksource-->happend NameNotFoundException
04-26 12:24:31.243 I/HwAlarmManagerService( 1386): hwSetAlarm listenerTag: *job.deadline*
