04-26 12:15:54.035 D/HwWifiService( 1386): Get wifiScanStrategy from iAware, WifiScanStrategy = [mCycle=0, mTimeStamp=1649947304]
04-26 12:16:00.007 V/AlarmManager( 1386): Received TIME_TICK alarm; rescheduling
04-26 12:16:00.009 I/HwAlarmManagerService( 1386): hwSetAlarm listenerTag: time_tick
04-26 12:16:00.121 V/BroadcastQueue( 1386): Finished with ordered broadcast BroadcastRecord{22efd37 u-1 android.intent.action.TIME_TICK}
04-26 12:16:02.048 D/WifiService( 1386): startScan, pid:23322, uid:10458, appName:com.che.truckhome.speed
04-26 12:16:02.055 D/HwWifiService( 1386): Get wifiScanStrategy from iAware, WifiScanStrategy = [mCycle=0, mTimeStamp=1649947304]
04-26 12:16:04.324 V/BroadcastQueue( 1386): Finished with ordered broadcast BroadcastRecord{80c93c2 u0 null}
04-26 12:16:05.094 W/Watchdog( 1386): hungtask: writing kick
04-26 12:16:10.068 D/WifiService( 1386): startScan, pid:23322, uid:10458, appName:com.che.truckhome.speed
04-26 12:16:10.075 D/HwWifiService( 1386): Get wifiScanStrategy from iAware, WifiScanStrategy = [mCycle=0, mTimeStamp=1649947304]
04-26 12:16:13.159 D/WifiService( 1386): startScan, pid:23639, uid:10458, appName:com.che.truckhome.speed
04-26 12:16:13.168 D/HwWifiService( 1386): Get wifiScanStrategy from iAware, WifiScanStrategy = [mCycle=0, mTimeStamp=1649947304]
04-26 12:16:15.146 D/HwBatteryService( 1386): onUEvent fcpStatus = 0,scpStatus =0,ovpStatus=0
04-26 12:16:15.147 I/HwBatteryService( 1386): quick charge status : 0
04-26 12:16:15.148 I/HwBatteryService( 1386): handleWirelessTxStatus
04-26 12:16:15.148 I/HwBatteryService( 1386): switch not open, return, mWirelessTxFlag : 0
04-26 12:16:15.149 I/UsbDeviceManager( 1386): water_intrused state= 0
04-26 12:16:15.160 I/BatteryService( 1386): normal charge status : 1
04-26 12:16:18.083 D/WifiService( 1386): startScan, pid:23322, uid:10458, appName:com.che.truckhome.speed
04-26 12:16:18.091 D/HwWifiService( 1386): Get wifiScanStrategy from iAware, WifiScanStrategy = [mCycle=0, mTimeStamp=1649947304]
04-26 12:16:26.104 D/WifiService( 1386): startScan, pid:23322, uid:10458, appName:com.che.truckhome.speed
04-26 12:16:26.112 D/HwWifiService( 1386): Get wifiScanStrategy from iAware, WifiScanStrategy = [mCycle=0, mTimeStamp=1649947304]
04-26 12:16:30.135 W/HwAlarmManagerService( 1386): isContainsAppUidInWorksource-->happend NameNotFoundException
04-26 12:16:30.135 W/HwAlarmManagerService( 1386): isContainsAppUidInWorksource-->happend NameNotFoundException
04-26 12:16:30.143 I/HwAlarmManagerService( 1386): hwSetAlarm listenerTag: *job.delay*
04-26 12:16:30.145 I/JobScheduler.Time( 1386): mNextDelayExpiredElapsedMillis: 1651563799
04-26 12:16:30.146 W/HwAlarmManagerService( 1386): isContainsAppUidInWorksource-->happend NameNotFoundException
04-26 12:16:30.146 W/HwAlarmManagerService( 1386): isContainsAppUidInWorksource-->happend NameNotFoundException
04-26 12:16:30.154 I/HwAlarmManagerService( 1386): hwSetAlarm listenerTag: *job.deadline*
04-26 12:16:30.155 I/JobScheduler.Time( 1386): mNextJobExpiredElapsedMillis: 1651584842
04-26 12:16:31.893 W/SocketListener(  560): sending broadcast to Pid = 1386, Uid = 1000 
04-26 12:16:31.898 D/NetdConnector( 1386): RCV <- {661 ReportType 0 0 0 0 0 0 0 0 0 0 0 0 0 0 0 0 0 0 0 0 0 0 0 0 0 0 0 0 0 0 0 0 0 0 0 0 0 0 0 0 0 0 0 0 0 0 0 0 0 0 0 0 0 0 0 0 0 0 0 0 0 0 0 0 0 0 0 0 0 0 0 0 0 0 0 0 0 0 0 0 0 0 0 0 0 0 0 0 0 0 0 0 0 0 0 0 0 0 0 0 0 0 0 0 0 0 0 0 0 0 0 0 0 0 0 0 0 0 0 0 0 0 0 0 0 0 0 0 0 0 0 0 0 0 0 0 0 0 0 0 0 0 0 0 0 0 0 0 0 0 0 0 0 0 0 0 0 0 0 0 0 0 0 0 0 0 0 0 0 0 0 0 0 0 0 0 0 0 0 0 0 0 0 0 0 0 0 0 0 0 0 0 0 0 0 0 0 0 0 0 0 0 0 0 0 0 0 0 0 0 0 0 0 0 0 0 0 0 0 0 0 0 0 0 0 0 0 0 0 ReportType 0 12 0 0 0 0 0 1 0 0 0 0 0 0 1 0 0 0 0 0 0 0 0 0 0 0 0 0 0 0 0 0 0 0 0 0 0 0 0 0 0 0 0 0 0 0 0 0 0 0 0 0 0 0 0 0 0 0 0 0 0 0 0 0 0 0 0 0 0 0 0 0 0 0 0 0 0 0 0 0 0 0 0 0 0 0 0 0 0 0 0 0 0 0 0 0 0 0 0 0 0 0 0 0 0 0 0 0 0 0 0 0 0 0 0 0 0 0 0 0 0 0 0 0 0 0 0 0 0 0 0 0 0 0 0 0 0 0 0 0 0 0 0 0 0 0 0 0 0 0 0 0 0 0 0 0 0 0 0 0 0 0 0 0 0 0 0 0 0 0 0 0 0 0 0 0 0 0 0 0 0 0 0 0 0 0 0 0 0 0 0 0 0 0 0 0 0 0 0 0 0 0 0 0 0 0 0 0 0 0 0 0 12 12 12 0 0 0 0 0 0 0 0 0 0 0 0 0 0}
04-26 12:16:31.903 D/NetdConnector( 1386): RCV <- {661 ReportType 0 0 0 0 0 0 0 0 0 0 0 0 0 0 0 0 0 0 0 0 0 0 0 0 0 0 0 0 0 0 0 0 0 0 0 0 0 0 0 0 0 0 0 0 0 0 0 0 0 0 0 0 0 0 0 0 0 0 0 0 0 0 0 0 0 0 0 0 0 0 0 0 0 0 0 0 0 0 0 0 0 0 0 0 0 0 0 0 0 0 0 0 0 0 0 0 0 0 0 0 0 0 0 0 0 0 0 0 0 0 0 0 0 0 0 0 0 0 0 0 0 0 0 0 0 0 0 0 0 0 0 0 0 0 0 0 0 0 0 0 0 0 0 0 0 0 0 0 0 0 0 0 0 0 0 0 0 0 0 0 0 0 0 0 0 0 0 0 0 0 0 0 0 0 0 0 0 0 0 0 0 0 0 0 0 0 0 0 0 0 0 0 0 0 0 0 0 0 0 0 0 0 0 0 0 0 0 0 0 0 0 0 0 0 0 0 0 0 0 0 0 0 0 0 0 0 0 0 0 ReportType 0 12 0 0 0 0 0 1 0 0 0 0 0 0 1 0 0 0 0 0 0 0 0 0 0 0 0 0 0 0 0 0 0 0 0 0 0 0 0 0 0 0 0 0 0 0 0 0 0 0 0 0 0 0 0 0 0 0 0 0 0 0 0 0 0 0 0 0 0 0 0 0 0 0 0 0 0 0 0 0 0 0 0 0 0 0 0 0 0 0 0 0 0 0 0 0 0 0 0 0 0 0 0 0 0 0 0 0 0 0 0 0 0 0 0 0 0 0 0 0 0 0 0 0 0 0 0 0 0 0 0 0 0 0 0 0 0 0 0 0 0 0 0 0 0 0 0 0 0 0 0 0 0 0 0 0 0 0 0 0 0 0 0 0 0 0 0 0 0 0 0 0 0 0 0 0 0 0 0 0 0 0 0 0 0 0 0 0 0 0 0 0 0 0 0 0 0 0 0 0 0 0 0 0 0 0 0 0 0 0 0 0 12 12 12 0 0 0 0 0 0 0 0 0 0 0 0 0 0}
04-26 12:16:31.906 D/NetdConnector( 1386): RCV unsolicited event from native daemon, event = 661
04-26 12:16:31.917 D/HwNetworkManagementService( 1386): onEvent receive Web Stat Report:661 ReportType 0 0 0 0 0 0 0 0 0 0 0 0 0 0 0 0 0 0 0 0 0 0 0 0 0 0 0 0 0 0 0 0 0 0 0 0 0 0 0 0 0 0 0 0 0 0 0 0 0 0 0 0 0 0 0 0 0 0 0 0 0 0 0 0 0 0 0 0 0 0 0 0 0 0 0 0 0 0 0 0 0 0 0 0 0 0 0 0 0 0 0 0 0 0 0 0 0 0 0 0 0 0 0 0 0 0 0 0 0 0 0 0 0 0 0 0 0 0 0 0 0 0 0 0 0 0 0 0 0 0 0 0 0 0 0 0 0 0 0 0 0 0 0 0 0 0 0 0 0 0 0 0 0 0 0 0 0 0 0 0 0 0 0 0 0 0 0 0 0 0 0 0 0 0 0 0 0 0 0 0 0 0 0 0 0 0 0 0 0 0 0 0 0 0 0 0 0 0 0 0 0 0 0 0 0 0 0 0 0 0 0 0 0 0 0 0 0 0 0 0 0 0 0 0 0 0 0 0 0 ReportType 0 12 0 0 0 0 0 1 0 0 0 0 0 0 1 0 0 0 0 0 0 0 0 0 0 0 0 0 0 0 0 0 0 0 0 0 0 0 0 0 0 0 0 0 0 0 0 0 0 0 0 0 0 0 0 0 0 0 0 0 0 0 0 0 0 0 0 0 0 0 0 0 0 0 0 0 0 0 0 0 0 0 0 0 0 0 0 0 0 0 0 0 0 0 0 0 0 0 0 0 0 0 0 0 0 0 0 0 0 0 0 0 0 0 0 0 0 0 0 0 0 0 0 0 0 0 0 0 0 0 0 0 0 0 0 0 0 0 0 0 0 0 0 0 0 0 0 0 0 0 0 0 0 0 0 0 0 0 0 0 0 0 0 0 0 0 0 0 0 0 0 0 0 0 0 0 0 0 0 0 0 0 0 0 0 0 0 0 0 0 0 0 0 0 0 0 0 0 0 0 0 0 0 0 0 0 0 0 0 0 0 0 12 12 12 0 0 0 0 0 0 0 0 0 0 0 0 0 0
04-26 12:16:32.727 I/NetworkStats( 1386): openSessionForUsageStats, pid = 1876, pkg = com.huawei.hiview
04-26 12:16:32.727 I/NetworkStats( 1386): openSessionInternal,pid = 1876
04-26 12:16:32.728 I/NetworkStats( 1386): performPollLocked, pid = 1386
04-26 12:16:32.789 W/NetworkStatsFactory( 1386): mStatsXtProcUid: /proc/net/comm/stats does not exist!
04-26 12:16:32.789 D/HwNetworkStatsService( 1386): hwRecordUidAndProcSnapshotLocked currentTime = 1619410589340
04-26 12:16:32.807 I/NetworkStatsFactory( 1386): javaReadNetworkStatsUidAndProcDetail. cost time = 18
04-26 12:16:32.812 D/HwNetworkStatsService( 1386): hwMaybeUidAndProcPersistLocked currentTime = 1619410589340
04-26 12:16:34.098 I/storaged(  692): storaged_t::event: storage_info refreshed.
04-26 12:16:34.124 D/WifiService( 1386): startScan, pid:23322, uid:10458, appName:com.che.truckhome.speed
04-26 12:16:34.133 D/HwWifiService( 1386): Get wifiScanStrategy from iAware, WifiScanStrategy = [mCycle=0, mTimeStamp=1649947304]
04-26 12:16:35.097 W/Watchdog( 1386): hungtask: writing kick
04-26 12:16:35.739 I/NetworkStats( 1386): openSessionForUsageStats, pid = 1876, pkg = com.huawei.hiview
04-26 12:16:35.739 I/NetworkStats( 1386): openSessionInternal,pid = 1876
04-26 12:16:35.740 I/NetworkStats( 1386): performPollLocked, pid = 1386
04-26 12:16:35.764 W/NetworkStatsFactory( 1386): mStatsXtProcUid: /proc/net/comm/stats does not exist!
04-26 12:16:35.765 D/HwNetworkStatsService( 1386): hwRecordUidAndProcSnapshotLocked currentTime = 1619410592353
04-26 12:16:35.780 I/NetworkStatsFactory( 1386): javaReadNetworkStatsUidAndProcDetail. cost time = 15
04-26 12:16:35.785 D/HwNetworkStatsService( 1386): hwMaybeUidAndProcPersistLocked currentTime = 1619410592353
04-26 12:16:42.145 D/WifiService( 1386): startScan, pid:23322, uid:10458, appName:com.che.truckhome.speed
04-26 12:16:42.153 D/HwWifiService( 1386): Get wifiScanStrategy from iAware, WifiScanStrategy = [mCycle=0, mTimeStamp=1649947304]
04-26 12:16:45.863 D/HwBatteryService( 1386): onUEvent fcpStatus = 0,scpStatus =0,ovpStatus=0
04-26 12:16:45.865 I/HwBatteryService( 1386): quick charge status : 0
04-26 12:16:45.866 I/HwBatteryService( 1386): handleWirelessTxStatus
04-26 12:16:45.866 I/HwBatteryService( 1386): switch not open, return, mWirelessTxFlag : 0
04-26 12:16:45.867 I/UsbDeviceManager( 1386): water_intrused state= 0
04-26 12:16:50.165 D/WifiService( 1386): startScan, pid:23322, uid:10458, appName:com.che.truckhome.speed
04-26 12:16:50.173 D/HwWifiService( 1386): Get wifiScanStrategy from iAware, WifiScanStrategy = [mCycle=0, mTimeStamp=1649947304]
04-26 12:16:58.186 D/WifiService( 1386): startScan, pid:23322, uid:10458, appName:com.che.truckhome.speed
04-26 12:16:58.194 D/HwWifiService( 1386): Get wifiScanStrategy from iAware, WifiScanStrategy = [mCycle=0, mTimeStamp=1649947304]
04-26 12:17:00.003 V/AlarmManager( 1386): Received TIME_TICK alarm; rescheduling
04-26 12:17:00.005 I/HwAlarmManagerService( 1386): hwSetAlarm listenerTag: time_tick
04-26 12:17:00.129 V/BroadcastQueue( 1386): Finished with ordered broadcast BroadcastRecord{a251809 u-1 android.intent.action.TIME_TICK}
04-26 12:17:04.338 V/BroadcastQueue( 1386): Finished with ordered broadcast BroadcastRecord{d49c23c u0 null}
04-26 12:17:05.100 W/Watchdog( 1386): hungtask: writing kick
04-26 12:17:06.207 D/WifiService( 1386): startScan, pid:23322, uid:10458, appName:com.che.truckhome.speed
04-26 12:17:06.214 D/HwWifiService( 1386): Get wifiScanStrategy from iAware, WifiScanStrategy = [mCycle=0, mTimeStamp=1649947304]
04-26 12:17:13.160 D/WifiService( 1386): startScan, pid:23639, uid:10458, appName:com.che.truckhome.speed
04-26 12:17:13.168 D/HwWifiService( 1386): Get wifiScanStrategy from iAware, WifiScanStrategy = [mCycle=0, mTimeStamp=1649947304]
04-26 12:17:14.224 D/WifiService( 1386): startScan, pid:23322, uid:10458, appName:com.che.truckhome.speed
04-26 12:17:14.232 D/HwWifiService( 1386): Get wifiScanStrategy from iAware, WifiScanStrategy = [mCycle=0, mTimeStamp=1649947304]
04-26 12:17:16.588 D/HwBatteryService( 1386): onUEvent fcpStatus = 0,scpStatus =0,ovpStatus=0
04-26 12:17:16.589 I/HwBatteryService( 1386): quick charge status : 0
04-26 12:17:16.590 I/HwBatteryService( 1386): handleWirelessTxStatus
04-26 12:17:16.590 I/HwBatteryService( 1386): switch not open, return, mWirelessTxFlag : 0
04-26 12:17:16.591 I/UsbDeviceManager( 1386): water_intrused state= 0
04-26 12:17:18.063 I/NetworkStats( 1386): openSessionForUsageStats, pid = 1876, pkg = com.huawei.hiview
04-26 12:17:18.063 I/NetworkStats( 1386): openSessionInternal,pid = 1876
04-26 12:17:18.065 I/NetworkStats( 1386): performPollLocked, pid = 1386
04-26 12:17:18.136 W/NetworkStatsFactory( 1386): mStatsXtProcUid: /proc/net/comm/stats does not exist!
04-26 12:17:18.136 D/HwNetworkStatsService( 1386): hwRecordUidAndProcSnapshotLocked currentTime = 1619410634677
04-26 12:17:18.174 I/NetworkStatsFactory( 1386): javaReadNetworkStatsUidAndProcDetail. cost time = 37
04-26 12:17:18.180 D/HwNetworkStatsService( 1386): hwMaybeUidAndProcPersistLocked currentTime = 1619410634677
04-26 12:17:22.244 D/WifiService( 1386): startScan, pid:23322, uid:10458, appName:com.che.truckhome.speed
04-26 12:17:22.250 D/HwWifiService( 1386): Get wifiScanStrategy from iAware, WifiScanStrategy = [mCycle=0, mTimeStamp=1649947304]
04-26 12:17:30.263 D/WifiService( 1386): startScan, pid:23322, uid:10458, appName:com.che.truckhome.speed
04-26 12:17:30.271 D/HwWifiService( 1386): Get wifiScanStrategy from iAware, WifiScanStrategy = [mCycle=0, mTimeStamp=1649947304]
04-26 12:17:32.053 W/SocketListener(  560): sending broadcast to Pid = 1386, Uid = 1000 
04-26 12:17:32.057 D/NetdConnector( 1386): RCV <- {661 ReportType 0 0 0 0 0 0 0 0 0 0 0 0 0 0 0 0 0 0 0 0 0 0 0 0 0 0 0 0 0 0 0 0 0 0 0 0 0 0 0 0 0 0 0 0 0 0 0 0 0 0 0 0 0 0 0 0 0 0 0 0 0 0 0 0 0 0 0 0 0 0 0 0 0 0 0 0 0 0 0 0 0 0 0 0 0 0 0 0 0 0 0 0 0 0 0 0 0 0 0 0 0 0 0 0 0 0 0 0 0 0 0 0 0 0 0 0 0 0 0 0 0 0 0 0 0 0 0 0 0 0 0 0 0 0 0 0 0 0 0 0 0 0 0 0 0 0 0 0 0 0 0 0 0 0 0 0 0 0 0 0 0 0 0 0 0 0 0 0 0 0 0 0 0 0 0 0 0 0 0 0 0 0 0 0 0 0 0 0 0 0 0 0 0 0 0 0 0 0 0 0 0 0 0 0 0 0 0 0 0 0 0 0 0 0 0 0 0 0 0 0 0 0 0 0 0 0 0 0 0 ReportType 0 19 0 0 0 0 0 1 0 0 0 0 0 0 1 0 0 0 0 0 0 0 0 0 0 0 0 0 0 0 0 0 0 0 0 0 0 0 0 0 0 0 0 0 0 0 0 0 0 0 0 0 0 0 0 0 0 0 0 0 0 0 0 0 0 0 0 0 0 0 0 0 0 0 0 0 0 0 0 0 0 0 0 0 0 0 0 0 0 0 0 0 0 0 0 0 0 0 0 0 0 0 0 0 0 0 0 0 0 0 0 0 0 0 0 0 0 0 0 0 0 0 0 0 0 0 0 0 0 0 0 0 0 0 0 0 0 0 0 0 0 0 0 0 0 0 0 0 0 0 0 0 0 0 0 0 0 0 0 0 0 0 0 0 0 0 0 0 0 0 0 0 0 0 0 0 0 0 0 0 0 0 0 0 0 0 0 0 0 0 0 0 0 0 0 0 0 0 0 0 0 0 0 0 0 0 0 0 0 0 0 0 19 19 19 0 0 0 0 0 0 0 0 0 0 0 0 0 0}
04-26 12:17:32.062 D/NetdConnector( 1386): RCV <- {661 ReportType 0 0 0 0 0 0 0 0 0 0 0 0 0 0 0 0 0 0 0 0 0 0 0 0 0 0 0 0 0 0 0 0 0 0 0 0 0 0 0 0 0 0 0 0 0 0 0 0 0 0 0 0 0 0 0 0 0 0 0 0 0 0 0 0 0 0 0 0 0 0 0 0 0 0 0 0 0 0 0 0 0 0 0 0 0 0 0 0 0 0 0 0 0 0 0 0 0 0 0 0 0 0 0 0 0 0 0 0 0 0 0 0 0 0 0 0 0 0 0 0 0 0 0 0 0 0 0 0 0 0 0 0 0 0 0 0 0 0 0 0 0 0 0 0 0 0 0 0 0 0 0 0 0 0 0 0 0 0 0 0 0 0 0 0 0 0 0 0 0 0 0 0 0 0 0 0 0 0 0 0 0 0 0 0 0 0 0 0 0 0 0 0 0 0 0 0 0 0 0 0 0 0 0 0 0 0 0 0 0 0 0 0 0 0 0 0 0 0 0 0 0 0 0 0 0 0 0 0 0 ReportType 0 19 0 0 0 0 0 1 0 0 0 0 0 0 1 0 0 0 0 0 0 0 0 0 0 0 0 0 0 0 0 0 0 0 0 0 0 0 0 0 0 0 0 0 0 0 0 0 0 0 0 0 0 0 0 0 0 0 0 0 0 0 0 0 0 0 0 0 0 0 0 0 0 0 0 0 0 0 0 0 0 0 0 0 0 0 0 0 0 0 0 0 0 0 0 0 0 0 0 0 0 0 0 0 0 0 0 0 0 0 0 0 0 0 0 0 0 0 0 0 0 0 0 0 0 0 0 0 0 0 0 0 0 0 0 0 0 0 0 0 0 0 0 0 0 0 0 0 0 0 0 0 0 0 0 0 0 0 0 0 0 0 0 0 0 0 0 0 0 0 0 0 0 0 0 0 0 0 0 0 0 0 0 0 0 0 0 0 0 0 0 0 0 0 0 0 0 0 0 0 0 0 0 0 0 0 0 0 0 0 0 0 19 19 19 0 0 0 0 0 0 0 0 0 0 0 0 0 0}
04-26 12:17:32.065 D/NetdConnector( 1386): RCV unsolicited event from native daemon, event = 661
04-26 12:17:32.077 D/HwNetworkManagementService( 1386): onEvent receive Web Stat Report:661 ReportType 0 0 0 0 0 0 0 0 0 0 0 0 0 0 0 0 0 0 0 0 0 0 0 0 0 0 0 0 0 0 0 0 0 0 0 0 0 0 0 0 0 0 0 0 0 0 0 0 0 0 0 0 0 0 0 0 0 0 0 0 0 0 0 0 0 0 0 0 0 0 0 0 0 0 0 0 0 0 0 0 0 0 0 0 0 0 0 0 0 0 0 0 0 0 0 0 0 0 0 0 0 0 0 0 0 0 0 0 0 0 0 0 0 0 0 0 0 0 0 0 0 0 0 0 0 0 0 0 0 0 0 0 0 0 0 0 0 0 0 0 0 0 0 0 0 0 0 0 0 0 0 0 0 0 0 0 0 0 0 0 0 0 0 0 0 0 0 0 0 0 0 0 0 0 0 0 0 0 0 0 0 0 0 0 0 0 0 0 0 0 0 0 0 0 0 0 0 0 0 0 0 0 0 0 0 0 0 0 0 0 0 0 0 0 0 0 0 0 0 0 0 0 0 0 0 0 0 0 0 ReportType 0 19 0 0 0 0 0 1 0 0 0 0 0 0 1 0 0 0 0 0 0 0 0 0 0 0 0 0 0 0 0 0 0 0 0 0 0 0 0 0 0 0 0 0 0 0 0 0 0 0 0 0 0 0 0 0 0 0 0 0 0 0 0 0 0 0 0 0 0 0 0 0 0 0 0 0 0 0 0 0 0 0 0 0 0 0 0 0 0 0 0 0 0 0 0 0 0 0 0 0 0 0 0 0 0 0 0 0 0 0 0 0 0 0 0 0 0 0 0 0 0 0 0 0 0 0 0 0 0 0 0 0 0 0 0 0 0 0 0 0 0 0 0 0 0 0 0 0 0 0 0 0 0 0 0 0 0 0 0 0 0 0 0 0 0 0 0 0 0 0 0 0 0 0 0 0 0 0 0 0 0 0 0 0 0 0 0 0 0 0 0 0 0 0 0 0 0 0 0 0 0 0 0 0 0 0 0 0 0 0 0 0 19 19 19 0 0 0 0 0 0 0 0 0 0 0 0 0 0
04-26 12:17:34.098 I/storaged(  692): storaged_t::event: storage_info refreshed.
04-26 12:17:35.103 W/Watchdog( 1386): hungtask: writing kick
04-26 12:17:38.278 D/WifiService( 1386): startScan, pid:23322, uid:10458, appName:com.che.truckhome.speed
04-26 12:17:38.286 D/HwWifiService( 1386): Get wifiScanStrategy from iAware, WifiScanStrategy = [mCycle=0, mTimeStamp=1649947304]
04-26 12:17:46.299 D/WifiService( 1386): startScan, pid:23322, uid:10458, appName:com.che.truckhome.speed
04-26 12:17:46.308 D/HwWifiService( 1386): Get wifiScanStrategy from iAware, WifiScanStrategy = [mCycle=0, mTimeStamp=1649947304]
04-26 12:17:47.295 D/HwBatteryService( 1386): onUEvent fcpStatus = 0,scpStatus =0,ovpStatus=0
04-26 12:17:47.296 I/HwBatteryService( 1386): quick charge status : 0
04-26 12:17:47.297 I/HwBatteryService( 1386): handleWirelessTxStatus
04-26 12:17:47.297 I/HwBatteryService( 1386): switch not open, return, mWirelessTxFlag : 0
04-26 12:17:47.298 I/UsbDeviceManager( 1386): water_intrused state= 0
04-26 12:17:54.320 D/WifiService( 1386): startScan, pid:23322, uid:10458, appName:com.che.truckhome.speed
04-26 12:17:54.327 D/HwWifiService( 1386): Get wifiScanStrategy from iAware, WifiScanStrategy = [mCycle=0, mTimeStamp=1649947304]
04-26 12:18:00.006 V/AlarmManager( 1386): Received TIME_TICK alarm; rescheduling
04-26 12:18:00.008 I/HwAlarmManagerService( 1386): hwSetAlarm listenerTag: time_tick
04-26 12:18:00.124 V/BroadcastQueue( 1386): Finished with ordered broadcast BroadcastRecord{7ecd91a u-1 android.intent.action.TIME_TICK}
04-26 12:18:02.339 D/WifiService( 1386): startScan, pid:23322, uid:10458, appName:com.che.truckhome.speed
04-26 12:18:02.349 D/HwWifiService( 1386): Get wifiScanStrategy from iAware, WifiScanStrategy = [mCycle=0, mTimeStamp=1649947304]
04-26 12:18:04.358 V/BroadcastQueue( 1386): Finished with ordered broadcast BroadcastRecord{29abf41 u0 null}
04-26 12:18:05.106 W/Watchdog( 1386): hungtask: writing kick
04-26 12:18:10.362 D/WifiService( 1386): startScan, pid:23322, uid:10458, appName:com.che.truckhome.speed
04-26 12:18:10.370 D/HwWifiService( 1386): Get wifiScanStrategy from iAware, WifiScanStrategy = [mCycle=0, mTimeStamp=1649947304]
04-26 12:18:13.162 D/WifiService( 1386): startScan, pid:23639, uid:10458, appName:com.che.truckhome.speed
04-26 12:18:13.170 D/HwWifiService( 1386): Get wifiScanStrategy from iAware, WifiScanStrategy = [mCycle=0, mTimeStamp=1649947304]
04-26 12:18:18.031 D/HwBatteryService( 1386): onUEvent fcpStatus = 0,scpStatus =0,ovpStatus=0
04-26 12:18:18.032 I/HwBatteryService( 1386): quick charge status : 0
04-26 12:18:18.032 I/HwBatteryService( 1386): handleWirelessTxStatus
04-26 12:18:18.033 I/HwBatteryService( 1386): switch not open, return, mWirelessTxFlag : 0
04-26 12:18:18.034 I/UsbDeviceManager( 1386): water_intrused state= 0
04-26 12:18:18.383 D/WifiService( 1386): startScan, pid:23322, uid:10458, appName:com.che.truckhome.speed
04-26 12:18:18.391 D/HwWifiService( 1386): Get wifiScanStrategy from iAware, WifiScanStrategy = [mCycle=0, mTimeStamp=1649947304]
04-26 12:18:26.404 D/WifiService( 1386): startScan, pid:23322, uid:10458, appName:com.che.truckhome.speed
04-26 12:18:26.411 D/HwWifiService( 1386): Get wifiScanStrategy from iAware, WifiScanStrategy = [mCycle=0, mTimeStamp=1649947304]
04-26 12:18:31.957 W/SocketListener(  560): sending broadcast to Pid = 1386, Uid = 1000 
04-26 12:18:31.962 D/NetdConnector( 1386): RCV <- {661 ReportType 0 0 0 0 0 0 0 0 0 0 0 0 0 0 0 0 0 0 0 0 0 0 0 0 0 0 0 0 0 0 0 0 0 0 0 0 0 0 0 0 0 0 0 0 0 0 0 0 0 0 0 0 0 0 0 0 0 0 0 0 0 0 0 0 0 0 0 0 0 0 0 0 0 0 0 0 0 0 0 0 0 0 0 0 0 0 0 0 0 0 0 0 0 0 0 0 0 0 0 0 0 0 0 0 0 0 0 0 0 0 0 0 0 0 0 0 0 0 0 0 0 0 0 0 0 0 0 0 0 0 0 0 0 0 0 0 0 0 0 0 0 0 0 0 0 0 0 0 0 0 0 0 0 0 0 0 0 0 0 0 0 0 0 0 0 0 0 0 0 0 0 0 0 0 0 0 0 0 0 0 0 0 0 0 0 0 0 0 0 0 0 0 0 0 0 0 0 0 0 0 0 0 0 0 0 0 0 0 0 0 0 0 0 0 0 0 0 0 0 0 0 0 0 0 0 0 0 0 0 ReportType 0 16 0 0 0 0 0 1 0 0 0 0 0 0 1 0 0 0 0 0 0 0 0 0 0 0 0 0 0 0 0 0 0 0 0 0 0 0 0 0 0 0 0 0 0 0 0 0 0 0 0 0 0 0 0 0 0 0 0 0 0 0 0 0 0 0 0 0 0 0 0 0 0 0 0 0 0 0 0 0 0 0 0 0 0 0 0 0 0 0 0 0 0 0 0 0 0 0 0 0 0 0 0 0 0 0 0 0 0 0 0 0 0 0 0 0 0 0 0 0 0 0 0 0 0 0 0 0 0 0 0 0 0 0 0 0 0 0 0 0 0 0 0 0 0 0 0 0 0 0 0 0 0 0 0 0 0 0 0 0 0 0 0 0 0 0 0 0 0 0 0 0 0 0 0 0 0 0 0 0 0 0 0 0 0 0 0 0 0 0 0 0 0 0 0 0 0 0 0 0 0 0 0 0 0 0 0 0 0 0 0 0 16 16 16 0 0 0 0 0 0 0 0 0 0 0 0 0 0}
04-26 12:18:31.966 D/NetdConnector( 1386): RCV <- {661 ReportType 0 0 0 0 0 0 0 0 0 0 0 0 0 0 0 0 0 0 0 0 0 0 0 0 0 0 0 0 0 0 0 0 0 0 0 0 0 0 0 0 0 0 0 0 0 0 0 0 0 0 0 0 0 0 0 0 0 0 0 0 0 0 0 0 0 0 0 0 0 0 0 0 0 0 0 0 0 0 0 0 0 0 0 0 0 0 0 0 0 0 0 0 0 0 0 0 0 0 0 0 0 0 0 0 0 0 0 0 0 0 0 0 0 0 0 0 0 0 0 0 0 0 0 0 0 0 0 0 0 0 0 0 0 0 0 0 0 0 0 0 0 0 0 0 0 0 0 0 0 0 0 0 0 0 0 0 0 0 0 0 0 0 0 0 0 0 0 0 0 0 0 0 0 0 0 0 0 0 0 0 0 0 0 0 0 0 0 0 0 0 0 0 0 0 0 0 0 0 0 0 0 0 0 0 0 0 0 0 0 0 0 0 0 0 0 0 0 0 0 0 0 0 0 0 0 0 0 0 0 ReportType 0 16 0 0 0 0 0 1 0 0 0 0 0 0 1 0 0 0 0 0 0 0 0 0 0 0 0 0 0 0 0 0 0 0 0 0 0 0 0 0 0 0 0 0 0 0 0 0 0 0 0 0 0 0 0 0 0 0 0 0 0 0 0 0 0 0 0 0 0 0 0 0 0 0 0 0 0 0 0 0 0 0 0 0 0 0 0 0 0 0 0 0 0 0 0 0 0 0 0 0 0 0 0 0 0 0 0 0 0 0 0 0 0 0 0 0 0 0 0 0 0 0 0 0 0 0 0 0 0 0 0 0 0 0 0 0 0 0 0 0 0 0 0 0 0 0 0 0 0 0 0 0 0 0 0 0 0 0 0 0 0 0 0 0 0 0 0 0 0 0 0 0 0 0 0 0 0 0 0 0 0 0 0 0 0 0 0 0 0 0 0 0 0 0 0 0 0 0 0 0 0 0 0 0 0 0 0 0 0 0 0 0 16 16 16 0 0 0 0 0 0 0 0 0 0 0 0 0 0}
04-26 12:18:31.969 D/NetdConnector( 1386): RCV unsolicited event from native daemon, event = 661
04-26 12:18:31.980 D/HwNetworkManagementService( 1386): onEvent receive Web Stat Report:661 ReportType 0 0 0 0 0 0 0 0 0 0 0 0 0 0 0 0 0 0 0 0 0 0 0 0 0 0 0 0 0 0 0 0 0 0 0 0 0 0 0 0 0 0 0 0 0 0 0 0 0 0 0 0 0 0 0 0 0 0 0 0 0 0 0 0 0 0 0 0 0 0 0 0 0 0 0 0 0 0 0 0 0 0 0 0 0 0 0 0 0 0 0 0 0 0 0 0 0 0 0 0 0 0 0 0 0 0 0 0 0 0 0 0 0 0 0 0 0 0 0 0 0 0 0 0 0 0 0 0 0 0 0 0 0 0 0 0 0 0 0 0 0 0 0 0 0 0 0 0 0 0 0 0 0 0 0 0 0 0 0 0 0 0 0 0 0 0 0 0 0 0 0 0 0 0 0 0 0 0 0 0 0 0 0 0 0 0 0 0 0 0 0 0 0 0 0 0 0 0 0 0 0 0 0 0 0 0 0 0 0 0 0 0 0 0 0 0 0 0 0 0 0 0 0 0 0 0 0 0 0 ReportType 0 16 0 0 0 0 0 1 0 0 0 0 0 0 1 0 0 0 0 0 0 0 0 0 0 0 0 0 0 0 0 0 0 0 0 0 0 0 0 0 0 0 0 0 0 0 0 0 0 0 0 0 0 0 0 0 0 0 0 0 0 0 0 0 0 0 0 0 0 0 0 0 0 0 0 0 0 0 0 0 0 0 0 0 0 0 0 0 0 0 0 0 0 0 0 0 0 0 0 0 0 0 0 0 0 0 0 0 0 0 0 0 0 0 0 0 0 0 0 0 0 0 0 0 0 0 0 0 0 0 0 0 0 0 0 0 0 0 0 0 0 0 0 0 0 0 0 0 0 0 0 0 0 0 0 0 0 0 0 0 0 0 0 0 0 0 0 0 0 0 0 0 0 0 0 0 0 0 0 0 0 0 0 0 0 0 0 0 0 0 0 0 0 0 0 0 0 0 0 0 0 0 0 0 0 0 0 0 0 0 0 0 16 16 16 0 0 0 0 0 0 0 0 0 0 0 0 0 0
04-26 12:18:34.100 I/storaged(  692): storaged_t::event: storage_info refreshed.
04-26 12:18:34.424 D/WifiService( 1386): startScan, pid:23322, uid:10458, appName:com.che.truckhome.speed
04-26 12:18:34.432 D/HwWifiService( 1386): Get wifiScanStrategy from iAware, WifiScanStrategy = [mCycle=0, mTimeStamp=1649947304]
04-26 12:18:35.109 W/Watchdog( 1386): hungtask: writing kick
04-26 12:18:42.445 D/WifiService( 1386): startScan, pid:23322, uid:10458, appName:com.che.truckhome.speed
04-26 12:18:42.453 D/HwWifiService( 1386): Get wifiScanStrategy from iAware, WifiScanStrategy = [mCycle=0, mTimeStamp=1649947304]
04-26 12:18:48.752 D/HwBatteryService( 1386): onUEvent fcpStatus = 0,scpStatus =0,ovpStatus=0
04-26 12:18:48.753 I/HwBatteryService( 1386): quick charge status : 0
04-26 12:18:48.754 I/HwBatteryService( 1386): handleWirelessTxStatus
04-26 12:18:48.754 I/HwBatteryService( 1386): switch not open, return, mWirelessTxFlag : 0
04-26 12:18:48.755 I/UsbDeviceManager( 1386): water_intrused state= 0
04-26 12:18:50.463 D/WifiService( 1386): startScan, pid:23322, uid:10458, appName:com.che.truckhome.speed
04-26 12:18:50.471 D/HwWifiService( 1386): Get wifiScanStrategy from iAware, WifiScanStrategy = [mCycle=0, mTimeStamp=1649947304]
04-26 12:18:58.484 D/WifiService( 1386): startScan, pid:23322, uid:10458, appName:com.che.truckhome.speed
04-26 12:18:58.491 D/HwWifiService( 1386): Get wifiScanStrategy from iAware, WifiScanStrategy = [mCycle=0, mTimeStamp=1649947304]
04-26 12:19:00.005 V/AlarmManager( 1386): Received TIME_TICK alarm; rescheduling
04-26 12:19:00.009 I/HwAlarmManagerService( 1386): hwSetAlarm listenerTag: time_tick
04-26 12:19:00.130 V/BroadcastQueue( 1386): Finished with ordered broadcast BroadcastRecord{583a227 u-1 android.intent.action.TIME_TICK}
04-26 12:19:04.371 V/BroadcastQueue( 1386): Finished with ordered broadcast BroadcastRecord{5357172 u0 null}
04-26 12:19:05.114 W/Watchdog( 1386): hungtask: writing kick
04-26 12:19:05.563 I/NetworkStats( 1386): openSessionForUsageStats, pid = 21330, pkg = com.tencent.mm
04-26 12:19:05.563 I/NetworkStats( 1386): openSessionInternal,pid = 21330
04-26 12:19:05.564 I/NetworkStats( 1386): performPollLocked, pid = 1386
04-26 12:19:05.637 W/NetworkStatsFactory( 1386): mStatsXtProcUid: /proc/net/comm/stats does not exist!
04-26 12:19:05.637 D/HwNetworkStatsService( 1386): hwRecordUidAndProcSnapshotLocked currentTime = 1619410742176
04-26 12:19:05.664 I/NetworkStatsFactory( 1386): javaReadNetworkStatsUidAndProcDetail. cost time = 25
04-26 12:19:05.669 D/HwNetworkStatsService( 1386): hwMaybeUidAndProcPersistLocked currentTime = 1619410742176
04-26 12:19:05.684 I/NetworkStats( 1386): openSessionForUsageStats, pid = 21330, pkg = com.tencent.mm
04-26 12:19:06.498 D/WifiService( 1386): startScan, pid:23322, uid:10458, appName:com.che.truckhome.speed
04-26 12:19:06.507 D/HwWifiService( 1386): Get wifiScanStrategy from iAware, WifiScanStrategy = [mCycle=0, mTimeStamp=1649947304]
04-26 12:19:13.165 D/WifiService( 1386): startScan, pid:23639, uid:10458, appName:com.che.truckhome.speed
04-26 12:19:13.172 D/HwWifiService( 1386): Get wifiScanStrategy from iAware, WifiScanStrategy = [mCycle=0, mTimeStamp=1649947304]
04-26 12:19:14.518 D/WifiService( 1386): startScan, pid:23322, uid:10458, appName:com.che.truckhome.speed
04-26 12:19:14.525 D/HwWifiService( 1386): Get wifiScanStrategy from iAware, WifiScanStrategy = [mCycle=0, mTimeStamp=1649947304]
04-26 12:19:17.995 V/BroadcastQueue( 1386): Finished with ordered broadcast BroadcastRecord{b2a3240 u0 com.huawei.push.alarm.HEARTBEAT}
04-26 12:19:18.039 I/AlarmManager( 1386): remove alarm:Alarm{6e532be type 0 when 1619410768008 PendingIntent{9c71579: PendingIntentRecord{c64c7af android broadcastIntent}}android} according to operation:200af1f
04-26 12:19:18.057 I/AlarmManager( 1386): remove alarm:Alarm{f1a9035 type 1 when 1619411657982 PendingIntent{4be7c6b: PendingIntentRecord{49b1417 android broadcastIntent}}android} according to operation:43dbcca
04-26 12:19:19.472 D/HwBatteryService( 1386): onUEvent fcpStatus = 0,scpStatus =0,ovpStatus=0
04-26 12:19:19.473 I/HwBatteryService( 1386): quick charge status : 0
04-26 12:19:19.473 I/HwBatteryService( 1386): handleWirelessTxStatus
04-26 12:19:19.473 I/HwBatteryService( 1386): switch not open, return, mWirelessTxFlag : 0
04-26 12:19:19.473 I/UsbDeviceManager( 1386): water_intrused state= 0
04-26 12:19:19.490 I/BatteryService( 1386): normal charge status : 1
04-26 12:19:22.536 D/WifiService( 1386): startScan, pid:23322, uid:10458, appName:com.che.truckhome.speed
04-26 12:19:22.544 D/HwWifiService( 1386): Get wifiScanStrategy from iAware, WifiScanStrategy = [mCycle=0, mTimeStamp=1649947304]
04-26 12:19:26.091 W/ActivityManager( 1386): Unable to start service Intent { act=com.che.truckhome.speed.intent.action.COCKROACH flg=0x4 hwFlg=0x900 (has extras) } U=0: not found
04-26 12:19:26.107 D/JobScheduler.Time( 1386): Delay-expired alarm fired
04-26 12:19:26.107 I/JobScheduler.Time( 1386): onControllerStateChanged
04-26 12:19:26.110 W/HwAlarmManagerService( 1386): isContainsAppUidInWorksource-->happend NameNotFoundException
04-26 12:19:26.111 W/HwAlarmManagerService( 1386): isContainsAppUidInWorksource-->happend NameNotFoundException
04-26 12:19:26.113 I/HwAlarmManagerService( 1386): hwSetAlarm listenerTag: *job.delay*
04-26 12:19:26.114 I/JobScheduler.Time( 1386): mNextDelayExpiredElapsedMillis: 1651678890
04-26 12:19:26.115 V/BroadcastQueue( 1386): Finished with ordered broadcast BroadcastRecord{e91b22 u0 com.tencent.mm.TrafficStatsReceiver}
04-26 12:19:26.115 D/JobScheduler.Time( 1386): Deadline-expired alarm fired
04-26 12:19:26.116 W/HwAlarmManagerService( 1386): isContainsAppUidInWorksource-->happend NameNotFoundException
04-26 12:19:26.116 W/HwAlarmManagerService( 1386): isContainsAppUidInWorksource-->happend NameNotFoundException
04-26 12:19:26.127 I/HwAlarmManagerService( 1386): hwSetAlarm listenerTag: *job.deadline*
04-26 12:19:26.128 I/JobScheduler.Time( 1386): mNextJobExpiredElapsedMillis: 1651678890
04-26 12:19:26.130 I/NetworkStats( 1386): openSessionForUsageStats, pid = 22508, pkg = com.tencent.mm
04-26 12:19:26.130 I/NetworkStats( 1386): openSessionInternal,pid = 22508
04-26 12:19:26.130 D/JobScheduler( 1386): Maybe queuing ready jobs...
04-26 12:19:26.131 I/NetworkStats( 1386): performPollLocked, pid = 1386
04-26 12:19:26.147 D/JobScheduler( 1386): queuing all ready jobs for execution:
04-26 12:19:26.151 I/SyncManager( 1386): SyncJobService->onStartJob:put job to map, jobid:100419
04-26 12:19:26.151 I/SyncManager( 1386): SyncJobService->onStartJob:put job to map, jobid:105039
04-26 12:19:26.158 W/NetworkStatsFactory( 1386): mStatsXtProcUid: /proc/net/comm/stats does not exist!
04-26 12:19:26.159 D/HwNetworkStatsService( 1386): hwRecordUidAndProcSnapshotLocked currentTime = 1619410762743
04-26 12:19:26.179 D/JobScheduler( 1386): queuing all ready jobs for execution:
04-26 12:19:26.181 I/SyncManager( 1386): dispatchSyncOperation:we are going to sync JobId: 100419, XXXXXXXXX u0 (com.UCMobile u0 [com.UCMobile.syssync] PERIODIC Reason=Periodic (period=1h00m00s flex=2m24s)
04-26 12:19:26.182 I/NetworkStatsFactory( 1386): javaReadNetworkStatsUidAndProcDetail. cost time = 23
04-26 12:19:26.187 D/HwNetworkStatsService( 1386): hwMaybeUidAndProcPersistLocked currentTime = 1619410762743
04-26 12:19:26.192 E/SyncManager( 1386): Bind attempt failed - target: ComponentInfo{com.UCMobile/com.uc.base.syssync.SyncService}
04-26 12:19:26.194 I/SyncManager( 1386): SyncJobService->callJobFinished: remove job to map, jobid:100419
04-26 12:19:26.201 I/NetworkStats( 1386): openSessionForUsageStats, pid = 22508, pkg = com.tencent.mm
04-26 12:19:26.201 I/JobScheduler.Time( 1386): onControllerStateChanged
04-26 12:19:26.205 D/JobScheduler( 1386): queuing all ready jobs for execution:
04-26 12:19:26.205 D/JobScheduler( 1386): queuing all ready jobs for execution:
04-26 12:19:26.207 I/SyncManager( 1386): dispatchSyncOperation:we are going to sync JobId: 105039, XXXXXXXXX u0 (com.tencent.mtt.account.sync u0 [com.tencent.mtt.account.sync] PERIODIC Reason=Periodic (period=20m00s flex=48s)
04-26 12:19:26.215 E/SyncManager( 1386): Bind attempt failed - target: ComponentInfo{com.tencent.mtt/com.tencent.mtt.browser.push.external.account.SyncService}
04-26 12:19:26.217 I/SyncManager( 1386): SyncJobService->callJobFinished: remove job to map, jobid:105039
04-26 12:19:26.223 D/JobScheduler( 1386): queuing all ready jobs for execution:
04-26 12:19:30.556 D/WifiService( 1386): startScan, pid:23322, uid:10458, appName:com.che.truckhome.speed
04-26 12:19:30.565 D/HwWifiService( 1386): Get wifiScanStrategy from iAware, WifiScanStrategy = [mCycle=0, mTimeStamp=1649947304]
04-26 12:19:31.861 W/SocketListener(  560): sending broadcast to Pid = 1386, Uid = 1000 
04-26 12:19:31.866 D/NetdConnector( 1386): RCV <- {661 ReportType 0 0 0 0 0 0 0 0 0 0 0 0 0 0 0 0 0 0 0 0 0 0 0 0 0 0 0 0 0 0 0 0 0 0 0 0 0 0 0 0 0 0 0 0 0 0 0 0 0 0 0 0 0 0 0 0 0 0 0 0 0 0 0 0 0 0 0 0 0 0 0 0 0 0 0 0 0 0 0 0 0 0 0 0 0 0 0 0 0 0 0 0 0 0 0 0 0 0 0 0 0 0 0 0 0 0 0 0 0 0 0 0 0 0 0 0 0 0 0 0 0 0 0 0 0 0 0 0 0 0 0 0 0 0 0 0 0 0 0 0 0 0 0 0 0 0 0 0 0 0 0 0 0 0 0 0 0 0 0 0 0 0 0 0 0 0 0 0 0 0 0 0 0 0 0 0 0 0 0 0 0 0 0 0 0 0 0 0 0 0 0 0 0 0 0 0 0 0 0 0 0 0 0 0 0 0 0 0 0 0 0 0 0 0 0 0 0 0 0 0 0 0 0 0 0 0 0 0 0 ReportType 0 6 0 0 0 0 0 1 0 0 0 0 0 0 1 0 0 0 0 0 0 0 0 0 0 0 0 0 0 0 0 0 0 0 0 0 0 0 0 0 0 0 0 0 0 0 0 0 0 0 0 0 0 0 0 0 0 0 0 0 0 0 0 0 0 0 0 0 0 0 0 0 0 0 0 0 0 0 0 0 0 0 0 0 0 0 0 0 0 0 0 0 0 0 0 0 0 0 0 0 0 0 0 0 0 0 0 0 0 0 0 0 0 0 0 0 0 0 0 0 0 0 0 0 0 0 0 0 0 0 0 0 0 0 0 0 0 0 0 0 0 0 0 0 0 0 0 0 0 0 0 0 0 0 0 0 0 0 0 0 0 0 0 0 0 0 0 0 0 0 0 0 0 0 0 0 0 0 0 0 0 0 0 0 0 0 0 0 0 0 0 0 0 0 0 0 0 0 0 0 0 0 0 0 0 0 0 0 0 0 0 0 6 6 6 0 0 0 0 0 0 0 0 0 0 0 0 0 0}
04-26 12:19:31.871 D/NetdConnector( 1386): RCV <- {661 ReportType 0 0 0 0 0 0 0 0 0 0 0 0 0 0 0 0 0 0 0 0 0 0 0 0 0 0 0 0 0 0 0 0 0 0 0 0 0 0 0 0 0 0 0 0 0 0 0 0 0 0 0 0 0 0 0 0 0 0 0 0 0 0 0 0 0 0 0 0 0 0 0 0 0 0 0 0 0 0 0 0 0 0 0 0 0 0 0 0 0 0 0 0 0 0 0 0 0 0 0 0 0 0 0 0 0 0 0 0 0 0 0 0 0 0 0 0 0 0 0 0 0 0 0 0 0 0 0 0 0 0 0 0 0 0 0 0 0 0 0 0 0 0 0 0 0 0 0 0 0 0 0 0 0 0 0 0 0 0 0 0 0 0 0 0 0 0 0 0 0 0 0 0 0 0 0 0 0 0 0 0 0 0 0 0 0 0 0 0 0 0 0 0 0 0 0 0 0 0 0 0 0 0 0 0 0 0 0 0 0 0 0 0 0 0 0 0 0 0 0 0 0 0 0 0 0 0 0 0 0 ReportType 0 6 0 0 0 0 0 1 0 0 0 0 0 0 1 0 0 0 0 0 0 0 0 0 0 0 0 0 0 0 0 0 0 0 0 0 0 0 0 0 0 0 0 0 0 0 0 0 0 0 0 0 0 0 0 0 0 0 0 0 0 0 0 0 0 0 0 0 0 0 0 0 0 0 0 0 0 0 0 0 0 0 0 0 0 0 0 0 0 0 0 0 0 0 0 0 0 0 0 0 0 0 0 0 0 0 0 0 0 0 0 0 0 0 0 0 0 0 0 0 0 0 0 0 0 0 0 0 0 0 0 0 0 0 0 0 0 0 0 0 0 0 0 0 0 0 0 0 0 0 0 0 0 0 0 0 0 0 0 0 0 0 0 0 0 0 0 0 0 0 0 0 0 0 0 0 0 0 0 0 0 0 0 0 0 0 0 0 0 0 0 0 0 0 0 0 0 0 0 0 0 0 0 0 0 0 0 0 0 0 0 0 6 6 6 0 0 0 0 0 0 0 0 0 0 0 0 0 0}
04-26 12:19:31.874 D/NetdConnector( 1386): RCV unsolicited event from native daemon, event = 661
04-26 12:19:31.886 D/HwNetworkManagementService( 1386): onEvent receive Web Stat Report:661 ReportType 0 0 0 0 0 0 0 0 0 0 0 0 0 0 0 0 0 0 0 0 0 0 0 0 0 0 0 0 0 0 0 0 0 0 0 0 0 0 0 0 0 0 0 0 0 0 0 0 0 0 0 0 0 0 0 0 0 0 0 0 0 0 0 0 0 0 0 0 0 0 0 0 0 0 0 0 0 0 0 0 0 0 0 0 0 0 0 0 0 0 0 0 0 0 0 0 0 0 0 0 0 0 0 0 0 0 0 0 0 0 0 0 0 0 0 0 0 0 0 0 0 0 0 0 0 0 0 0 0 0 0 0 0 0 0 0 0 0 0 0 0 0 0 0 0 0 0 0 0 0 0 0 0 0 0 0 0 0 0 0 0 0 0 0 0 0 0 0 0 0 0 0 0 0 0 0 0 0 0 0 0 0 0 0 0 0 0 0 0 0 0 0 0 0 0 0 0 0 0 0 0 0 0 0 0 0 0 0 0 0 0 0 0 0 0 0 0 0 0 0 0 0 0 0 0 0 0 0 0 ReportType 0 6 0 0 0 0 0 1 0 0 0 0 0 0 1 0 0 0 0 0 0 0 0 0 0 0 0 0 0 0 0 0 0 0 0 0 0 0 0 0 0 0 0 0 0 0 0 0 0 0 0 0 0 0 0 0 0 0 0 0 0 0 0 0 0 0 0 0 0 0 0 0 0 0 0 0 0 0 0 0 0 0 0 0 0 0 0 0 0 0 0 0 0 0 0 0 0 0 0 0 0 0 0 0 0 0 0 0 0 0 0 0 0 0 0 0 0 0 0 0 0 0 0 0 0 0 0 0 0 0 0 0 0 0 0 0 0 0 0 0 0 0 0 0 0 0 0 0 0 0 0 0 0 0 0 0 0 0 0 0 0 0 0 0 0 0 0 0 0 0 0 0 0 0 0 0 0 0 0 0 0 0 0 0 0 0 0 0 0 0 0 0 0 0 0 0 0 0 0 0 0 0 0 0 0 0 0 0 0 0 0 0 6 6 6 0 0 0 0 0 0 0 0 0 0 0 0 0 0
04-26 12:19:34.101 I/storaged(  692): storaged_t::event: storage_info refreshed.
04-26 12:19:35.117 W/Watchdog( 1386): hungtask: writing kick
04-26 12:19:38.572 D/WifiService( 1386): startScan, pid:23322, uid:10458, appName:com.che.truckhome.speed
04-26 12:19:38.580 D/HwWifiService( 1386): Get wifiScanStrategy from iAware, WifiScanStrategy = [mCycle=0, mTimeStamp=1649947304]
04-26 12:19:39.464 V/BroadcastQueue( 1386): Finished with ordered broadcast BroadcastRecord{42d4007 u0 com.tencent.mm.plugin.report.service.KVCommCrossProcessReceiver}
04-26 12:19:46.593 D/WifiService( 1386): startScan, pid:23322, uid:10458, appName:com.che.truckhome.speed
04-26 12:19:46.601 D/HwWifiService( 1386): Get wifiScanStrategy from iAware, WifiScanStrategy = [mCycle=0, mTimeStamp=1649947304]
04-26 12:19:46.894 I/ActivityManager( 1386): Need to start process com.huawei.hwid.container3 for provider ContentProviderInfo{name=com.huawei.hms.runtimekit.kitcontainerservice.KitProcessAgent3Provider className=com.huawei.hms.runtimekit.kitcontainerservice.KitProcessAgent3Provider}, callerApp: ProcessRecord{4165f18 10245:com.huawei.hwid.core/u0a58}
04-26 12:19:46.895 V/ActivityManager( 1386): startProcess: name=com.huawei.hwid.container3 app=null knownToBeDead=false thread=null pid=-1
04-26 12:19:46.898 V/ActivityManager_MU( 1386): Waiting to start provider ContentProviderRecord{55d8f5d u0 com.huawei.hwid/com.huawei.hms.runtimekit.kitcontainerservice.KitProcessAgent3Provider} launchingApp=ProcessRecord{d309534 0:com.huawei.hwid.container3/u0a58} caller pid= 10245
04-26 12:19:46.927 I/ActivityManager( 1386): Start proc 26557:com.huawei.hwid.container3/u0a58 for content provider com.huawei.hwid/com.huawei.hms.runtimekit.kitcontainerservice.KitProcessAgent3Provider
04-26 12:19:46.928 E/ProcessInfoCollector( 1386): getProcessInfo: failed to find this proc 
04-26 12:19:46.959 D/ActivityThread(26557): Attach thread to application
04-26 12:19:47.245 V/ActivityManager( 1386): Successfully start provider ContentProviderRecord{55d8f5d u0 com.huawei.hwid/com.huawei.hms.runtimekit.kitcontainerservice.KitProcessAgent3Provider} launchingApp=ProcessRecord{d309534 26557:com.huawei.hwid.container3/u0a58} caller pid= 10245
04-26 12:19:48.747 I/NetworkStats( 1386): openSessionForUsageStats, pid = 1876, pkg = com.huawei.hiview
04-26 12:19:48.747 I/NetworkStats( 1386): openSessionInternal,pid = 1876
04-26 12:19:48.749 I/NetworkStats( 1386): performPollLocked, pid = 1386
04-26 12:19:48.788 W/NetworkStatsFactory( 1386): mStatsXtProcUid: /proc/net/comm/stats does not exist!
04-26 12:19:48.789 D/HwNetworkStatsService( 1386): hwRecordUidAndProcSnapshotLocked currentTime = 1619410785361
04-26 12:19:48.822 I/NetworkStatsFactory( 1386): javaReadNetworkStatsUidAndProcDetail. cost time = 33
04-26 12:19:48.828 D/HwNetworkStatsService( 1386): hwMaybeUidAndProcPersistLocked currentTime = 1619410785361
04-26 12:19:48.844 I/NetworkStats( 1386): openSessionForUsageStats, pid = 1876, pkg = com.huawei.hiview
04-26 12:19:48.844 I/NetworkStats( 1386): openSessionInternal,pid = 1876
04-26 12:19:48.845 I/NetworkStats( 1386): performPollLocked, pid = 1386
04-26 12:19:48.863 W/NetworkStatsFactory( 1386): mStatsXtProcUid: /proc/net/comm/stats does not exist!
04-26 12:19:48.864 D/HwNetworkStatsService( 1386): hwRecordUidAndProcSnapshotLocked currentTime = 1619410785457
04-26 12:19:48.879 I/NetworkStatsFactory( 1386): javaReadNetworkStatsUidAndProcDetail. cost time = 15
04-26 12:19:48.884 D/HwNetworkStatsService( 1386): hwMaybeUidAndProcPersistLocked currentTime = 1619410785457
04-26 12:19:50.171 D/HwBatteryService( 1386): onUEvent fcpStatus = 0,scpStatus =0,ovpStatus=0
04-26 12:19:50.173 I/HwBatteryService( 1386): quick charge status : 0
04-26 12:19:50.174 I/HwBatteryService( 1386): handleWirelessTxStatus
04-26 12:19:50.174 I/HwBatteryService( 1386): switch not open, return, mWirelessTxFlag : 0
04-26 12:19:50.175 I/UsbDeviceManager( 1386): water_intrused state= 0
04-26 12:19:50.188 I/BatteryService( 1386): normal charge status : 1
04-26 12:19:54.615 D/WifiService( 1386): startScan, pid:23322, uid:10458, appName:com.che.truckhome.speed
04-26 12:19:54.623 D/HwWifiService( 1386): Get wifiScanStrategy from iAware, WifiScanStrategy = [mCycle=0, mTimeStamp=1649947304]
04-26 12:20:00.006 V/AlarmManager( 1386): Received TIME_TICK alarm; rescheduling
04-26 12:20:00.008 I/HwAlarmManagerService( 1386): hwSetAlarm listenerTag: time_tick
04-26 12:20:00.146 V/BroadcastQueue( 1386): Finished with ordered broadcast BroadcastRecord{453682a u-1 android.intent.action.TIME_TICK}
04-26 12:20:00.258 W/HwAlarmManagerService( 1386): isContainsAppUidInWorksource-->happend NameNotFoundException
04-26 12:20:00.258 W/HwAlarmManagerService( 1386): isContainsAppUidInWorksource-->happend NameNotFoundException
04-26 12:20:00.261 I/HwAlarmManagerService( 1386): hwSetAlarm listenerTag: *job.delay*
04-26 12:20:00.262 I/JobScheduler.Time( 1386): mNextDelayExpiredElapsedMillis: 1651861084
04-26 12:20:00.262 W/HwAlarmManagerService( 1386): isContainsAppUidInWorksource-->happend NameNotFoundException
04-26 12:20:00.263 W/HwAlarmManagerService( 1386): isContainsAppUidInWorksource-->happend NameNotFoundException
04-26 12:20:00.266 I/HwAlarmManagerService( 1386): hwSetAlarm listenerTag: *job.deadline*
04-26 12:20:00.266 I/JobScheduler.Time( 1386): mNextJobExpiredElapsedMillis: 1651884920
04-26 12:20:02.637 D/WifiService( 1386): startScan, pid:23322, uid:10458, appName:com.che.truckhome.speed
04-26 12:20:02.644 D/HwWifiService( 1386): Get wifiScanStrategy from iAware, WifiScanStrategy = [mCycle=0, mTimeStamp=1649947304]
04-26 12:20:02.837 W/SocketListener(  560): sending broadcast to Pid = 1386, Uid = 1000 
04-26 12:20:02.841 D/NetdConnector( 1386): RCV <- {661 ReportType 0 0 0 0 0 0 0 0 0 0 0 0 0 0 0 0 0 0 0 0 0 0 0 0 0 0 0 0 0 0 0 0 0 0 0 0 0 0 0 0 0 0 0 0 0 0 0 0 0 0 0 0 0 0 0 0 0 0 0 0 0 0 0 0 0 0 0 0 0 0 0 0 0 0 0 0 0 0 0 0 0 0 0 0 0 0 0 0 0 0 0 0 0 0 0 0 0 0 0 0 0 0 0 0 0 0 0 0 0 0 0 0 0 0 0 0 0 0 0 0 0 0 0 0 0 0 0 0 0 0 0 0 0 0 0 0 0 0 0 0 0 0 0 0 0 0 0 0 0 0 0 0 0 0 0 0 0 0 0 0 0 0 0 0 0 0 0 0 0 0 0 0 0 0 0 0 0 0 0 0 0 0 0 0 0 0 0 0 0 0 0 0 0 0 0 0 0 0 0 0 0 0 0 0 0 0 0 0 0 0 0 0 0 0 0 0 0 0 0 0 0 0 0 0 0 0 0 0 0 ReportType 0 17 0 0 0 0 0 2 0 0 0 0 0 0 2 0 0 0 0 0 0 0 0 0 0 0 0 0 0 0 0 0 0 0 0 0 0 0 0 0 0 0 0 0 0 0 0 0 0 0 0 0 0 0 0 0 0 0 0 0 0 0 0 0 0 0 0 0 0 0 0 0 0 0 0 0 0 0 0 0 0 0 0 0 0 0 0 0 0 0 0 0 0 0 0 0 0 0 0 0 0 0 0 0 0 0 0 0 0 0 0 0 0 0 0 0 0 0 0 0 0 0 0 0 0 0 0 0 0 0 0 0 0 0 0 0 0 0 0 0 0 0 0 0 0 0 0 0 0 0 0 0 0 0 0 0 0 0 0 0 0 0 0 0 0 0 0 0 0 0 0 0 0 0 0 0 0 0 0 0 0 0 0 0 0 0 0 0 0 0 0 0 0 0 0 0 0 0 0 0 0 0 0 0 0 0 0 0 0 0 0 0 9 8 8 0 0 0 0 0 0 0 0 0 0 0 0 0 0}
04-26 12:20:02.845 D/NetdConnector( 1386): RCV <- {661 ReportType 0 0 0 0 0 0 0 0 0 0 0 0 0 0 0 0 0 0 0 0 0 0 0 0 0 0 0 0 0 0 0 0 0 0 0 0 0 0 0 0 0 0 0 0 0 0 0 0 0 0 0 0 0 0 0 0 0 0 0 0 0 0 0 0 0 0 0 0 0 0 0 0 0 0 0 0 0 0 0 0 0 0 0 0 0 0 0 0 0 0 0 0 0 0 0 0 0 0 0 0 0 0 0 0 0 0 0 0 0 0 0 0 0 0 0 0 0 0 0 0 0 0 0 0 0 0 0 0 0 0 0 0 0 0 0 0 0 0 0 0 0 0 0 0 0 0 0 0 0 0 0 0 0 0 0 0 0 0 0 0 0 0 0 0 0 0 0 0 0 0 0 0 0 0 0 0 0 0 0 0 0 0 0 0 0 0 0 0 0 0 0 0 0 0 0 0 0 0 0 0 0 0 0 0 0 0 0 0 0 0 0 0 0 0 0 0 0 0 0 0 0 0 0 0 0 0 0 0 0 ReportType 0 17 0 0 0 0 0 2 0 0 0 0 0 0 2 0 0 0 0 0 0 0 0 0 0 0 0 0 0 0 0 0 0 0 0 0 0 0 0 0 0 0 0 0 0 0 0 0 0 0 0 0 0 0 0 0 0 0 0 0 0 0 0 0 0 0 0 0 0 0 0 0 0 0 0 0 0 0 0 0 0 0 0 0 0 0 0 0 0 0 0 0 0 0 0 0 0 0 0 0 0 0 0 0 0 0 0 0 0 0 0 0 0 0 0 0 0 0 0 0 0 0 0 0 0 0 0 0 0 0 0 0 0 0 0 0 0 0 0 0 0 0 0 0 0 0 0 0 0 0 0 0 0 0 0 0 0 0 0 0 0 0 0 0 0 0 0 0 0 0 0 0 0 0 0 0 0 0 0 0 0 0 0 0 0 0 0 0 0 0 0 0 0 0 0 0 0 0 0 0 0 0 0 0 0 0 0 0 0 0 0 0 9 8 8 0 0 0 0 0 0 0 0 0 0 0 0 0 0}
04-26 12:20:02.847 D/NetdConnector( 1386): RCV unsolicited event from native daemon, event = 661
04-26 12:20:02.859 D/HwNetworkManagementService( 1386): onEvent receive Web Stat Report:661 ReportType 0 0 0 0 0 0 0 0 0 0 0 0 0 0 0 0 0 0 0 0 0 0 0 0 0 0 0 0 0 0 0 0 0 0 0 0 0 0 0 0 0 0 0 0 0 0 0 0 0 0 0 0 0 0 0 0 0 0 0 0 0 0 0 0 0 0 0 0 0 0 0 0 0 0 0 0 0 0 0 0 0 0 0 0 0 0 0 0 0 0 0 0 0 0 0 0 0 0 0 0 0 0 0 0 0 0 0 0 0 0 0 0 0 0 0 0 0 0 0 0 0 0 0 0 0 0 0 0 0 0 0 0 0 0 0 0 0 0 0 0 0 0 0 0 0 0 0 0 0 0 0 0 0 0 0 0 0 0 0 0 0 0 0 0 0 0 0 0 0 0 0 0 0 0 0 0 0 0 0 0 0 0 0 0 0 0 0 0 0 0 0 0 0 0 0 0 0 0 0 0 0 0 0 0 0 0 0 0 0 0 0 0 0 0 0 0 0 0 0 0 0 0 0 0 0 0 0 0 0 ReportType 0 17 0 0 0 0 0 2 0 0 0 0 0 0 2 0 0 0 0 0 0 0 0 0 0 0 0 0 0 0 0 0 0 0 0 0 0 0 0 0 0 0 0 0 0 0 0 0 0 0 0 0 0 0 0 0 0 0 0 0 0 0 0 0 0 0 0 0 0 0 0 0 0 0 0 0 0 0 0 0 0 0 0 0 0 0 0 0 0 0 0 0 0 0 0 0 0 0 0 0 0 0 0 0 0 0 0 0 0 0 0 0 0 0 0 0 0 0 0 0 0 0 0 0 0 0 0 0 0 0 0 0 0 0 0 0 0 0 0 0 0 0 0 0 0 0 0 0 0 0 0 0 0 0 0 0 0 0 0 0 0 0 0 0 0 0 0 0 0 0 0 0 0 0 0 0 0 0 0 0 0 0 0 0 0 0 0 0 0 0 0 0 0 0 0 0 0 0 0 0 0 0 0 0 0 0 0 0 0 0 0 0 9 8 8 0 0 0 0 0 0 0 0 0 0 0 0 0 0
04-26 12:20:04.389 V/BroadcastQueue( 1386): Finished with ordered broadcast BroadcastRecord{d97dcf6 u0 null}
04-26 12:20:05.120 W/Watchdog( 1386): hungtask: writing kick
04-26 12:20:10.657 D/WifiService( 1386): startScan, pid:23322, uid:10458, appName:com.che.truckhome.speed
04-26 12:20:10.665 D/HwWifiService( 1386): Get wifiScanStrategy from iAware, WifiScanStrategy = [mCycle=0, mTimeStamp=1649947304]
04-26 12:20:13.171 D/WifiService( 1386): startScan, pid:23639, uid:10458, appName:com.che.truckhome.speed
04-26 12:20:13.183 D/HwWifiService( 1386): Get wifiScanStrategy from iAware, WifiScanStrategy = [mCycle=0, mTimeStamp=1649947304]
04-26 12:20:18.679 D/WifiService( 1386): startScan, pid:23322, uid:10458, appName:com.che.truckhome.speed
04-26 12:20:18.688 D/HwWifiService( 1386): Get wifiScanStrategy from iAware, WifiScanStrategy = [mCycle=0, mTimeStamp=1649947304]
04-26 12:20:20.905 D/HwBatteryService( 1386): onUEvent fcpStatus = 0,scpStatus =0,ovpStatus=0
04-26 12:20:20.906 I/HwBatteryService( 1386): quick charge status : 0
04-26 12:20:20.907 I/HwBatteryService( 1386): handleWirelessTxStatus
04-26 12:20:20.907 I/HwBatteryService( 1386): switch not open, return, mWirelessTxFlag : 0
04-26 12:20:20.908 I/UsbDeviceManager( 1386): water_intrused state= 0
04-26 12:20:22.235 I/NetworkStats( 1386): openSessionForUsageStats, pid = 1876, pkg = com.huawei.hiview
04-26 12:20:22.235 I/NetworkStats( 1386): openSessionInternal,pid = 1876
04-26 12:20:22.236 I/NetworkStats( 1386): performPollLocked, pid = 1386
04-26 12:20:22.299 W/NetworkStatsFactory( 1386): mStatsXtProcUid: /proc/net/comm/stats does not exist!
04-26 12:20:22.299 D/HwNetworkStatsService( 1386): hwRecordUidAndProcSnapshotLocked currentTime = 1619410818849
04-26 12:20:22.322 I/NetworkStatsFactory( 1386): javaReadNetworkStatsUidAndProcDetail. cost time = 23
04-26 12:20:22.328 D/HwNetworkStatsService( 1386): hwMaybeUidAndProcPersistLocked currentTime = 1619410818849
04-26 12:20:25.251 I/NetworkStats( 1386): openSessionForUsageStats, pid = 1876, pkg = com.huawei.hiview
04-26 12:20:25.251 I/NetworkStats( 1386): openSessionInternal,pid = 1876
04-26 12:20:25.253 I/NetworkStats( 1386): performPollLocked, pid = 1386
04-26 12:20:25.276 W/NetworkStatsFactory( 1386): mStatsXtProcUid: /proc/net/comm/stats does not exist!
04-26 12:20:25.277 D/HwNetworkStatsService( 1386): hwRecordUidAndProcSnapshotLocked currentTime = 1619410821865
04-26 12:20:25.298 I/NetworkStatsFactory( 1386): javaReadNetworkStatsUidAndProcDetail. cost time = 20
04-26 12:20:25.303 D/HwNetworkStatsService( 1386): hwMaybeUidAndProcPersistLocked currentTime = 1619410821865
04-26 12:20:26.702 D/WifiService( 1386): startScan, pid:23322, uid:10458, appName:com.che.truckhome.speed
04-26 12:20:26.710 D/HwWifiService( 1386): Get wifiScanStrategy from iAware, WifiScanStrategy = [mCycle=0, mTimeStamp=1649947304]
04-26 12:20:33.045 W/SocketListener(  560): sending broadcast to Pid = 1386, Uid = 1000 
04-26 12:20:33.051 D/NetdConnector( 1386): RCV <- {661 ReportType 0 0 0 0 0 0 0 0 0 0 0 0 0 0 0 0 0 0 0 0 0 0 0 0 0 0 0 0 0 0 0 0 0 0 0 0 0 0 0 0 0 0 0 0 0 0 0 0 0 0 0 0 0 0 0 0 0 0 0 0 0 0 0 0 0 0 0 0 0 0 0 0 0 0 0 0 0 0 0 0 0 0 0 0 0 0 0 0 0 0 0 0 0 0 0 0 0 0 0 0 0 0 0 0 0 0 0 0 0 0 0 0 0 0 0 0 0 0 0 0 0 0 0 0 0 0 0 0 0 0 0 0 0 0 0 0 0 0 0 0 0 0 0 0 0 0 0 0 0 0 0 0 0 0 0 0 0 0 0 0 0 0 0 0 0 0 0 0 0 0 0 0 0 0 0 0 0 0 0 0 0 0 0 0 0 0 0 0 0 0 0 0 0 0 0 0 0 0 0 0 0 0 0 0 0 0 0 0 0 0 0 0 0 0 0 0 0 0 0 0 0 0 0 0 0 0 0 0 0 ReportType 0 6 0 0 0 0 0 1 0 0 0 0 0 0 1 0 0 0 0 0 0 0 0 0 0 0 0 0 0 0 0 0 0 0 0 0 0 0 0 0 0 0 0 0 0 0 0 0 0 0 0 0 0 0 0 0 0 0 0 0 0 0 0 0 0 0 0 0 0 0 0 0 0 0 0 0 0 0 0 0 0 0 0 0 0 0 0 0 0 0 0 0 0 0 0 0 0 0 0 0 0 0 0 0 0 0 0 0 0 0 0 0 0 0 0 0 0 0 0 0 0 0 0 0 0 0 0 0 0 0 0 0 0 0 0 0 0 0 0 0 0 0 0 0 0 0 0 0 0 0 0 0 0 0 0 0 0 0 0 0 0 0 0 0 0 0 0 0 0 0 0 0 0 0 0 0 0 0 0 0 0 0 0 0 0 0 0 0 0 0 0 0 0 0 0 0 0 0 0 0 0 0 0 0 0 0 0 0 0 0 0 0 6 6 6 0 0 0 0 0 0 0 0 0 0 0 0 0 0}
04-26 12:20:33.055 D/NetdConnector( 1386): RCV <- {661 ReportType 0 0 0 0 0 0 0 0 0 0 0 0 0 0 0 0 0 0 0 0 0 0 0 0 0 0 0 0 0 0 0 0 0 0 0 0 0 0 0 0 0 0 0 0 0 0 0 0 0 0 0 0 0 0 0 0 0 0 0 0 0 0 0 0 0 0 0 0 0 0 0 0 0 0 0 0 0 0 0 0 0 0 0 0 0 0 0 0 0 0 0 0 0 0 0 0 0 0 0 0 0 0 0 0 0 0 0 0 0 0 0 0 0 0 0 0 0 0 0 0 0 0 0 0 0 0 0 0 0 0 0 0 0 0 0 0 0 0 0 0 0 0 0 0 0 0 0 0 0 0 0 0 0 0 0 0 0 0 0 0 0 0 0 0 0 0 0 0 0 0 0 0 0 0 0 0 0 0 0 0 0 0 0 0 0 0 0 0 0 0 0 0 0 0 0 0 0 0 0 0 0 0 0 0 0 0 0 0 0 0 0 0 0 0 0 0 0 0 0 0 0 0 0 0 0 0 0 0 0 ReportType 0 6 0 0 0 0 0 1 0 0 0 0 0 0 1 0 0 0 0 0 0 0 0 0 0 0 0 0 0 0 0 0 0 0 0 0 0 0 0 0 0 0 0 0 0 0 0 0 0 0 0 0 0 0 0 0 0 0 0 0 0 0 0 0 0 0 0 0 0 0 0 0 0 0 0 0 0 0 0 0 0 0 0 0 0 0 0 0 0 0 0 0 0 0 0 0 0 0 0 0 0 0 0 0 0 0 0 0 0 0 0 0 0 0 0 0 0 0 0 0 0 0 0 0 0 0 0 0 0 0 0 0 0 0 0 0 0 0 0 0 0 0 0 0 0 0 0 0 0 0 0 0 0 0 0 0 0 0 0 0 0 0 0 0 0 0 0 0 0 0 0 0 0 0 0 0 0 0 0 0 0 0 0 0 0 0 0 0 0 0 0 0 0 0 0 0 0 0 0 0 0 0 0 0 0 0 0 0 0 0 0 0 6 6 6 0 0 0 0 0 0 0 0 0 0 0 0 0 0}
04-26 12:20:33.058 D/NetdConnector( 1386): RCV unsolicited event from native daemon, event = 661
04-26 12:20:33.069 D/HwNetworkManagementService( 1386): onEvent receive Web Stat Report:661 ReportType 0 0 0 0 0 0 0 0 0 0 0 0 0 0 0 0 0 0 0 0 0 0 0 0 0 0 0 0 0 0 0 0 0 0 0 0 0 0 0 0 0 0 0 0 0 0 0 0 0 0 0 0 0 0 0 0 0 0 0 0 0 0 0 0 0 0 0 0 0 0 0 0 0 0 0 0 0 0 0 0 0 0 0 0 0 0 0 0 0 0 0 0 0 0 0 0 0 0 0 0 0 0 0 0 0 0 0 0 0 0 0 0 0 0 0 0 0 0 0 0 0 0 0 0 0 0 0 0 0 0 0 0 0 0 0 0 0 0 0 0 0 0 0 0 0 0 0 0 0 0 0 0 0 0 0 0 0 0 0 0 0 0 0 0 0 0 0 0 0 0 0 0 0 0 0 0 0 0 0 0 0 0 0 0 0 0 0 0 0 0 0 0 0 0 0 0 0 0 0 0 0 0 0 0 0 0 0 0 0 0 0 0 0 0 0 0 0 0 0 0 0 0 0 0 0 0 0 0 0 ReportType 0 6 0 0 0 0 0 1 0 0 0 0 0 0 1 0 0 0 0 0 0 0 0 0 0 0 0 0 0 0 0 0 0 0 0 0 0 0 0 0 0 0 0 0 0 0 0 0 0 0 0 0 0 0 0 0 0 0 0 0 0 0 0 0 0 0 0 0 0 0 0 0 0 0 0 0 0 0 0 0 0 0 0 0 0 0 0 0 0 0 0 0 0 0 0 0 0 0 0 0 0 0 0 0 0 0 0 0 0 0 0 0 0 0 0 0 0 0 0 0 0 0 0 0 0 0 0 0 0 0 0 0 0 0 0 0 0 0 0 0 0 0 0 0 0 0 0 0 0 0 0 0 0 0 0 0 0 0 0 0 0 0 0 0 0 0 0 0 0 0 0 0 0 0 0 0 0 0 0 0 0 0 0 0 0 0 0 0 0 0 0 0 0 0 0 0 0 0 0 0 0 0 0 0 0 0 0 0 0 0 0 0 6 6 6 0 0 0 0 0 0 0 0 0 0 0 0 0 0
04-26 12:20:34.102 I/storaged(  692): storaged_t::event: storage_info refreshed.
04-26 12:20:34.722 D/WifiService( 1386): startScan, pid:23322, uid:10458, appName:com.che.truckhome.speed
04-26 12:20:34.731 D/HwWifiService( 1386): Get wifiScanStrategy from iAware, WifiScanStrategy = [mCycle=0, mTimeStamp=1649947304]
04-26 12:20:35.124 W/Watchdog( 1386): hungtask: writing kick
04-26 12:20:42.744 D/WifiService( 1386): startScan, pid:23322, uid:10458, appName:com.che.truckhome.speed
04-26 12:20:42.752 D/HwWifiService( 1386): Get wifiScanStrategy from iAware, WifiScanStrategy = [mCycle=0, mTimeStamp=1649947304]
04-26 12:20:50.765 D/WifiService( 1386): startScan, pid:23322, uid:10458, appName:com.che.truckhome.speed
04-26 12:20:50.773 D/HwWifiService( 1386): Get wifiScanStrategy from iAware, WifiScanStrategy = [mCycle=0, mTimeStamp=1649947304]
04-26 12:20:51.624 D/HwBatteryService( 1386): onUEvent fcpStatus = 0,scpStatus =0,ovpStatus=0
04-26 12:20:51.626 I/HwBatteryService( 1386): quick charge status : 0
04-26 12:20:51.626 I/HwBatteryService( 1386): handleWirelessTxStatus
04-26 12:20:51.626 I/HwBatteryService( 1386): switch not open, return, mWirelessTxFlag : 0
04-26 12:20:51.627 I/UsbDeviceManager( 1386): water_intrused state= 0
04-26 12:20:58.785 D/WifiService( 1386): startScan, pid:23322, uid:10458, appName:com.che.truckhome.speed
04-26 12:20:58.793 D/HwWifiService( 1386): Get wifiScanStrategy from iAware, WifiScanStrategy = [mCycle=0, mTimeStamp=1649947304]
04-26 12:21:00.010 V/AlarmManager( 1386): Received TIME_TICK alarm; rescheduling
04-26 12:21:00.011 I/HwAlarmManagerService( 1386): hwSetAlarm listenerTag: time_tick
